../Middlewares/Third_Party/EdgeImpulse_POC-APPSC_MachineLearning/edgeimpulse/edge-impulse-sdk/tensorflow/lite/micro/kernels/add.cpp:193:7:void* tflite::ops::micro::add::Init(TfLiteContext*, const char*, size_t)	8	static
../Middlewares/Third_Party/EdgeImpulse_POC-APPSC_MachineLearning/edgeimpulse/edge-impulse-sdk/tensorflow/lite/kernels/internal/types.h:202:3:tflite::RuntimeShape::~RuntimeShape()	8	static
../Middlewares/Third_Party/EdgeImpulse_POC-APPSC_MachineLearning/edgeimpulse/edge-impulse-sdk/tensorflow/lite/kernels/internal/types.h:213:18:int32_t tflite::RuntimeShape::Dims(int) const	8	static
../Middlewares/Third_Party/EdgeImpulse_POC-APPSC_MachineLearning/edgeimpulse/edge-impulse-sdk/tensorflow/lite/kernels/internal/types.h:218:15:void tflite::RuntimeShape::SetDim(int, int32_t)	8	static
../Middlewares/Third_Party/EdgeImpulse_POC-APPSC_MachineLearning/edgeimpulse/edge-impulse-sdk/tensorflow/lite/kernels/internal/types.h:289:14:int tflite::RuntimeShape::FlatSize() const	8	static
../Middlewares/Third_Party/EdgeImpulse_POC-APPSC_MachineLearning/edgeimpulse/edge-impulse-sdk/tensorflow/lite/kernels/internal/types.h:304:3:tflite::RuntimeShape::RuntimeShape(int, const tflite::RuntimeShape&, int)	24	static
../Middlewares/Third_Party/EdgeImpulse_POC-APPSC_MachineLearning/edgeimpulse/edge-impulse-sdk/tensorflow/lite/kernels/internal/types.h:403:12:int tflite::Offset(const tflite::RuntimeShape&, int, int, int, int)	16	static
../Middlewares/Third_Party/EdgeImpulse_POC-APPSC_MachineLearning/edgeimpulse/edge-impulse-sdk/tensorflow/lite/kernels/internal/types.h:506:12:int tflite::MatchingElementsSize(const tflite::RuntimeShape&, const tflite::RuntimeShape&, const tflite::RuntimeShape&)	16	static
../Middlewares/Third_Party/EdgeImpulse_POC-APPSC_MachineLearning/edgeimpulse/edge-impulse-sdk/tensorflow/lite/kernels/internal/common.h:141:16:int32_t tflite::MultiplyByQuantizedMultiplierSmallerThanOneExp(int32_t, int32_t, int)	8	static
../Middlewares/Third_Party/EdgeImpulse_POC-APPSC_MachineLearning/edgeimpulse/edge-impulse-sdk/tensorflow/lite/kernels/internal/common.h:725:12:int tflite::SubscriptToIndex(const tflite::NdArrayDesc<4>&, int, int, int, int)	16	static
../Middlewares/Third_Party/EdgeImpulse_POC-APPSC_MachineLearning/edgeimpulse/edge-impulse-sdk/tensorflow/lite/kernels/internal/reference/add.h:124:13:void tflite::reference_ops::Add(const tflite::ArithmeticParams&, const tflite::RuntimeShape&, const uint8_t*, const tflite::RuntimeShape&, const uint8_t*, const tflite::RuntimeShape&, uint8_t*)	40	static
../Middlewares/Third_Party/EdgeImpulse_POC-APPSC_MachineLearning/edgeimpulse/edge-impulse-sdk/tensorflow/lite/kernels/internal/reference/process_broadcast_shapes.h:38:13:bool tflite::reference_ops::ProcessBroadcastShapes(const tflite::RuntimeShape&, const tflite::RuntimeShape&, tflite::ArithmeticParams*)	96	static
../Middlewares/Third_Party/EdgeImpulse_POC-APPSC_MachineLearning/edgeimpulse/edge-impulse-sdk/tensorflow/lite/micro/kernels/kernel_util.h:31:26:TfLiteEvalTensor* tflite::micro::GetMutableEvalInput(const TfLiteContext*, const TfLiteNode*, int)	8	static
../Middlewares/Third_Party/EdgeImpulse_POC-APPSC_MachineLearning/edgeimpulse/edge-impulse-sdk/tensorflow/lite/micro/kernels/add.cpp:68:14:TfLiteStatus tflite::ops::micro::add::CalculateOpData(TfLiteContext*, TfLiteAddParams*, const TfLiteTensor*, const TfLiteTensor*, TfLiteTensor*, tflite::ops::micro::add::OpData*)	64	static
../Middlewares/Third_Party/EdgeImpulse_POC-APPSC_MachineLearning/edgeimpulse/edge-impulse-sdk/tensorflow/lite/micro/kernels/add.cpp:198:14:TfLiteStatus tflite::ops::micro::add::Prepare(TfLiteContext*, TfLiteNode*)	32	static
../Middlewares/Third_Party/EdgeImpulse_POC-APPSC_MachineLearning/edgeimpulse/edge-impulse-sdk/tensorflow/lite/micro/kernels/add.cpp:247:20:TfLiteRegistration tflite::ops::micro::Register_ADD()	16	static
../Middlewares/Third_Party/EdgeImpulse_POC-APPSC_MachineLearning/edgeimpulse/edge-impulse-sdk/tensorflow/lite/kernels/internal/common.h:807:13:void tflite::CopyDimsToDesc(const tflite::RuntimeShape&, tflite::NdArrayDesc<N>*) [with int N = 4]	24	static
../Middlewares/Third_Party/EdgeImpulse_POC-APPSC_MachineLearning/edgeimpulse/edge-impulse-sdk/tensorflow/lite/kernels/internal/common.h:818:13:void tflite::NdArrayDescsForElementwiseBroadcast(const tflite::RuntimeShape&, const tflite::RuntimeShape&, tflite::NdArrayDesc<N>*, tflite::NdArrayDesc<N>*) [with int N = 4]	80	static
../Middlewares/Third_Party/EdgeImpulse_POC-APPSC_MachineLearning/edgeimpulse/edge-impulse-sdk/tensorflow/lite/kernels/internal/reference/add.h:205:13:void tflite::reference_ops::BroadcastAdd4DSlow(const tflite::ArithmeticParams&, const tflite::RuntimeShape&, const float*, const tflite::RuntimeShape&, const float*, const tflite::RuntimeShape&, float*)	152	static
../Middlewares/Third_Party/EdgeImpulse_POC-APPSC_MachineLearning/edgeimpulse/edge-impulse-sdk/tensorflow/lite/micro/kernels/add.cpp:112:6:void tflite::ops::micro::add::EvalAdd(TfLiteContext*, TfLiteNode*, TfLiteAddParams*, const tflite::ops::micro::add::OpData*, const TfLiteEvalTensor*, const TfLiteEvalTensor*, TfLiteEvalTensor*)	264	static
../Middlewares/Third_Party/EdgeImpulse_POC-APPSC_MachineLearning/edgeimpulse/edge-impulse-sdk/tensorflow/lite/kernels/internal/reference/add.h:290:13:void tflite::reference_ops::BroadcastAdd4DSlow(const tflite::ArithmeticParams&, const tflite::RuntimeShape&, const T*, const tflite::RuntimeShape&, const T*, const tflite::RuntimeShape&, T*) [with T = unsigned char]	144	static
../Middlewares/Third_Party/EdgeImpulse_POC-APPSC_MachineLearning/edgeimpulse/edge-impulse-sdk/tensorflow/lite/micro/kernels/add.cpp:133:14:TfLiteStatus tflite::ops::micro::add::EvalAddQuantized(TfLiteContext*, TfLiteNode*, TfLiteAddParams*, const tflite::ops::micro::add::OpData*, const TfLiteEvalTensor*, const TfLiteEvalTensor*, TfLiteEvalTensor*)	408	static
../Middlewares/Third_Party/EdgeImpulse_POC-APPSC_MachineLearning/edgeimpulse/edge-impulse-sdk/tensorflow/lite/micro/kernels/add.cpp:133:14:TfLiteStatus tflite::ops::micro::add::EvalAddQuantized(TfLiteContext*, TfLiteNode*, TfLiteAddParams*, const tflite::ops::micro::add::OpData*, const TfLiteEvalTensor*, const TfLiteEvalTensor*, TfLiteEvalTensor*)	8	static
../Middlewares/Third_Party/EdgeImpulse_POC-APPSC_MachineLearning/edgeimpulse/edge-impulse-sdk/tensorflow/lite/micro/kernels/add.cpp:218:14:TfLiteStatus tflite::ops::micro::add::Eval(TfLiteContext*, TfLiteNode*)	48	static
