../Middlewares/Third_Party/EdgeImpulse_POC-APPSC_MachineLearning/edgeimpulse/edge-impulse-sdk/tensorflow/lite/kernels/internal/types.h:202:3:tflite::RuntimeShape::~RuntimeShape()	8	static
../Middlewares/Third_Party/EdgeImpulse_POC-APPSC_MachineLearning/edgeimpulse/edge-impulse-sdk/tensorflow/lite/kernels/internal/types.h:213:18:int32_t tflite::RuntimeShape::Dims(int) const	8	static
../Middlewares/Third_Party/EdgeImpulse_POC-APPSC_MachineLearning/edgeimpulse/edge-impulse-sdk/tensorflow/lite/kernels/internal/types.h:403:12:int tflite::Offset(const tflite::RuntimeShape&, int, int, int, int)	16	static
../Middlewares/Third_Party/EdgeImpulse_POC-APPSC_MachineLearning/edgeimpulse/edge-impulse-sdk/tensorflow/lite/kernels/internal/types.h:470:12:int tflite::MatchingDim(const tflite::RuntimeShape&, int, const tflite::RuntimeShape&, int)	16	static
../Middlewares/Third_Party/EdgeImpulse_POC-APPSC_MachineLearning/edgeimpulse/edge-impulse-sdk/tensorflow/lite/kernels/internal/reference/pooling.h:136:13:void tflite::reference_ops::L2Pool(const tflite::PoolParams&, const tflite::RuntimeShape&, const float*, const tflite::RuntimeShape&, float*)	144	static
../Middlewares/Third_Party/EdgeImpulse_POC-APPSC_MachineLearning/edgeimpulse/edge-impulse-sdk/tensorflow/lite/micro/kernels/l2_pool_2d.cpp:95:14:TfLiteStatus tflite::{anonymous}::L2Eval(TfLiteContext*, TfLiteNode*)	136	static
../Middlewares/Third_Party/EdgeImpulse_POC-APPSC_MachineLearning/edgeimpulse/edge-impulse-sdk/tensorflow/lite/kernels/padding.h:45:12:int tflite::ComputeOutSize(TfLitePadding, int, int, int, int)	0	static
../Middlewares/Third_Party/EdgeImpulse_POC-APPSC_MachineLearning/edgeimpulse/edge-impulse-sdk/tensorflow/lite/micro/kernels/l2_pool_2d.cpp:38:14:TfLiteStatus tflite::{anonymous}::L2Prepare(TfLiteContext*, TfLiteNode*)	96	static
../Middlewares/Third_Party/EdgeImpulse_POC-APPSC_MachineLearning/edgeimpulse/edge-impulse-sdk/tensorflow/lite/micro/kernels/l2_pool_2d.cpp:126:20:TfLiteRegistration tflite::Register_L2_POOL_2D()	16	static
