../Middlewares/Third_Party/EdgeImpulse_POC-APPSC_MachineLearning/edgeimpulse/edge-impulse-sdk/tensorflow/lite/kernels/internal/types.h:202:3:tflite::RuntimeShape::~RuntimeShape()	8	static
../Middlewares/Third_Party/EdgeImpulse_POC-APPSC_MachineLearning/edgeimpulse/edge-impulse-sdk/tensorflow/lite/kernels/internal/types.h:213:18:int32_t tflite::RuntimeShape::Dims(int) const	8	static
../Middlewares/Third_Party/EdgeImpulse_POC-APPSC_MachineLearning/edgeimpulse/edge-impulse-sdk/tensorflow/lite/kernels/internal/types.h:519:12:int tflite::MatchingFlatSize(const tflite::RuntimeShape&, const tflite::RuntimeShape&)	24	static
../Middlewares/Third_Party/EdgeImpulse_POC-APPSC_MachineLearning/edgeimpulse/edge-impulse-sdk/tensorflow/lite/kernels/internal/common.h:156:16:int32_t tflite::MultiplyByQuantizedMultiplier(int32_t, int32_t, int)	16	static
../Middlewares/Third_Party/EdgeImpulse_POC-APPSC_MachineLearning/edgeimpulse/edge-impulse-sdk/tensorflow/lite/micro/kernels/quantize_common.cpp:28:14:TfLiteStatus tflite::PrepareQuantizeReference(TfLiteContext*, TfLiteNode*)	48	static
../Middlewares/Third_Party/EdgeImpulse_POC-APPSC_MachineLearning/edgeimpulse/edge-impulse-sdk/tensorflow/lite/micro/kernels/quantize_common.cpp:77:14:TfLiteStatus tflite::EvalQuantizeReference(TfLiteContext*, TfLiteNode*)	104	static
