../Middlewares/Third_Party/EdgeImpulse_POC-APPSC_MachineLearning/edgeimpulse/edge-impulse-sdk/tensorflow/lite/micro/kernels/svdf.cpp:286:7:void* tflite::{anonymous}::Init(TfLiteContext*, const char*, size_t)	8	static
../Middlewares/Third_Party/EdgeImpulse_POC-APPSC_MachineLearning/edgeimpulse/edge-impulse-sdk/tensorflow/lite/micro/kernels/svdf.cpp:291:14:TfLiteStatus tflite::{anonymous}::Prepare(TfLiteContext*, TfLiteNode*)	96	static
../Middlewares/Third_Party/EdgeImpulse_POC-APPSC_MachineLearning/edgeimpulse/edge-impulse-sdk/tensorflow/lite/micro/kernels/kernel_util.h:31:26:TfLiteEvalTensor* tflite::micro::GetMutableEvalInput(const TfLiteContext*, const TfLiteNode*, int)	8	static
../Middlewares/Third_Party/EdgeImpulse_POC-APPSC_MachineLearning/edgeimpulse/edge-impulse-sdk/tensorflow/lite/micro/kernels/svdf.cpp:428:14:TfLiteStatus tflite::{anonymous}::Eval(TfLiteContext*, TfLiteNode*)	328	static
../Middlewares/Third_Party/EdgeImpulse_POC-APPSC_MachineLearning/edgeimpulse/edge-impulse-sdk/tensorflow/lite/micro/kernels/svdf.cpp:474:20:TfLiteRegistration tflite::Register_SVDF()	16	static
