../Middlewares/Third_Party/EdgeImpulse_POC-APPSC_MachineLearning/edgeimpulse/edge-impulse-sdk/tensorflow/lite/micro/kernels/tanh.cpp:44:7:void* tflite::ops::micro::activations::{anonymous}::TanhInit(TfLiteContext*, const char*, size_t)	8	static
../Middlewares/Third_Party/EdgeImpulse_POC-APPSC_MachineLearning/edgeimpulse/edge-impulse-sdk/tensorflow/lite/micro/kernels/tanh.cpp:75:14:TfLiteStatus tflite::ops::micro::activations::{anonymous}::TanhPrepare(TfLiteContext*, TfLiteNode*)	40	static
../Middlewares/Third_Party/EdgeImpulse_POC-APPSC_MachineLearning/edgeimpulse/edge-impulse-sdk/third_party/gemmlowp/fixedpoint/fixedpoint.h:329:21:IntegerType gemmlowp::SaturatingRoundingDoublingHighMul(IntegerType, IntegerType) [with IntegerType = long int]	8	static
../Middlewares/Third_Party/EdgeImpulse_POC-APPSC_MachineLearning/edgeimpulse/edge-impulse-sdk/third_party/gemmlowp/fixedpoint/fixedpoint.h:342:21:IntegerType gemmlowp::SaturatingRoundingDoublingHighMul(IntegerType, IntegerType) [with IntegerType = short int]	0	static
../Middlewares/Third_Party/EdgeImpulse_POC-APPSC_MachineLearning/edgeimpulse/edge-impulse-sdk/tensorflow/lite/kernels/internal/types.h:202:3:tflite::RuntimeShape::~RuntimeShape()	8	static
../Middlewares/Third_Party/EdgeImpulse_POC-APPSC_MachineLearning/edgeimpulse/edge-impulse-sdk/tensorflow/lite/kernels/internal/types.h:213:18:int32_t tflite::RuntimeShape::Dims(int) const	8	static
../Middlewares/Third_Party/EdgeImpulse_POC-APPSC_MachineLearning/edgeimpulse/edge-impulse-sdk/tensorflow/lite/kernels/internal/types.h:519:12:int tflite::MatchingFlatSize(const tflite::RuntimeShape&, const tflite::RuntimeShape&)	24	static
../Middlewares/Third_Party/EdgeImpulse_POC-APPSC_MachineLearning/edgeimpulse/edge-impulse-sdk/tensorflow/lite/micro/kernels/tanh.cpp:146:20:TfLiteRegistration tflite::ops::micro::Register_TANH()	16	static
../Middlewares/Third_Party/EdgeImpulse_POC-APPSC_MachineLearning/edgeimpulse/edge-impulse-sdk/third_party/gemmlowp/fixedpoint/fixedpoint.h:357:20:IntegerType gemmlowp::RoundingDivideByPOT(IntegerType, int) [with IntegerType = long int]	8	static
../Middlewares/Third_Party/EdgeImpulse_POC-APPSC_MachineLearning/edgeimpulse/edge-impulse-sdk/third_party/gemmlowp/fixedpoint/fixedpoint.h:687:47:typename FixedPointType::ScalarRawType gemmlowp::RescaleConstantInitializer(int32_t) [with FixedPointType = gemmlowp::FixedPoint<long int, 0>]	8	static
../Middlewares/Third_Party/EdgeImpulse_POC-APPSC_MachineLearning/edgeimpulse/edge-impulse-sdk/third_party/gemmlowp/fixedpoint/fixedpoint.h:385:22:static IntegerType gemmlowp::ImplSaturatingRoundingMultiplyByPOT<Exponent, IntegerType, 1>::eval(IntegerType) [with int Exponent = 2; IntegerType = long int]	8	static
../Middlewares/Third_Party/EdgeImpulse_POC-APPSC_MachineLearning/edgeimpulse/edge-impulse-sdk/third_party/gemmlowp/fixedpoint/fixedpoint.h:795:25:gemmlowp::FixedPoint<tRawType, 0> gemmlowp::one_minus_x_over_one_plus_x_for_x_in_0_1(gemmlowp::FixedPoint<tRawType, 0>) [with tRawType = long int]	16	static
../Middlewares/Third_Party/EdgeImpulse_POC-APPSC_MachineLearning/edgeimpulse/edge-impulse-sdk/third_party/gemmlowp/fixedpoint/fixedpoint.h:539:55:gemmlowp::FixedPoint<tRawType, (tIntegerBits_a + tIntegerBits_b)> gemmlowp::operator*(gemmlowp::FixedPoint<tRawType, tIntegerBits_a>, gemmlowp::FixedPoint<tRawType, tIntegerBits_b>) [with tRawType = long int; int tIntegerBits_a = 0; int tIntegerBits_b = 0]	8	static
../Middlewares/Third_Party/EdgeImpulse_POC-APPSC_MachineLearning/edgeimpulse/edge-impulse-sdk/third_party/gemmlowp/fixedpoint/fixedpoint.h:721:25:gemmlowp::FixedPoint<tRawType, 0> gemmlowp::exp_on_interval_between_negative_one_quarter_and_0_excl(gemmlowp::FixedPoint<tRawType, 0>) [with tRawType = long int]	24	static
../Middlewares/Third_Party/EdgeImpulse_POC-APPSC_MachineLearning/edgeimpulse/edge-impulse-sdk/third_party/gemmlowp/fixedpoint/fixedpoint.h:746:25:gemmlowp::FixedPoint<tRawType, 0> gemmlowp::exp_on_negative_values(gemmlowp::FixedPoint<tRawType, tIntegerBits_a>) [with tRawType = long int; int tIntegerBits = 5]	40	static
../Middlewares/Third_Party/EdgeImpulse_POC-APPSC_MachineLearning/edgeimpulse/edge-impulse-sdk/third_party/gemmlowp/fixedpoint/fixedpoint.h:827:25:gemmlowp::FixedPoint<tRawType, 0> gemmlowp::tanh(gemmlowp::FixedPoint<tRawType, tIntegerBits_a>) [with tRawType = long int; int tIntegerBits = 4]	16	static
../Middlewares/Third_Party/EdgeImpulse_POC-APPSC_MachineLearning/edgeimpulse/edge-impulse-sdk/third_party/gemmlowp/fixedpoint/fixedpoint.h:687:47:typename FixedPointType::ScalarRawType gemmlowp::RescaleConstantInitializer(int32_t) [with FixedPointType = gemmlowp::FixedPoint<short int, 0>]	8	static
../Middlewares/Third_Party/EdgeImpulse_POC-APPSC_MachineLearning/edgeimpulse/edge-impulse-sdk/third_party/gemmlowp/fixedpoint/fixedpoint.h:539:55:gemmlowp::FixedPoint<tRawType, (tIntegerBits_a + tIntegerBits_b)> gemmlowp::operator*(gemmlowp::FixedPoint<tRawType, tIntegerBits_a>, gemmlowp::FixedPoint<tRawType, tIntegerBits_b>) [with tRawType = short int; int tIntegerBits_a = 0; int tIntegerBits_b = 0]	8	static
../Middlewares/Third_Party/EdgeImpulse_POC-APPSC_MachineLearning/edgeimpulse/edge-impulse-sdk/third_party/gemmlowp/fixedpoint/fixedpoint.h:721:25:gemmlowp::FixedPoint<tRawType, 0> gemmlowp::exp_on_interval_between_negative_one_quarter_and_0_excl(gemmlowp::FixedPoint<tRawType, 0>) [with tRawType = short int]	24	static
../Middlewares/Third_Party/EdgeImpulse_POC-APPSC_MachineLearning/edgeimpulse/edge-impulse-sdk/third_party/gemmlowp/fixedpoint/fixedpoint.h:746:25:gemmlowp::FixedPoint<tRawType, 0> gemmlowp::exp_on_negative_values(gemmlowp::FixedPoint<tRawType, tIntegerBits_a>) [with tRawType = short int; int tIntegerBits = 4]	24	static
../Middlewares/Third_Party/EdgeImpulse_POC-APPSC_MachineLearning/edgeimpulse/edge-impulse-sdk/third_party/gemmlowp/fixedpoint/fixedpoint.h:385:22:static IntegerType gemmlowp::ImplSaturatingRoundingMultiplyByPOT<Exponent, IntegerType, 1>::eval(IntegerType) [with int Exponent = 2; IntegerType = short int]	8	static
../Middlewares/Third_Party/EdgeImpulse_POC-APPSC_MachineLearning/edgeimpulse/edge-impulse-sdk/third_party/gemmlowp/fixedpoint/fixedpoint.h:795:25:gemmlowp::FixedPoint<tRawType, 0> gemmlowp::one_minus_x_over_one_plus_x_for_x_in_0_1(gemmlowp::FixedPoint<tRawType, 0>) [with tRawType = short int]	16	static
../Middlewares/Third_Party/EdgeImpulse_POC-APPSC_MachineLearning/edgeimpulse/edge-impulse-sdk/third_party/gemmlowp/fixedpoint/fixedpoint.h:827:25:gemmlowp::FixedPoint<tRawType, 0> gemmlowp::tanh(gemmlowp::FixedPoint<tRawType, tIntegerBits_a>) [with tRawType = short int; int tIntegerBits = 3]	16	static
../Middlewares/Third_Party/EdgeImpulse_POC-APPSC_MachineLearning/edgeimpulse/edge-impulse-sdk/tensorflow/lite/micro/kernels/tanh.cpp:88:14:TfLiteStatus tflite::ops::micro::activations::TanhEval(TfLiteContext*, TfLiteNode*)	144	static
