../Drivers/STM32F3xx_HAL_Driver/Src/stm32f3xx_hal_i2c_ex.c:97:19:HAL_I2CEx_ConfigAnalogFilter	16	static
../Drivers/STM32F3xx_HAL_Driver/Src/stm32f3xx_hal_i2c_ex.c:141:19:HAL_I2CEx_ConfigDigitalFilter	16	static
../Drivers/STM32F3xx_HAL_Driver/Src/stm32f3xx_hal_i2c_ex.c:209:19:HAL_I2CEx_EnableWakeUp	8	static
../Drivers/STM32F3xx_HAL_Driver/Src/stm32f3xx_hal_i2c_ex.c:248:19:HAL_I2CEx_DisableWakeUp	8	static
../Drivers/STM32F3xx_HAL_Driver/Src/stm32f3xx_hal_i2c_ex.c:313:6:HAL_I2CEx_EnableFastModePlus	16	static
../Drivers/STM32F3xx_HAL_Driver/Src/stm32f3xx_hal_i2c_ex.c:340:6:HAL_I2CEx_DisableFastModePlus	16	static
