../Drivers/STM32F3xx_HAL_Driver/Src/stm32f3xx_hal_adc_ex.c:234:19:HAL_ADC_Init	112	static
../Drivers/STM32F3xx_HAL_Driver/Src/stm32f3xx_hal_adc_ex.c:807:19:HAL_ADC_DeInit	104	static
../Drivers/STM32F3xx_HAL_Driver/Src/stm32f3xx_hal_adc_ex.c:1242:19:HAL_ADC_Start	24	static
../Drivers/STM32F3xx_HAL_Driver/Src/stm32f3xx_hal_adc_ex.c:1448:19:HAL_ADC_Stop	24	static
../Drivers/STM32F3xx_HAL_Driver/Src/stm32f3xx_hal_adc_ex.c:1553:19:HAL_ADC_PollForConversion	32	static
../Drivers/STM32F3xx_HAL_Driver/Src/stm32f3xx_hal_adc_ex.c:1868:19:HAL_ADC_PollForEvent	32	static
../Drivers/STM32F3xx_HAL_Driver/Src/stm32f3xx_hal_adc_ex.c:2054:19:HAL_ADC_Start_IT	24	static
../Drivers/STM32F3xx_HAL_Driver/Src/stm32f3xx_hal_adc_ex.c:2291:19:HAL_ADC_Stop_IT	24	static
../Drivers/STM32F3xx_HAL_Driver/Src/stm32f3xx_hal_adc_ex.c:2397:19:HAL_ADC_Start_DMA	32	static
../Drivers/STM32F3xx_HAL_Driver/Src/stm32f3xx_hal_adc_ex.c:2668:19:HAL_ADC_Stop_DMA	24	static
../Drivers/STM32F3xx_HAL_Driver/Src/stm32f3xx_hal_adc_ex.c:2821:10:HAL_ADC_GetValue	16	static
../Drivers/STM32F3xx_HAL_Driver/Src/stm32f3xx_hal_adc_ex.c:2879:6:HAL_ADC_IRQHandler	32	static
../Drivers/STM32F3xx_HAL_Driver/Src/stm32f3xx_hal_adc_ex.c:3336:19:HAL_ADCEx_Calibration_Start	24	static
../Drivers/STM32F3xx_HAL_Driver/Src/stm32f3xx_hal_adc_ex.c:3537:10:HAL_ADCEx_Calibration_GetValue	16	static
../Drivers/STM32F3xx_HAL_Driver/Src/stm32f3xx_hal_adc_ex.c:3572:19:HAL_ADCEx_Calibration_SetValue	32	static
../Drivers/STM32F3xx_HAL_Driver/Src/stm32f3xx_hal_adc_ex.c:3637:19:HAL_ADCEx_InjectedStart	24	static
../Drivers/STM32F3xx_HAL_Driver/Src/stm32f3xx_hal_adc_ex.c:3825:19:HAL_ADCEx_InjectedStop	24	static
../Drivers/STM32F3xx_HAL_Driver/Src/stm32f3xx_hal_adc_ex.c:3968:19:HAL_ADCEx_InjectedPollForConversion	32	static
../Drivers/STM32F3xx_HAL_Driver/Src/stm32f3xx_hal_adc_ex.c:4207:19:HAL_ADCEx_InjectedStart_IT	24	static
../Drivers/STM32F3xx_HAL_Driver/Src/stm32f3xx_hal_adc_ex.c:4427:19:HAL_ADCEx_InjectedStop_IT	24	static
../Drivers/STM32F3xx_HAL_Driver/Src/stm32f3xx_hal_adc_ex.c:4587:19:HAL_ADCEx_MultiModeStart_DMA	112	static
../Drivers/STM32F3xx_HAL_Driver/Src/stm32f3xx_hal_adc_ex.c:4727:19:HAL_ADCEx_MultiModeStop_DMA	104	static
../Drivers/STM32F3xx_HAL_Driver/Src/stm32f3xx_hal_adc_ex.c:4852:10:HAL_ADCEx_MultiModeGetValue	24	static
../Drivers/STM32F3xx_HAL_Driver/Src/stm32f3xx_hal_adc_ex.c:4903:10:HAL_ADCEx_InjectedGetValue	24	static
../Drivers/STM32F3xx_HAL_Driver/Src/stm32f3xx_hal_adc_ex.c:5017:19:HAL_ADCEx_RegularStop	24	static
../Drivers/STM32F3xx_HAL_Driver/Src/stm32f3xx_hal_adc_ex.c:5091:19:HAL_ADCEx_RegularStop_IT	24	static
../Drivers/STM32F3xx_HAL_Driver/Src/stm32f3xx_hal_adc_ex.c:5171:19:HAL_ADCEx_RegularStop_DMA	24	static
../Drivers/STM32F3xx_HAL_Driver/Src/stm32f3xx_hal_adc_ex.c:5283:19:HAL_ADCEx_RegularMultiModeStop_DMA	104	static
../Drivers/STM32F3xx_HAL_Driver/Src/stm32f3xx_hal_adc_ex.c:5433:13:HAL_ADCEx_InjectedConvCpltCallback	16	static
../Drivers/STM32F3xx_HAL_Driver/Src/stm32f3xx_hal_adc_ex.c:5456:13:HAL_ADCEx_InjectedQueueOverflowCallback	16	static
../Drivers/STM32F3xx_HAL_Driver/Src/stm32f3xx_hal_adc_ex.c:5472:13:HAL_ADCEx_LevelOutOfWindow2Callback	16	static
../Drivers/STM32F3xx_HAL_Driver/Src/stm32f3xx_hal_adc_ex.c:5487:13:HAL_ADCEx_LevelOutOfWindow3Callback	16	static
../Drivers/STM32F3xx_HAL_Driver/Src/stm32f3xx_hal_adc_ex.c:5550:19:HAL_ADC_ConfigChannel	112	static
../Drivers/STM32F3xx_HAL_Driver/Src/stm32f3xx_hal_adc_ex.c:6016:19:HAL_ADCEx_InjectedConfigChannel	120	static
../Drivers/STM32F3xx_HAL_Driver/Src/stm32f3xx_hal_adc_ex.c:6768:19:HAL_ADC_AnalogWDGConfig	40	static
../Drivers/STM32F3xx_HAL_Driver/Src/stm32f3xx_hal_adc_ex.c:7053:19:HAL_ADCEx_MultiModeConfigChannel	104	static
../Drivers/STM32F3xx_HAL_Driver/Src/stm32f3xx_hal_adc_ex.c:7183:13:ADC_DMAConvCplt	24	static
../Drivers/STM32F3xx_HAL_Driver/Src/stm32f3xx_hal_adc_ex.c:7230:13:ADC_DMAHalfConvCplt	24	static
../Drivers/STM32F3xx_HAL_Driver/Src/stm32f3xx_hal_adc_ex.c:7248:13:ADC_DMAError	24	static
../Drivers/STM32F3xx_HAL_Driver/Src/stm32f3xx_hal_adc_ex.c:7278:26:ADC_Enable	24	static
../Drivers/STM32F3xx_HAL_Driver/Src/stm32f3xx_hal_adc_ex.c:7336:26:ADC_Disable	24	static
../Drivers/STM32F3xx_HAL_Driver/Src/stm32f3xx_hal_adc_ex.c:7399:26:ADC_ConversionStop	32	static
