c:\ostap\stm32cubeide_1.10.1\stm32cubeide\plugins\com.st.stm32cube.ide.mcu.externaltools.gnu-tools-for-stm32.10.3-2021.10.win32_1.0.0.202111181127\tools\arm-none-eabi\include\c++\10.3.1\bits\std_abs.h:75:3:constexpr float std::abs(float)	16	static
c:\ostap\stm32cubeide_1.10.1\stm32cubeide\plugins\com.st.stm32cube.ide.mcu.externaltools.gnu-tools-for-stm32.10.3-2021.10.win32_1.0.0.202111181127\tools\arm-none-eabi\include\c++\10.3.1\bits\stl_algobase.h:1364:3:constexpr int std::__lg(int)	16	static
c:\ostap\stm32cubeide_1.10.1\stm32cubeide\plugins\com.st.stm32cube.ide.mcu.externaltools.gnu-tools-for-stm32.10.3-2021.10.win32_1.0.0.202111181127\tools\arm-none-eabi\include\c++\10.3.1\new:174:33:void* operator new(std::size_t, void*)	16	static
c:\ostap\stm32cubeide_1.10.1\stm32cubeide\plugins\com.st.stm32cube.ide.mcu.externaltools.gnu-tools-for-stm32.10.3-2021.10.win32_1.0.0.202111181127\tools\bin\../lib/gcc/arm-none-eabi/10.3.1/../../../../arm-none-eabi/include/c++/10.3.1/arm-none-eabi/thumb/v7e-m+fp/hard/bits/gthr-default.h:229:1:int __gthread_key_delete(__gthread_key_t)	16	static
../Middlewares/Third_Party/EdgeImpulse_POC-APPSC_MachineLearning/edgeimpulse/edge-impulse-sdk/classifier/ei_aligned_malloc.h:50:32:void* {anonymous}::ei_aligned_calloc(size_t, size_t)	32	static
../Middlewares/Third_Party/EdgeImpulse_POC-APPSC_MachineLearning/edgeimpulse/edge-impulse-sdk/classifier/ei_aligned_malloc.h:88:30:void {anonymous}::ei_aligned_free(void*)	24	static
c:\ostap\stm32cubeide_1.10.1\stm32cubeide\plugins\com.st.stm32cube.ide.mcu.externaltools.gnu-tools-for-stm32.10.3-2021.10.win32_1.0.0.202111181127\tools\arm-none-eabi\include\c++\10.3.1\bits\stl_bvector.h:77:5:std::_Bit_reference::_Bit_reference(std::_Bit_type*, std::_Bit_type)	24	static
c:\ostap\stm32cubeide_1.10.1\stm32cubeide\plugins\com.st.stm32cube.ide.mcu.externaltools.gnu-tools-for-stm32.10.3-2021.10.win32_1.0.0.202111181127\tools\arm-none-eabi\include\c++\10.3.1\bits\stl_bvector.h:86:5:std::_Bit_reference::operator bool() const	16	static
c:\ostap\stm32cubeide_1.10.1\stm32cubeide\plugins\com.st.stm32cube.ide.mcu.externaltools.gnu-tools-for-stm32.10.3-2021.10.win32_1.0.0.202111181127\tools\arm-none-eabi\include\c++\10.3.1\bits\stl_bvector.h:90:5:std::_Bit_reference& std::_Bit_reference::operator=(bool)	16	static
c:\ostap\stm32cubeide_1.10.1\stm32cubeide\plugins\com.st.stm32cube.ide.mcu.externaltools.gnu-tools-for-stm32.10.3-2021.10.win32_1.0.0.202111181127\tools\arm-none-eabi\include\c++\10.3.1\bits\stl_bvector.h:148:5:std::_Bit_iterator_base::_Bit_iterator_base(std::_Bit_type*, unsigned int)	24	static
c:\ostap\stm32cubeide_1.10.1\stm32cubeide\plugins\com.st.stm32cube.ide.mcu.externaltools.gnu-tools-for-stm32.10.3-2021.10.win32_1.0.0.202111181127\tools\arm-none-eabi\include\c++\10.3.1\bits\stl_bvector.h:172:5:void std::_Bit_iterator_base::_M_incr(std::ptrdiff_t)	24	static
c:\ostap\stm32cubeide_1.10.1\stm32cubeide\plugins\com.st.stm32cube.ide.mcu.externaltools.gnu-tools-for-stm32.10.3-2021.10.win32_1.0.0.202111181127\tools\arm-none-eabi\include\c++\10.3.1\bits\stl_bvector.h:241:5:std::_Bit_iterator::_Bit_iterator()	16	static
c:\ostap\stm32cubeide_1.10.1\stm32cubeide\plugins\com.st.stm32cube.ide.mcu.externaltools.gnu-tools-for-stm32.10.3-2021.10.win32_1.0.0.202111181127\tools\arm-none-eabi\include\c++\10.3.1\bits\stl_bvector.h:243:5:std::_Bit_iterator::_Bit_iterator(std::_Bit_type*, unsigned int)	24	static
c:\ostap\stm32cubeide_1.10.1\stm32cubeide\plugins\com.st.stm32cube.ide.mcu.externaltools.gnu-tools-for-stm32.10.3-2021.10.win32_1.0.0.202111181127\tools\arm-none-eabi\include\c++\10.3.1\bits\stl_bvector.h:251:5:std::_Bit_iterator::reference std::_Bit_iterator::operator*() const	16	static
c:\ostap\stm32cubeide_1.10.1\stm32cubeide\plugins\com.st.stm32cube.ide.mcu.externaltools.gnu-tools-for-stm32.10.3-2021.10.win32_1.0.0.202111181127\tools\arm-none-eabi\include\c++\10.3.1\bits\stl_bvector.h:285:5:std::_Bit_iterator::iterator& std::_Bit_iterator::operator+=(std::iterator<std::random_access_iterator_tag, bool>::difference_type)	16	static
c:\ostap\stm32cubeide_1.10.1\stm32cubeide\plugins\com.st.stm32cube.ide.mcu.externaltools.gnu-tools-for-stm32.10.3-2021.10.win32_1.0.0.202111181127\tools\arm-none-eabi\include\c++\10.3.1\bits\stl_bvector.h:303:5:std::_Bit_iterator::iterator std::operator+(const iterator&, std::iterator<std::random_access_iterator_tag, bool>::difference_type)	24	static
c:\ostap\stm32cubeide_1.10.1\stm32cubeide\plugins\com.st.stm32cube.ide.mcu.externaltools.gnu-tools-for-stm32.10.3-2021.10.win32_1.0.0.202111181127\tools\arm-none-eabi\include\c++\10.3.1\bits\std_function.h:87:17:void* std::_Any_data::_M_access()	16	static
c:\ostap\stm32cubeide_1.10.1\stm32cubeide\plugins\com.st.stm32cube.ide.mcu.externaltools.gnu-tools-for-stm32.10.3-2021.10.win32_1.0.0.202111181127\tools\arm-none-eabi\include\c++\10.3.1\bits\std_function.h:88:17:const void* std::_Any_data::_M_access() const	16	static
c:\ostap\stm32cubeide_1.10.1\stm32cubeide\plugins\com.st.stm32cube.ide.mcu.externaltools.gnu-tools-for-stm32.10.3-2021.10.win32_1.0.0.202111181127\tools\arm-none-eabi\include\c++\10.3.1\bits\std_function.h:240:5:std::_Function_base::_Function_base()	16	static
c:\ostap\stm32cubeide_1.10.1\stm32cubeide\plugins\com.st.stm32cube.ide.mcu.externaltools.gnu-tools-for-stm32.10.3-2021.10.win32_1.0.0.202111181127\tools\arm-none-eabi\include\c++\10.3.1\bits\std_function.h:242:5:std::_Function_base::~_Function_base()	16	static
c:\ostap\stm32cubeide_1.10.1\stm32cubeide\plugins\com.st.stm32cube.ide.mcu.externaltools.gnu-tools-for-stm32.10.3-2021.10.win32_1.0.0.202111181127\tools\arm-none-eabi\include\c++\10.3.1\bits\std_function.h:248:10:bool std::_Function_base::_M_empty() const	16	static
../Middlewares/Third_Party/EdgeImpulse_POC-APPSC_MachineLearning/edgeimpulse/edge-impulse-sdk/dsp/numpy_types.h:77:5:ei::ei_matrix::ei_matrix(uint32_t, uint32_t, float*)	24	static
../Middlewares/Third_Party/EdgeImpulse_POC-APPSC_MachineLearning/edgeimpulse/edge-impulse-sdk/dsp/numpy_types.h:117:5:ei::ei_matrix::~ei_matrix()	16	static
../Middlewares/Third_Party/EdgeImpulse_POC-APPSC_MachineLearning/edgeimpulse/edge-impulse-sdk/dsp/numpy_types.h:140:12:float* ei::ei_matrix::get_row_ptr(size_t)	16	static
../Middlewares/Third_Party/EdgeImpulse_POC-APPSC_MachineLearning/edgeimpulse/edge-impulse-sdk/dsp/numpy_types.h:174:5:ei::ei_matrix_i8::ei_matrix_i8(uint32_t, uint32_t, int8_t*)	24	static
../Middlewares/Third_Party/EdgeImpulse_POC-APPSC_MachineLearning/edgeimpulse/edge-impulse-sdk/dsp/numpy_types.h:214:5:ei::ei_matrix_i8::~ei_matrix_i8()	16	static
../Middlewares/Third_Party/EdgeImpulse_POC-APPSC_MachineLearning/edgeimpulse/edge-impulse-sdk/dsp/numpy_types.h:373:5:ei::ei_quantized_matrix::ei_quantized_matrix(uint32_t, uint32_t, float (*)(uint8_t), uint8_t*)	24	static
../Middlewares/Third_Party/EdgeImpulse_POC-APPSC_MachineLearning/edgeimpulse/edge-impulse-sdk/dsp/numpy_types.h:417:5:ei::ei_quantized_matrix::~ei_quantized_matrix()	16	static
../Middlewares/Third_Party/EdgeImpulse_POC-APPSC_MachineLearning/edgeimpulse/edge-impulse-sdk/dsp/numpy_types.h:492:32:void std::__throw_bad_function_call()	4	static
../Middlewares/Third_Party/EdgeImpulse_POC-APPSC_MachineLearning/edgeimpulse/edge-impulse-sdk/dsp/numpy_types.h:493:32:void std::__throw_length_error(const char*)	16	static
c:\ostap\stm32cubeide_1.10.1\stm32cubeide\plugins\com.st.stm32cube.ide.mcu.externaltools.gnu-tools-for-stm32.10.3-2021.10.win32_1.0.0.202111181127\tools\arm-none-eabi\include\c++\10.3.1\cmath:165:3:constexpr float std::ceil(float)	16	static
c:\ostap\stm32cubeide_1.10.1\stm32cubeide\plugins\com.st.stm32cube.ide.mcu.externaltools.gnu-tools-for-stm32.10.3-2021.10.win32_1.0.0.202111181127\tools\arm-none-eabi\include\c++\10.3.1\cmath:222:3:constexpr float std::exp(float)	16	static
c:\ostap\stm32cubeide_1.10.1\stm32cubeide\plugins\com.st.stm32cube.ide.mcu.externaltools.gnu-tools-for-stm32.10.3-2021.10.win32_1.0.0.202111181127\tools\arm-none-eabi\include\c++\10.3.1\cmath:260:3:constexpr float std::floor(float)	16	static
c:\ostap\stm32cubeide_1.10.1\stm32cubeide\plugins\com.st.stm32cube.ide.mcu.externaltools.gnu-tools-for-stm32.10.3-2021.10.win32_1.0.0.202111181127\tools\arm-none-eabi\include\c++\10.3.1\cmath:1756:3:constexpr float std::round(float)	16	static
../Middlewares/Third_Party/EdgeImpulse_POC-APPSC_MachineLearning/edgeimpulse/edge-impulse-sdk/dsp/numpy.hpp:72:18:static float ei::numpy::sqrt(float)	32	static
../Middlewares/Third_Party/EdgeImpulse_POC-APPSC_MachineLearning/edgeimpulse/edge-impulse-sdk/dsp/numpy.hpp:90:16:static int ei::numpy::roll(float*, size_t, int)	48	static
../Middlewares/Third_Party/EdgeImpulse_POC-APPSC_MachineLearning/edgeimpulse/edge-impulse-sdk/dsp/numpy.hpp:178:18:static float ei::numpy::sum(float*, size_t)	24	static
../Middlewares/Third_Party/EdgeImpulse_POC-APPSC_MachineLearning/edgeimpulse/edge-impulse-sdk/dsp/numpy.hpp:313:23:static int ei::numpy::dot_by_row(int, float*, size_t, ei::quantized_matrix_t*, ei::matrix_t*)	40	static
../Middlewares/Third_Party/EdgeImpulse_POC-APPSC_MachineLearning/edgeimpulse/edge-impulse-sdk/dsp/numpy.hpp:334:17:static void ei::numpy::transpose_in_place(ei::matrix_t*)	96	static
../Middlewares/Third_Party/EdgeImpulse_POC-APPSC_MachineLearning/edgeimpulse/edge-impulse-sdk/dsp/numpy.hpp:382:16:static int ei::numpy::transpose(ei::matrix_t*)	24	static
../Middlewares/Third_Party/EdgeImpulse_POC-APPSC_MachineLearning/edgeimpulse/edge-impulse-sdk/dsp/numpy.hpp:405:16:static int ei::numpy::transpose(float*, int, int)	72	static
../Middlewares/Third_Party/EdgeImpulse_POC-APPSC_MachineLearning/edgeimpulse/edge-impulse-sdk/dsp/numpy.hpp:497:16:static int ei::numpy::dct2(float*, size_t, ei::DCT_NORMALIZATION_MODE)	48	static
../Middlewares/Third_Party/EdgeImpulse_POC-APPSC_MachineLearning/edgeimpulse/edge-impulse-sdk/dsp/numpy.hpp:527:16:static int ei::numpy::dct2(ei::matrix_t*, ei::DCT_NORMALIZATION_MODE)	24	static
../Middlewares/Third_Party/EdgeImpulse_POC-APPSC_MachineLearning/edgeimpulse/edge-impulse-sdk/dsp/numpy.hpp:542:20:static uint8_t ei::numpy::quantize_zero_one(float)	40	static
../Middlewares/Third_Party/EdgeImpulse_POC-APPSC_MachineLearning/edgeimpulse/edge-impulse-sdk/dsp/numpy.hpp:584:18:static float ei::numpy::dequantize_zero_one(uint8_t)	16	static
../Middlewares/Third_Party/EdgeImpulse_POC-APPSC_MachineLearning/edgeimpulse/edge-impulse-sdk/dsp/numpy.hpp:597:16:static int ei::numpy::pad_1d_symmetric(ei::matrix_t*, ei::matrix_t*, uint16_t, uint16_t)	48	static
../Middlewares/Third_Party/EdgeImpulse_POC-APPSC_MachineLearning/edgeimpulse/edge-impulse-sdk/dsp/numpy.hpp:667:16:static int ei::numpy::scale(ei::matrix_t*, float)	40	static
../Middlewares/Third_Party/EdgeImpulse_POC-APPSC_MachineLearning/edgeimpulse/edge-impulse-sdk/dsp/numpy.hpp:761:16:static int ei::numpy::subtract(ei::matrix_t*, float)	24	static
../Middlewares/Third_Party/EdgeImpulse_POC-APPSC_MachineLearning/edgeimpulse/edge-impulse-sdk/dsp/numpy.hpp:774:16:static int ei::numpy::subtract(ei::matrix_t*, ei::matrix_t*)	48	static
../Middlewares/Third_Party/EdgeImpulse_POC-APPSC_MachineLearning/edgeimpulse/edge-impulse-sdk/dsp/numpy.hpp:800:16:static int ei::numpy::rms(ei::matrix_t*, ei::matrix_t*)	24	static
../Middlewares/Third_Party/EdgeImpulse_POC-APPSC_MachineLearning/edgeimpulse/edge-impulse-sdk/dsp/numpy.hpp:832:16:static int ei::numpy::mean(ei::matrix_t*, ei::matrix_t*)	24	static
../Middlewares/Third_Party/EdgeImpulse_POC-APPSC_MachineLearning/edgeimpulse/edge-impulse-sdk/dsp/numpy.hpp:865:16:static int ei::numpy::mean_axis0(ei::matrix_t*, ei::matrix_t*)	32	static
../Middlewares/Third_Party/EdgeImpulse_POC-APPSC_MachineLearning/edgeimpulse/edge-impulse-sdk/dsp/numpy.hpp:899:16:static int ei::numpy::std_axis0(ei::matrix_t*, ei::matrix_t*)	16	static
../Middlewares/Third_Party/EdgeImpulse_POC-APPSC_MachineLearning/edgeimpulse/edge-impulse-sdk/dsp/numpy.hpp:940:16:static int ei::numpy::min(ei::matrix_t*, ei::matrix_t*)	32	static
../Middlewares/Third_Party/EdgeImpulse_POC-APPSC_MachineLearning/edgeimpulse/edge-impulse-sdk/dsp/numpy.hpp:976:16:static int ei::numpy::max(ei::matrix_t*, ei::matrix_t*)	32	static
../Middlewares/Third_Party/EdgeImpulse_POC-APPSC_MachineLearning/edgeimpulse/edge-impulse-sdk/dsp/numpy.hpp:1012:16:static int ei::numpy::stdev(ei::matrix_t*, ei::matrix_t*)	40	static
../Middlewares/Third_Party/EdgeImpulse_POC-APPSC_MachineLearning/edgeimpulse/edge-impulse-sdk/dsp/numpy.hpp:1056:16:static int ei::numpy::skew(ei::matrix_t*, ei::matrix_t*)	40	static
../Middlewares/Third_Party/EdgeImpulse_POC-APPSC_MachineLearning/edgeimpulse/edge-impulse-sdk/dsp/numpy.hpp:1129:16:static int ei::numpy::kurtosis(ei::matrix_t*, ei::matrix_t*)	32	static
../Middlewares/Third_Party/EdgeImpulse_POC-APPSC_MachineLearning/edgeimpulse/edge-impulse-sdk/dsp/numpy.hpp:1206:16:static int ei::numpy::rfft(const float*, size_t, float*, size_t, size_t)	112	static
../Middlewares/Third_Party/EdgeImpulse_POC-APPSC_MachineLearning/edgeimpulse/edge-impulse-sdk/dsp/numpy.hpp:1284:16:static int ei::numpy::rfft(const float*, size_t, ei::fft_complex_t*, size_t, size_t)	112	static
../Middlewares/Third_Party/EdgeImpulse_POC-APPSC_MachineLearning/edgeimpulse/edge-impulse-sdk/dsp/numpy.hpp:1374:16:static int ei::numpy::linspace(float, float, uint32_t, float*)	32	static
../Middlewares/Third_Party/EdgeImpulse_POC-APPSC_MachineLearning/edgeimpulse/edge-impulse-sdk/dsp/numpy.hpp:1546:28:ei::numpy::signal_from_buffer(const float*, size_t, ei::signal_t*)::<lambda(size_t, size_t, float*)>	24	static
../Middlewares/Third_Party/EdgeImpulse_POC-APPSC_MachineLearning/edgeimpulse/edge-impulse-sdk/dsp/numpy.hpp:1540:16:static int ei::numpy::signal_from_buffer(const float*, size_t, ei::signal_t*)	32	static
../Middlewares/Third_Party/EdgeImpulse_POC-APPSC_MachineLearning/edgeimpulse/edge-impulse-sdk/dsp/numpy.hpp:1627:16:static int ei::numpy::log(ei::matrix_t*)	64	static
../Middlewares/Third_Party/EdgeImpulse_POC-APPSC_MachineLearning/edgeimpulse/edge-impulse-sdk/dsp/numpy.hpp:1641:16:static int ei::numpy::log10(ei::matrix_t*)	48	static
../Middlewares/Third_Party/EdgeImpulse_POC-APPSC_MachineLearning/edgeimpulse/edge-impulse-sdk/dsp/numpy.hpp:1677:16:static int ei::numpy::normalize(ei::matrix_t*)	88	static
../Middlewares/Third_Party/EdgeImpulse_POC-APPSC_MachineLearning/edgeimpulse/edge-impulse-sdk/dsp/numpy.hpp:1758:16:static int ei::numpy::software_rfft(float*, float*, size_t, size_t)	56	static
../Middlewares/Third_Party/EdgeImpulse_POC-APPSC_MachineLearning/edgeimpulse/edge-impulse-sdk/dsp/numpy.hpp:1789:16:static int ei::numpy::software_rfft(float*, ei::fft_complex_t*, size_t, size_t)	40	static
../Middlewares/Third_Party/EdgeImpulse_POC-APPSC_MachineLearning/edgeimpulse/edge-impulse-sdk/dsp/numpy.hpp:1809:16:static int ei::numpy::signal_get_data(const float*, size_t, size_t, float*)	24	static
../Middlewares/Third_Party/EdgeImpulse_POC-APPSC_MachineLearning/edgeimpulse/edge-impulse-sdk/dsp/numpy.hpp:1830:17:static void ei::numpy::cmsis_arm_variance(const float32_t*, uint32_t, float32_t*)	48	static
../Middlewares/Third_Party/EdgeImpulse_POC-APPSC_MachineLearning/edgeimpulse/edge-impulse-sdk/dsp/numpy.hpp:1900:16:static int ei::numpy::std_axis0_CMSIS(ei::matrix_t*, ei::matrix_t*)	56	static
../Middlewares/Third_Party/EdgeImpulse_POC-APPSC_MachineLearning/edgeimpulse/edge-impulse-sdk/dsp/numpy.hpp:1954:17:static void ei::numpy::cmsis_arm_third_moment(const float32_t*, uint32_t, float32_t, float32_t*)	40	static
../Middlewares/Third_Party/EdgeImpulse_POC-APPSC_MachineLearning/edgeimpulse/edge-impulse-sdk/dsp/numpy.hpp:2012:17:static void ei::numpy::cmsis_arm_fourth_moment(const float32_t*, uint32_t, float32_t, float32_t*)	48	static
../Middlewares/Third_Party/EdgeImpulse_POC-APPSC_MachineLearning/edgeimpulse/edge-impulse-sdk/dsp/numpy.hpp:2174:16:static int ei::numpy::cmsis_rfft_init_f32(arm_rfft_fast_instance_f32*, size_t)	24	static
../Middlewares/Third_Party/EdgeImpulse_POC-APPSC_MachineLearning/edgeimpulse/edge-impulse-sdk/dsp/numpy.hpp:2312:16:static int ei::numpy::power_spectrum(float*, size_t, float*, size_t, uint16_t)	48	static
../Middlewares/Third_Party/EdgeImpulse_POC-APPSC_MachineLearning/edgeimpulse/edge-impulse-sdk/dsp/numpy.hpp:2336:16:static int ei::numpy::welch_max_hold(float*, size_t, float*, size_t, size_t, size_t, bool)	88	static
../Middlewares/Third_Party/EdgeImpulse_POC-APPSC_MachineLearning/edgeimpulse/edge-impulse-sdk/dsp/numpy.hpp:2427:17:static void ei::numpy::zero_handling(float*, size_t)	24	static
../Middlewares/Third_Party/EdgeImpulse_POC-APPSC_MachineLearning/edgeimpulse/edge-impulse-sdk/dsp/numpy.hpp:2442:17:static void ei::numpy::zero_handling(ei::matrix_t*)	16	static
../Middlewares/Third_Party/EdgeImpulse_POC-APPSC_MachineLearning/edgeimpulse/edge-impulse-sdk/dsp/spectral/filters.hpp:40:17:void ei::spectral::filters::butterworth_lowpass(int, float, float, const float*, float*, size_t)	120	static
../Middlewares/Third_Party/EdgeImpulse_POC-APPSC_MachineLearning/edgeimpulse/edge-impulse-sdk/dsp/spectral/filters.hpp:96:17:void ei::spectral::filters::butterworth_highpass(int, float, float, const float*, float*, size_t)	120	static
../Middlewares/Third_Party/EdgeImpulse_POC-APPSC_MachineLearning/edgeimpulse/edge-impulse-sdk/dsp/spectral/processing.hpp:88:40:int ei::spectral::processing::scale(float*, size_t, float)	48	static
../Middlewares/Third_Party/EdgeImpulse_POC-APPSC_MachineLearning/edgeimpulse/edge-impulse-sdk/dsp/spectral/processing.hpp:104:16:int ei::spectral::processing::butterworth_lowpass_filter(ei::matrix_t*, float, float, uint8_t)	40	static
../Middlewares/Third_Party/EdgeImpulse_POC-APPSC_MachineLearning/edgeimpulse/edge-impulse-sdk/dsp/spectral/processing.hpp:133:16:int ei::spectral::processing::butterworth_highpass_filter(ei::matrix_t*, float, float, uint8_t)	40	static
../Middlewares/Third_Party/EdgeImpulse_POC-APPSC_MachineLearning/edgeimpulse/edge-impulse-sdk/dsp/spectral/processing.hpp:162:16:int ei::spectral::processing::find_peak_indexes(ei::matrix_t*, ei::matrix_t*, float, uint16_t*)	72	static
c:\ostap\stm32cubeide_1.10.1\stm32cubeide\plugins\com.st.stm32cube.ide.mcu.externaltools.gnu-tools-for-stm32.10.3-2021.10.win32_1.0.0.202111181127\tools\arm-none-eabi\include\c++\10.3.1\bits\stl_vector.h:288:7:std::_Vector_base<_Tp, _Alloc>::_Vector_base() [with _Tp = ei::spectral::processing::freq_peak_t; _Alloc = ei::EiAlloc<ei::spectral::processing::freq_peak_t>]	16	static
c:\ostap\stm32cubeide_1.10.1\stm32cubeide\plugins\com.st.stm32cube.ide.mcu.externaltools.gnu-tools-for-stm32.10.3-2021.10.win32_1.0.0.202111181127\tools\arm-none-eabi\include\c++\10.3.1\bits\stl_vector.h:487:7:std::vector<_Tp, _Alloc>::vector() [with _Tp = ei::spectral::processing::freq_peak_t; _Alloc = ei::EiAlloc<ei::spectral::processing::freq_peak_t>]	16	static
../Middlewares/Third_Party/EdgeImpulse_POC-APPSC_MachineLearning/edgeimpulse/edge-impulse-sdk/dsp/spectral/processing.hpp:279:13:ei::spectral::processing::find_fft_peaks(ei::matrix_t*, ei::matrix_t*, float, float, uint16_t)::<lambda(const ei::spectral::processing::freq_peak_t&, const ei::spectral::processing::freq_peak_t&)>	24	static
../Middlewares/Third_Party/EdgeImpulse_POC-APPSC_MachineLearning/edgeimpulse/edge-impulse-sdk/dsp/spectral/processing.hpp:226:16:int ei::spectral::processing::find_fft_peaks(ei::matrix_t*, ei::matrix_t*, float, float, uint16_t)	136	static
../Middlewares/Third_Party/EdgeImpulse_POC-APPSC_MachineLearning/edgeimpulse/edge-impulse-sdk/dsp/spectral/processing.hpp:312:9:int ei::spectral::processing::spectral_power_edges(ei::matrix_t*, ei::matrix_t*, ei::matrix_t*, ei::matrix_t*, float)	88	static
../Middlewares/Third_Party/EdgeImpulse_POC-APPSC_MachineLearning/edgeimpulse/edge-impulse-sdk/dsp/spectral/processing.hpp:375:9:int ei::spectral::processing::periodogram(ei::matrix_t*, ei::matrix_t*, ei::matrix_t*, float, uint16_t)	128	static
../Middlewares/Third_Party/EdgeImpulse_POC-APPSC_MachineLearning/edgeimpulse/edge-impulse-sdk/dsp/spectral/processing.hpp:467:16:int ei::spectral::processing::subtract_mean(ei::matrix_t*)	48	static
../Middlewares/Third_Party/EdgeImpulse_POC-APPSC_MachineLearning/edgeimpulse/edge-impulse-sdk/dsp/spectral/feature.hpp:54:16:static int ei::spectral::feature::spectral_analysis(ei::matrix_t*, ei::matrix_t*, float, ei::spectral::filter_t, float, uint8_t, uint16_t, uint8_t, float, ei::matrix_t*)	208	static
../Middlewares/Third_Party/EdgeImpulse_POC-APPSC_MachineLearning/edgeimpulse/edge-impulse-sdk/dsp/spectral/feature.hpp:178:19:static size_t ei::spectral::feature::calculate_spectral_buffer_size(bool, size_t, size_t)	32	static
../Middlewares/Third_Party/EdgeImpulse_POC-APPSC_MachineLearning/edgeimpulse/edge-impulse-sdk/dsp/spectral/feature.hpp:190:16:static int ei::spectral::feature::extract_spectral_analysis_features_v1(ei::matrix_t*, ei::matrix_t*, ei_dsp_config_spectral_analysis_t*, float)	224	static
../Middlewares/Third_Party/EdgeImpulse_POC-APPSC_MachineLearning/edgeimpulse/edge-impulse-sdk/dsp/spectral/feature.hpp:296:17:static void ei::spectral::feature::get_start_stop_bin(float, size_t, float, size_t*, size_t*, bool)	40	static
../Middlewares/Third_Party/EdgeImpulse_POC-APPSC_MachineLearning/edgeimpulse/edge-impulse-sdk/dsp/spectral/feature.hpp:319:16:static int ei::spectral::feature::extract_spectral_analysis_features_v2(ei::matrix_t*, ei::matrix_t*, ei_dsp_config_spectral_analysis_t*, float)	176	static
../Middlewares/Third_Party/EdgeImpulse_POC-APPSC_MachineLearning/edgeimpulse/edge-impulse-sdk/dsp/speechpy/functions.hpp:36:18:static float ei::speechpy::functions::frequency_to_mel(float)	56	static
../Middlewares/Third_Party/EdgeImpulse_POC-APPSC_MachineLearning/edgeimpulse/edge-impulse-sdk/dsp/speechpy/functions.hpp:50:18:static float ei::speechpy::functions::mel_to_frequency(float)	16	static
../Middlewares/Third_Party/EdgeImpulse_POC-APPSC_MachineLearning/edgeimpulse/edge-impulse-sdk/dsp/speechpy/functions.hpp:65:16:static int ei::speechpy::functions::triangle(float*, size_t, int, int, int)	56	static
../Middlewares/Third_Party/EdgeImpulse_POC-APPSC_MachineLearning/edgeimpulse/edge-impulse-sdk/dsp/speechpy/processing.hpp:42:9:ei::speechpy::processing::preemphasis::preemphasis(ei::ei_signal_t*, int, float, bool)	32	static
../Middlewares/Third_Party/EdgeImpulse_POC-APPSC_MachineLearning/edgeimpulse/edge-impulse-sdk/dsp/speechpy/processing.hpp:65:13:int ei::speechpy::processing::preemphasis::get_data(size_t, size_t, float*)	64	static
../Middlewares/Third_Party/EdgeImpulse_POC-APPSC_MachineLearning/edgeimpulse/edge-impulse-sdk/dsp/speechpy/processing.hpp:130:9:ei::speechpy::processing::preemphasis::~preemphasis()	16	static
../Middlewares/Third_Party/EdgeImpulse_POC-APPSC_MachineLearning/edgeimpulse/edge-impulse-sdk/dsp/speechpy/processing.hpp:160:40:int ei::speechpy::processing::preemphasis(float*, size_t, int, float)	40	static
../Middlewares/Third_Party/EdgeImpulse_POC-APPSC_MachineLearning/edgeimpulse/edge-impulse-sdk/dsp/speechpy/processing.hpp:197:18:float ei::speechpy::processing::ceil_unless_very_close_to_floor(float)	16	static
../Middlewares/Third_Party/EdgeImpulse_POC-APPSC_MachineLearning/edgeimpulse/edge-impulse-sdk/dsp/speechpy/processing.hpp:215:16:int ei::speechpy::processing::calculate_signal_used(size_t, uint32_t, float, float, bool, uint16_t)	56	static
../Middlewares/Third_Party/EdgeImpulse_POC-APPSC_MachineLearning/edgeimpulse/edge-impulse-sdk/dsp/speechpy/processing.hpp:269:16:int ei::speechpy::processing::stack_frames(ei::speechpy::stack_frames_info_t*, float, float, float, bool, uint16_t)	72	static
../Middlewares/Third_Party/EdgeImpulse_POC-APPSC_MachineLearning/edgeimpulse/edge-impulse-sdk/dsp/speechpy/processing.hpp:345:20:int32_t ei::speechpy::processing::calculate_no_of_stack_frames(size_t, uint32_t, float, float, bool, uint16_t)	48	static
../Middlewares/Third_Party/EdgeImpulse_POC-APPSC_MachineLearning/edgeimpulse/edge-impulse-sdk/dsp/speechpy/processing.hpp:395:16:int ei::speechpy::processing::cmvnw(ei::matrix_t*, uint16_t, bool, bool)	152	static
../Middlewares/Third_Party/EdgeImpulse_POC-APPSC_MachineLearning/edgeimpulse/edge-impulse-sdk/dsp/speechpy/processing.hpp:489:16:int ei::speechpy::processing::mfe_normalization(ei::matrix_t*, int)	56	static
../Middlewares/Third_Party/EdgeImpulse_POC-APPSC_MachineLearning/edgeimpulse/edge-impulse-sdk/dsp/speechpy/processing.hpp:516:16:int ei::speechpy::processing::spectrogram_normalization(ei::matrix_t*, int)	56	static
../Middlewares/Third_Party/EdgeImpulse_POC-APPSC_MachineLearning/edgeimpulse/edge-impulse-sdk/dsp/speechpy/feature.hpp:47:16:static int ei::speechpy::feature::filterbanks(ei::quantized_matrix_t*, uint16_t, int, uint32_t, uint32_t, uint32_t, bool)	120	static
c:\ostap\stm32cubeide_1.10.1\stm32cubeide\plugins\com.st.stm32cube.ide.mcu.externaltools.gnu-tools-for-stm32.10.3-2021.10.win32_1.0.0.202111181127\tools\arm-none-eabi\include\c++\10.3.1\bits\stl_vector.h:128:14:std::_Vector_base<long unsigned int, std::allocator<long unsigned int> >::_Vector_impl::~_Vector_impl()	16	static
c:\ostap\stm32cubeide_1.10.1\stm32cubeide\plugins\com.st.stm32cube.ide.mcu.externaltools.gnu-tools-for-stm32.10.3-2021.10.win32_1.0.0.202111181127\tools\arm-none-eabi\include\c++\10.3.1\bits\stl_vector.h:288:7:std::_Vector_base<_Tp, _Alloc>::_Vector_base() [with _Tp = long unsigned int; _Alloc = std::allocator<long unsigned int>]	16	static
c:\ostap\stm32cubeide_1.10.1\stm32cubeide\plugins\com.st.stm32cube.ide.mcu.externaltools.gnu-tools-for-stm32.10.3-2021.10.win32_1.0.0.202111181127\tools\arm-none-eabi\include\c++\10.3.1\bits\stl_vector.h:487:7:std::vector<_Tp, _Alloc>::vector() [with _Tp = long unsigned int; _Alloc = std::allocator<long unsigned int>]	16	static
../Middlewares/Third_Party/EdgeImpulse_POC-APPSC_MachineLearning/edgeimpulse/edge-impulse-sdk/dsp/speechpy/processing.hpp:27:16:ei::speechpy::ei_stack_frames_info::~ei_stack_frames_info()	16	static
../Middlewares/Third_Party/EdgeImpulse_POC-APPSC_MachineLearning/edgeimpulse/edge-impulse-sdk/dsp/speechpy/feature.hpp:186:16:static int ei::speechpy::feature::mfe(ei::matrix_t*, ei::matrix_t*, ei::signal_t*, uint32_t, float, float, uint16_t, uint16_t, uint32_t, uint32_t, uint16_t)	160	static
../Middlewares/Third_Party/EdgeImpulse_POC-APPSC_MachineLearning/edgeimpulse/edge-impulse-sdk/dsp/speechpy/feature.hpp:332:16:static int ei::speechpy::feature::spectrogram(ei::matrix_t*, ei::signal_t*, float, float, float, uint16_t, uint16_t)	120	static
../Middlewares/Third_Party/EdgeImpulse_POC-APPSC_MachineLearning/edgeimpulse/edge-impulse-sdk/dsp/speechpy/feature.hpp:435:26:static ei::matrix_size_t ei::speechpy::feature::calculate_mfe_buffer_size(size_t, uint32_t, float, float, uint16_t, uint16_t)	40	static
../Middlewares/Third_Party/EdgeImpulse_POC-APPSC_MachineLearning/edgeimpulse/edge-impulse-sdk/dsp/speechpy/feature.hpp:479:16:static int ei::speechpy::feature::mfcc(ei::matrix_t*, ei::signal_t*, uint32_t, float, float, uint8_t, uint16_t, uint16_t, uint32_t, uint32_t, bool, uint16_t)	160	static
../Middlewares/Third_Party/EdgeImpulse_POC-APPSC_MachineLearning/edgeimpulse/edge-impulse-sdk/dsp/speechpy/feature.hpp:560:26:static ei::matrix_size_t ei::speechpy::feature::calculate_mfcc_buffer_size(size_t, uint32_t, float, float, uint16_t, uint16_t)	40	static
c:\ostap\stm32cubeide_1.10.1\stm32cubeide\plugins\com.st.stm32cube.ide.mcu.externaltools.gnu-tools-for-stm32.10.3-2021.10.win32_1.0.0.202111181127\tools\arm-none-eabi\include\c++\10.3.1\bits\std_function.h:303:11:std::function<int(unsigned int, unsigned int, float*)>::~function()	16	static
../Middlewares/Third_Party/EdgeImpulse_POC-APPSC_MachineLearning/edgeimpulse/edge-impulse-sdk/dsp/numpy_types.h:464:16:ei::ei_signal_t::ei_signal_t()	16	static
../Middlewares/Third_Party/EdgeImpulse_POC-APPSC_MachineLearning/edgeimpulse/edge-impulse-sdk/dsp/numpy_types.h:464:16:ei::ei_signal_t::~ei_signal_t()	16	static
../Middlewares/Third_Party/EdgeImpulse_POC-APPSC_MachineLearning/edgeimpulse/edge-impulse-sdk/classifier/ei_signal_with_range.h:30:5:SignalWithRange::SignalWithRange(ei::signal_t*, uint32_t, uint32_t)	24	static
../Middlewares/Third_Party/EdgeImpulse_POC-APPSC_MachineLearning/edgeimpulse/edge-impulse-sdk/classifier/ei_signal_with_range.h:45:35:SignalWithRange::get_signal()::<lambda(size_t, size_t, float*)>	24	static
../Middlewares/Third_Party/EdgeImpulse_POC-APPSC_MachineLearning/edgeimpulse/edge-impulse-sdk/classifier/ei_signal_with_range.h:36:16:ei::signal_t* SignalWithRange::get_signal()	24	static
../Middlewares/Third_Party/EdgeImpulse_POC-APPSC_MachineLearning/edgeimpulse/edge-impulse-sdk/classifier/ei_signal_with_range.h:52:9:int SignalWithRange::get_data(size_t, size_t, float*)	24	static
../Middlewares/Third_Party/EdgeImpulse_POC-APPSC_MachineLearning/edgeimpulse/edge-impulse-sdk/classifier/ei_run_dsp.h:52:29:int {anonymous}::extract_spectral_analysis_features(ei::signal_t*, ei::matrix_t*, void*, float)	56	static
../Middlewares/Third_Party/EdgeImpulse_POC-APPSC_MachineLearning/edgeimpulse/edge-impulse-sdk/classifier/ei_run_dsp.h:111:29:int {anonymous}::extract_raw_features(ei::signal_t*, ei::matrix_t*, void*, float)	72	static
../Middlewares/Third_Party/EdgeImpulse_POC-APPSC_MachineLearning/edgeimpulse/edge-impulse-sdk/classifier/ei_run_dsp.h:142:29:int {anonymous}::extract_flatten_features(ei::signal_t*, ei::matrix_t*, void*, float)	240	static
../Middlewares/Third_Party/EdgeImpulse_POC-APPSC_MachineLearning/edgeimpulse/edge-impulse-sdk/classifier/ei_run_dsp.h:244:12:int {anonymous}::preemphasized_audio_signal_get_data(size_t, size_t, float*)	24	static
../Middlewares/Third_Party/EdgeImpulse_POC-APPSC_MachineLearning/edgeimpulse/edge-impulse-sdk/classifier/ei_run_dsp.h:248:29:int {anonymous}::extract_mfcc_features(ei::signal_t*, ei::matrix_t*, void*, float)	184	static
../Middlewares/Third_Party/EdgeImpulse_POC-APPSC_MachineLearning/edgeimpulse/edge-impulse-sdk/classifier/ei_run_dsp.h:310:12:int {anonymous}::extract_mfcc_run_slice(ei::signal_t*, ei::matrix_t*, ei_dsp_config_mfcc_t*, float, ei::matrix_size_t*, int)	112	static
../Middlewares/Third_Party/EdgeImpulse_POC-APPSC_MachineLearning/edgeimpulse/edge-impulse-sdk/classifier/ei_signal_with_range.h:28:7:SignalWithRange::~SignalWithRange()	16	static
../Middlewares/Third_Party/EdgeImpulse_POC-APPSC_MachineLearning/edgeimpulse/edge-impulse-sdk/classifier/ei_run_dsp.h:352:29:int {anonymous}::extract_mfcc_per_slice_features(ei::signal_t*, ei::matrix_t*, void*, float, ei::matrix_size_t*)	256	static
../Middlewares/Third_Party/EdgeImpulse_POC-APPSC_MachineLearning/edgeimpulse/edge-impulse-sdk/classifier/ei_run_dsp.h:521:29:int {anonymous}::extract_spectrogram_features(ei::signal_t*, ei::matrix_t*, void*, float)	104	static
../Middlewares/Third_Party/EdgeImpulse_POC-APPSC_MachineLearning/edgeimpulse/edge-impulse-sdk/classifier/ei_run_dsp.h:584:12:int {anonymous}::extract_spectrogram_run_slice(ei::signal_t*, ei::matrix_t*, ei_dsp_config_spectrogram_t*, float, ei::matrix_size_t*)	88	static
../Middlewares/Third_Party/EdgeImpulse_POC-APPSC_MachineLearning/edgeimpulse/edge-impulse-sdk/classifier/ei_run_dsp.h:629:29:int {anonymous}::extract_spectrogram_per_slice_features(ei::signal_t*, ei::matrix_t*, void*, float, ei::matrix_size_t*)	168	static
../Middlewares/Third_Party/EdgeImpulse_POC-APPSC_MachineLearning/edgeimpulse/edge-impulse-sdk/classifier/ei_run_dsp.h:796:29:int {anonymous}::extract_mfe_features(ei::signal_t*, ei::matrix_t*, void*, float)	168	static
../Middlewares/Third_Party/EdgeImpulse_POC-APPSC_MachineLearning/edgeimpulse/edge-impulse-sdk/classifier/ei_run_dsp.h:888:12:int {anonymous}::extract_mfe_run_slice(ei::signal_t*, ei::matrix_t*, ei_dsp_config_mfe_t*, float, ei::matrix_size_t*)	128	static
../Middlewares/Third_Party/EdgeImpulse_POC-APPSC_MachineLearning/edgeimpulse/edge-impulse-sdk/classifier/ei_run_dsp.h:936:29:int {anonymous}::extract_mfe_per_slice_features(ei::signal_t*, ei::matrix_t*, void*, float, ei::matrix_size_t*)	208	static
../Middlewares/Third_Party/EdgeImpulse_POC-APPSC_MachineLearning/edgeimpulse/edge-impulse-sdk/classifier/ei_run_dsp.h:1157:29:int {anonymous}::extract_image_features(ei::signal_t*, ei::matrix_t*, void*, float)	112	static
../Middlewares/Third_Party/EdgeImpulse_POC-APPSC_MachineLearning/edgeimpulse/edge-impulse-sdk/classifier/ei_run_dsp.h:1268:29:int {anonymous}::extract_image_features_quantized(const ei_impulse_t*, ei::signal_t*, ei::matrix_i8_t*, void*, float)	168	static
../Middlewares/Third_Party/EdgeImpulse_POC-APPSC_MachineLearning/edgeimpulse/edge-impulse-sdk/classifier/ei_run_dsp.h:1365:29:int {anonymous}::ei_dsp_clear_continuous_audio_state()	8	static
../Middlewares/Third_Party/EdgeImpulse_POC-APPSC_MachineLearning/edgeimpulse/edge-impulse-sdk/classifier/ei_run_dsp.h:1383:30:void {anonymous}::calc_cepstral_mean_and_var_normalization_mfcc(ei::ei_matrix*, void*)	32	static
../Middlewares/Third_Party/EdgeImpulse_POC-APPSC_MachineLearning/edgeimpulse/edge-impulse-sdk/classifier/ei_run_dsp.h:1411:30:void {anonymous}::calc_cepstral_mean_and_var_normalization_mfe(ei::ei_matrix*, void*)	32	static
../Middlewares/Third_Party/EdgeImpulse_POC-APPSC_MachineLearning/edgeimpulse/edge-impulse-sdk/classifier/ei_run_dsp.h:1449:30:void {anonymous}::calc_cepstral_mean_and_var_normalization_spectrogram(ei::ei_matrix*, void*)	32	static
../Middlewares/Third_Party/EdgeImpulse_POC-APPSC_MachineLearning/edgeimpulse/edge-impulse-sdk/classifier/ei_signal_with_axes.h:31:5:SignalWithAxes::SignalWithAxes(ei::signal_t*, uint8_t*, size_t, const ei_impulse_t*)	24	static
../Middlewares/Third_Party/EdgeImpulse_POC-APPSC_MachineLearning/edgeimpulse/edge-impulse-sdk/classifier/ei_signal_with_axes.h:46:35:SignalWithAxes::get_signal()::<lambda(size_t, size_t, float*)>	24	static
../Middlewares/Third_Party/EdgeImpulse_POC-APPSC_MachineLearning/edgeimpulse/edge-impulse-sdk/classifier/ei_signal_with_axes.h:37:16:ei::signal_t* SignalWithAxes::get_signal()	24	static
../Middlewares/Third_Party/EdgeImpulse_POC-APPSC_MachineLearning/edgeimpulse/edge-impulse-sdk/classifier/ei_signal_with_axes.h:53:9:int SignalWithAxes::get_data(size_t, size_t, float*)	48	static
../Middlewares/Third_Party/EdgeImpulse_POC-APPSC_MachineLearning/edgeimpulse/edge-impulse-sdk/classifier/ei_performance_calibration.h:35:5:RecognizeEvents::RecognizeEvents(const ei_model_performance_calibration_t*, uint32_t, uint32_t, float)	48	static
../Middlewares/Third_Party/EdgeImpulse_POC-APPSC_MachineLearning/edgeimpulse/edge-impulse-sdk/classifier/ei_performance_calibration.h:104:5:RecognizeEvents::~RecognizeEvents()	16	static
../Middlewares/Third_Party/EdgeImpulse_POC-APPSC_MachineLearning/edgeimpulse/edge-impulse-sdk/classifier/ei_performance_calibration.h:114:10:bool RecognizeEvents::should_boost()	16	static
../Middlewares/Third_Party/EdgeImpulse_POC-APPSC_MachineLearning/edgeimpulse/edge-impulse-sdk/classifier/ei_performance_calibration.h:119:13:int32_t RecognizeEvents::trigger(ei_impulse_result_classification_t*)	40	static
../Middlewares/Third_Party/EdgeImpulse_POC-APPSC_MachineLearning/edgeimpulse/edge-impulse-sdk/classifier/ei_performance_calibration.h:179:11:static void* RecognizeEvents::operator new(size_t)	24	static
../Middlewares/Third_Party/EdgeImpulse_POC-APPSC_MachineLearning/edgeimpulse/edge-impulse-sdk/classifier/ei_performance_calibration.h:185:10:static void RecognizeEvents::operator delete(void*)	16	static
../Middlewares/Third_Party/EdgeImpulse_POC-APPSC_MachineLearning/edgeimpulse/edge-impulse-sdk/classifier/ei_fill_result_struct.h:183:49:EI_IMPULSE_ERROR fill_result_struct_f32_fomo(const ei_impulse_t*, ei_impulse_result_t*, float*, int, int)	24	static
../Middlewares/Third_Party/EdgeImpulse_POC-APPSC_MachineLearning/edgeimpulse/edge-impulse-sdk/classifier/ei_fill_result_struct.h:214:49:EI_IMPULSE_ERROR fill_result_struct_i8_fomo(const ei_impulse_t*, ei_impulse_result_t*, int8_t*, float, float, int, int)	32	static
../Middlewares/Third_Party/EdgeImpulse_POC-APPSC_MachineLearning/edgeimpulse/edge-impulse-sdk/classifier/ei_fill_result_struct.h:252:49:EI_IMPULSE_ERROR fill_result_struct_f32_object_detection(const ei_impulse_t*, ei_impulse_result_t*, float*, float*, float*, bool)	24	static
../Middlewares/Third_Party/EdgeImpulse_POC-APPSC_MachineLearning/edgeimpulse/edge-impulse-sdk/classifier/ei_fill_result_struct.h:323:49:EI_IMPULSE_ERROR fill_result_struct_i8(const ei_impulse_t*, ei_impulse_result_t*, int8_t*, float, float, bool)	40	static
../Middlewares/Third_Party/EdgeImpulse_POC-APPSC_MachineLearning/edgeimpulse/edge-impulse-sdk/classifier/ei_fill_result_struct.h:347:49:EI_IMPULSE_ERROR fill_result_struct_f32(const ei_impulse_t*, ei_impulse_result_t*, float*, bool)	32	static
../Middlewares/Third_Party/EdgeImpulse_POC-APPSC_MachineLearning/edgeimpulse/edge-impulse-sdk/classifier/ei_fill_result_struct.h:370:49:EI_IMPULSE_ERROR fill_result_struct_f32_yolov5(const ei_impulse_t*, ei_impulse_result_t*, int, float*, size_t)	24	static
../Middlewares/Third_Party/EdgeImpulse_POC-APPSC_MachineLearning/edgeimpulse/edge-impulse-sdk/classifier/ei_fill_result_struct.h:456:49:EI_IMPULSE_ERROR fill_result_struct_f32_yolox(const ei_impulse_t*, ei_impulse_result_t*, float*, size_t)	24	static
../Middlewares/Third_Party/EdgeImpulse_POC-APPSC_MachineLearning/edgeimpulse/edge-impulse-sdk/classifier/inferencing_engines/tflite_eon.h:64:25:EI_IMPULSE_ERROR inference_tflite_setup(const ei_impulse_t*, uint64_t*, TfLiteTensor**, TfLiteTensor**, TfLiteTensor**, TfLiteTensor**, ei_unique_ptr_t&)	32	static
../Middlewares/Third_Party/EdgeImpulse_POC-APPSC_MachineLearning/edgeimpulse/edge-impulse-sdk/classifier/inferencing_engines/tflite_eon.h:120:25:EI_IMPULSE_ERROR inference_tflite_run(const ei_impulse_t*, uint64_t, TfLiteTensor*, TfLiteTensor*, TfLiteTensor*, uint8_t*, ei_impulse_result_t*, bool)	64	static
../Middlewares/Third_Party/EdgeImpulse_POC-APPSC_MachineLearning/edgeimpulse/edge-impulse-sdk/classifier/inferencing_engines/tflite_eon.h:219:18:EI_IMPULSE_ERROR run_nn_inference(const ei_impulse_t*, ei::matrix_t*, ei_impulse_result_t*, bool)	144	static
../Middlewares/Third_Party/EdgeImpulse_POC-APPSC_MachineLearning/edgeimpulse/edge-impulse-sdk/classifier/inferencing_engines/tflite_eon.h:291:18:EI_IMPULSE_ERROR run_nn_inference_image_quantized(const ei_impulse_t*, ei::signal_t*, ei_impulse_result_t*, bool)	160	static
../Middlewares/Third_Party/EdgeImpulse_POC-APPSC_MachineLearning/edgeimpulse/edge-impulse-sdk/classifier/ei_run_classifier.h:119:29:EI_IMPULSE_ERROR {anonymous}::run_inference(const ei_impulse_t*, ei::matrix_t*, ei_impulse_result_t*, bool)	32	static
../Middlewares/Third_Party/EdgeImpulse_POC-APPSC_MachineLearning/edgeimpulse/edge-impulse-sdk/classifier/ei_signal_with_axes.h:29:7:SignalWithAxes::~SignalWithAxes()	16	static
../Middlewares/Third_Party/EdgeImpulse_POC-APPSC_MachineLearning/edgeimpulse/edge-impulse-sdk/classifier/ei_run_classifier.h:158:29:EI_IMPULSE_ERROR {anonymous}::process_impulse(const ei_impulse_t*, ei::signal_t*, ei_impulse_result_t*, bool)	176	static
../Middlewares/Third_Party/EdgeImpulse_POC-APPSC_MachineLearning/edgeimpulse/edge-impulse-sdk/classifier/ei_run_classifier.h:249:79:void __tcf_0()	8	static
../Middlewares/Third_Party/EdgeImpulse_POC-APPSC_MachineLearning/edgeimpulse/edge-impulse-sdk/classifier/ei_run_classifier.h:242:29:EI_IMPULSE_ERROR {anonymous}::process_impulse_continuous(const ei_impulse_t*, ei::signal_t*, ei_impulse_result_t*, bool, bool)	248	static
../Middlewares/Third_Party/EdgeImpulse_POC-APPSC_MachineLearning/edgeimpulse/edge-impulse-sdk/classifier/ei_run_classifier.h:416:31:const ei_impulse_t {anonymous}::ei_construct_impulse()	16	static
../Middlewares/Third_Party/EdgeImpulse_POC-APPSC_MachineLearning/edgeimpulse/edge-impulse-sdk/classifier/ei_run_classifier.h:542:49:EI_IMPULSE_ERROR {anonymous}::can_run_classifier_image_quantized(const ei_impulse_t*)	16	static
../Middlewares/Third_Party/EdgeImpulse_POC-APPSC_MachineLearning/edgeimpulse/edge-impulse-sdk/classifier/ei_run_classifier.h:575:29:EI_IMPULSE_ERROR {anonymous}::run_classifier_image_quantized(const ei_impulse_t*, ei::signal_t*, ei_impulse_result_t*, bool)	32	static
../Middlewares/Third_Party/EdgeImpulse_POC-APPSC_MachineLearning/edgeimpulse/edge-impulse-sdk/classifier/ei_run_classifier.h:602:17:void {anonymous}::run_classifier_init()	184	static
../Middlewares/Third_Party/EdgeImpulse_POC-APPSC_MachineLearning/edgeimpulse/edge-impulse-sdk/classifier/ei_run_classifier.h:628:30:void {anonymous}::run_classifier_init(const ei_impulse_t*)	32	static
../Middlewares/Third_Party/EdgeImpulse_POC-APPSC_MachineLearning/edgeimpulse/edge-impulse-sdk/classifier/ei_run_classifier.h:643:17:void {anonymous}::run_classifier_deinit()	16	static
../Middlewares/Third_Party/EdgeImpulse_POC-APPSC_MachineLearning/edgeimpulse/edge-impulse-sdk/classifier/ei_run_classifier.h:660:29:EI_IMPULSE_ERROR {anonymous}::run_classifier_continuous(ei::signal_t*, ei_impulse_result_t*, bool, bool)	200	static
../Middlewares/Third_Party/EdgeImpulse_POC-APPSC_MachineLearning/edgeimpulse/edge-impulse-sdk/classifier/ei_run_classifier.h:685:42:EI_IMPULSE_ERROR {anonymous}::run_classifier_continuous(const ei_impulse_t*, ei::signal_t*, ei_impulse_result_t*, bool, bool)	32	static
../Middlewares/Third_Party/EdgeImpulse_POC-APPSC_MachineLearning/edgeimpulse/edge-impulse-sdk/classifier/ei_run_classifier.h:702:29:EI_IMPULSE_ERROR {anonymous}::run_classifier(ei::signal_t*, ei_impulse_result_t*, bool)	192	static
../Middlewares/Third_Party/EdgeImpulse_POC-APPSC_MachineLearning/edgeimpulse/edge-impulse-sdk/classifier/ei_run_classifier.h:723:42:EI_IMPULSE_ERROR {anonymous}::run_classifier(const ei_impulse_t*, ei::signal_t*, ei_impulse_result_t*, bool)	24	static
../Middlewares/Third_Party/EdgeImpulse_POC-APPSC_MachineLearning/edgeimpulse/edge-impulse-sdk/classifier/ei_run_classifier.h:747:42:EI_IMPULSE_ERROR {anonymous}::run_impulse(ei_impulse_result_t*, std::function<void(float*, unsigned int)>, bool)	272	static
../Core/Src/main.cpp:42:6:void vprint(const char*, va_list)	216	static
../Core/Src/main.cpp:51:6:)	16	static
../Core/Src/main.cpp:57:5:int get_feature_data(size_t, size_t, float*)	32	static
../Core/Src/main.cpp:98:5:int main()	304	static
../Core/Src/main.cpp:188:6:void HAL_GPIO_EXTI_Callback(uint16_t)	24	static,ignoring_inline_asm
../Core/Src/main.cpp:208:6:void SystemClock_Config()	128	static
../Core/Src/main.cpp:262:6:void Error_Handler()	4	static,ignoring_inline_asm
../Core/Src/main.cpp:281:6:void assert_failed(uint8_t*, uint32_t)	16	static
c:\ostap\stm32cubeide_1.10.1\stm32cubeide\plugins\com.st.stm32cube.ide.mcu.externaltools.gnu-tools-for-stm32.10.3-2021.10.win32_1.0.0.202111181127\tools\arm-none-eabi\include\c++\10.3.1\bits\stl_bvector.h:666:7:std::vector<bool, _Alloc>::vector(std::vector<bool, _Alloc>::size_type, const bool&, const allocator_type&) [with _Alloc = ei::EiAlloc<bool>]	24	static
c:\ostap\stm32cubeide_1.10.1\stm32cubeide\plugins\com.st.stm32cube.ide.mcu.externaltools.gnu-tools-for-stm32.10.3-2021.10.win32_1.0.0.202111181127\tools\arm-none-eabi\include\c++\10.3.1\bits\stl_bvector.h:737:7:std::vector<bool, _Alloc>::~vector() [with _Alloc = ei::EiAlloc<bool>]	16	static
c:\ostap\stm32cubeide_1.10.1\stm32cubeide\plugins\com.st.stm32cube.ide.mcu.externaltools.gnu-tools-for-stm32.10.3-2021.10.win32_1.0.0.202111181127\tools\arm-none-eabi\include\c++\10.3.1\bits\stl_bvector.h:909:7:std::vector<bool, _Alloc>::reference std::vector<bool, _Alloc>::operator[](std::vector<bool, _Alloc>::size_type) [with _Alloc = ei::EiAlloc<bool>]	32	static
c:\ostap\stm32cubeide_1.10.1\stm32cubeide\plugins\com.st.stm32cube.ide.mcu.externaltools.gnu-tools-for-stm32.10.3-2021.10.win32_1.0.0.202111181127\tools\arm-none-eabi\include\c++\10.3.1\bits\move.h:101:5:constexpr typename std::remove_reference<_Tp>::type&& std::move(_Tp&&) [with _Tp = long unsigned int&]	16	static
c:\ostap\stm32cubeide_1.10.1\stm32cubeide\plugins\com.st.stm32cube.ide.mcu.externaltools.gnu-tools-for-stm32.10.3-2021.10.win32_1.0.0.202111181127\tools\arm-none-eabi\include\c++\10.3.1\bits\move.h:189:5:std::_Require<std::__not_<std::__is_tuple_like<_Tp> >, std::is_move_constructible<_Tp>, std::is_move_assignable<_Tp> > std::swap(_Tp&, _Tp&) [with _Tp = long unsigned int]	24	static
c:\ostap\stm32cubeide_1.10.1\stm32cubeide\plugins\com.st.stm32cube.ide.mcu.externaltools.gnu-tools-for-stm32.10.3-2021.10.win32_1.0.0.202111181127\tools\arm-none-eabi\include\c++\10.3.1\bits\std_function.h:457:2:)>::operator=(_Functor&&) [with _Functor = ei::numpy::signal_from_buffer(const float*, size_t, ei::signal_t*)::<lambda(size_t, size_t, float*)>; _Res = int; _ArgTypes = {unsigned int, unsigned int, float*}]	32	static
c:\ostap\stm32cubeide_1.10.1\stm32cubeide\plugins\com.st.stm32cube.ide.mcu.externaltools.gnu-tools-for-stm32.10.3-2021.10.win32_1.0.0.202111181127\tools\arm-none-eabi\include\c++\10.3.1\cmath:415:5:constexpr typename __gnu_cxx::__promote_2<_Tp, _Up>::__type std::pow(_Tp, _Up) [with _Tp = float; _Up = int]	24	static
c:\ostap\stm32cubeide_1.10.1\stm32cubeide\plugins\com.st.stm32cube.ide.mcu.externaltools.gnu-tools-for-stm32.10.3-2021.10.win32_1.0.0.202111181127\tools\arm-none-eabi\include\c++\10.3.1\bits\unique_ptr.h:210:40:std::__uniq_ptr_data<void, void (*)(void*), true, true>::__uniq_ptr_data(std::__uniq_ptr_impl<void, void (*)(void*)>::pointer, _Del&&) [with _Del = void (*)(void*)][inherited from std::__uniq_ptr_impl<void, void (*)(void*)>]	24	static
c:\ostap\stm32cubeide_1.10.1\stm32cubeide\plugins\com.st.stm32cube.ide.mcu.externaltools.gnu-tools-for-stm32.10.3-2021.10.win32_1.0.0.202111181127\tools\arm-none-eabi\include\c++\10.3.1\bits\unique_ptr.h:306:2:std::unique_ptr<_Tp, _Dp>::unique_ptr(std::unique_ptr<_Tp, _Dp>::pointer, std::__enable_if_t<(! std::is_lvalue_reference<_Del>::value), _Del&&>) [with _Del = void (*)(void*); <template-parameter-2-2> = void; _Tp = void; _Dp = void (*)(void*)]	32	static
c:\ostap\stm32cubeide_1.10.1\stm32cubeide\plugins\com.st.stm32cube.ide.mcu.externaltools.gnu-tools-for-stm32.10.3-2021.10.win32_1.0.0.202111181127\tools\arm-none-eabi\include\c++\10.3.1\bits\unique_ptr.h:355:7:std::unique_ptr<_Tp, _Dp>::~unique_ptr() [with _Tp = void; _Dp = void (*)(void*)]	32	static
c:\ostap\stm32cubeide_1.10.1\stm32cubeide\plugins\com.st.stm32cube.ide.mcu.externaltools.gnu-tools-for-stm32.10.3-2021.10.win32_1.0.0.202111181127\tools\arm-none-eabi\include\c++\10.3.1\bits\unique_ptr.h:452:7:void std::unique_ptr<_Tp, _Dp>::reset(std::unique_ptr<_Tp, _Dp>::pointer) [with _Tp = void; _Dp = void (*)(void*)]	24	static
c:\ostap\stm32cubeide_1.10.1\stm32cubeide\plugins\com.st.stm32cube.ide.mcu.externaltools.gnu-tools-for-stm32.10.3-2021.10.win32_1.0.0.202111181127\tools\arm-none-eabi\include\c++\10.3.1\bits\stl_algobase.h:254:5:constexpr const _Tp& std::max(const _Tp&, const _Tp&) [with _Tp = float]	16	static
c:\ostap\stm32cubeide_1.10.1\stm32cubeide\plugins\com.st.stm32cube.ide.mcu.externaltools.gnu-tools-for-stm32.10.3-2021.10.win32_1.0.0.202111181127\tools\arm-none-eabi\include\c++\10.3.1\bits\std_function.h:617:5:) const [with _Res = int; _ArgTypes = {unsigned int, unsigned int, float*}]	40	static
c:\ostap\stm32cubeide_1.10.1\stm32cubeide\plugins\com.st.stm32cube.ide.mcu.externaltools.gnu-tools-for-stm32.10.3-2021.10.win32_1.0.0.202111181127\tools\arm-none-eabi\include\c++\10.3.1\cmath:272:5:constexpr typename __gnu_cxx::__enable_if<std::__is_integer<_Tp>::__value, double>::__type std::floor(_Tp) [with _Tp = int]	16	static
c:\ostap\stm32cubeide_1.10.1\stm32cubeide\plugins\com.st.stm32cube.ide.mcu.externaltools.gnu-tools-for-stm32.10.3-2021.10.win32_1.0.0.202111181127\tools\arm-none-eabi\include\c++\10.3.1\bits\stl_vector.h:131:2:std::_Vector_base<_Tp, _Alloc>::_Vector_impl::_Vector_impl() [with _Tp = ei::spectral::processing::freq_peak_t; _Alloc = ei::EiAlloc<ei::spectral::processing::freq_peak_t>]	16	static
c:\ostap\stm32cubeide_1.10.1\stm32cubeide\plugins\com.st.stm32cube.ide.mcu.externaltools.gnu-tools-for-stm32.10.3-2021.10.win32_1.0.0.202111181127\tools\arm-none-eabi\include\c++\10.3.1\bits\stl_vector.h:333:7:std::_Vector_base<_Tp, _Alloc>::~_Vector_base() [with _Tp = ei::spectral::processing::freq_peak_t; _Alloc = ei::EiAlloc<ei::spectral::processing::freq_peak_t>]	16	static
c:\ostap\stm32cubeide_1.10.1\stm32cubeide\plugins\com.st.stm32cube.ide.mcu.externaltools.gnu-tools-for-stm32.10.3-2021.10.win32_1.0.0.202111181127\tools\arm-none-eabi\include\c++\10.3.1\bits\stl_vector.h:678:7:std::vector<_Tp, _Alloc>::~vector() [with _Tp = ei::spectral::processing::freq_peak_t; _Alloc = ei::EiAlloc<ei::spectral::processing::freq_peak_t>]	24	static
c:\ostap\stm32cubeide_1.10.1\stm32cubeide\plugins\com.st.stm32cube.ide.mcu.externaltools.gnu-tools-for-stm32.10.3-2021.10.win32_1.0.0.202111181127\tools\arm-none-eabi\include\c++\10.3.1\bits\stl_vector.h:1187:7:void std::vector<_Tp, _Alloc>::push_back(const value_type&) [with _Tp = ei::spectral::processing::freq_peak_t; _Alloc = ei::EiAlloc<ei::spectral::processing::freq_peak_t>]	16	static
c:\ostap\stm32cubeide_1.10.1\stm32cubeide\plugins\com.st.stm32cube.ide.mcu.externaltools.gnu-tools-for-stm32.10.3-2021.10.win32_1.0.0.202111181127\tools\arm-none-eabi\include\c++\10.3.1\bits\stl_vector.h:811:7:std::vector<_Tp, _Alloc>::iterator std::vector<_Tp, _Alloc>::begin() [with _Tp = ei::spectral::processing::freq_peak_t; _Alloc = ei::EiAlloc<ei::spectral::processing::freq_peak_t>]	24	static
c:\ostap\stm32cubeide_1.10.1\stm32cubeide\plugins\com.st.stm32cube.ide.mcu.externaltools.gnu-tools-for-stm32.10.3-2021.10.win32_1.0.0.202111181127\tools\arm-none-eabi\include\c++\10.3.1\bits\stl_vector.h:829:7:std::vector<_Tp, _Alloc>::iterator std::vector<_Tp, _Alloc>::end() [with _Tp = ei::spectral::processing::freq_peak_t; _Alloc = ei::EiAlloc<ei::spectral::processing::freq_peak_t>]	24	static
c:\ostap\stm32cubeide_1.10.1\stm32cubeide\plugins\com.st.stm32cube.ide.mcu.externaltools.gnu-tools-for-stm32.10.3-2021.10.win32_1.0.0.202111181127\tools\arm-none-eabi\include\c++\10.3.1\bits\stl_algo.h:4887:5:void std::sort(_RAIter, _RAIter, _Compare) [with _RAIter = __gnu_cxx::__normal_iterator<ei::spectral::processing::freq_peak_t*, std::vector<ei::spectral::processing::freq_peak_t, ei::EiAlloc<ei::spectral::processing::freq_peak_t> > >; _Compare = ei::spectral::processing::find_fft_peaks(ei::matrix_t*, ei::matrix_t*, float, float, uint16_t)::<lambda(const ei::spectral::processing::freq_peak_t&, const ei::spectral::processing::freq_peak_t&)>]	32	static
c:\ostap\stm32cubeide_1.10.1\stm32cubeide\plugins\com.st.stm32cube.ide.mcu.externaltools.gnu-tools-for-stm32.10.3-2021.10.win32_1.0.0.202111181127\tools\arm-none-eabi\include\c++\10.3.1\bits\stl_vector.h:918:7:std::vector<_Tp, _Alloc>::size_type std::vector<_Tp, _Alloc>::size() const [with _Tp = ei::spectral::processing::freq_peak_t; _Alloc = ei::EiAlloc<ei::spectral::processing::freq_peak_t>]	16	static
c:\ostap\stm32cubeide_1.10.1\stm32cubeide\plugins\com.st.stm32cube.ide.mcu.externaltools.gnu-tools-for-stm32.10.3-2021.10.win32_1.0.0.202111181127\tools\arm-none-eabi\include\c++\10.3.1\bits\stl_vector.h:1043:7:std::vector<_Tp, _Alloc>::reference std::vector<_Tp, _Alloc>::operator[](std::vector<_Tp, _Alloc>::size_type) [with _Tp = ei::spectral::processing::freq_peak_t; _Alloc = ei::EiAlloc<ei::spectral::processing::freq_peak_t>]	16	static
c:\ostap\stm32cubeide_1.10.1\stm32cubeide\plugins\com.st.stm32cube.ide.mcu.externaltools.gnu-tools-for-stm32.10.3-2021.10.win32_1.0.0.202111181127\tools\arm-none-eabi\include\c++\10.3.1\bits\std_function.h:498:16:)>::operator bool() const [with _Res = int; _ArgTypes = {unsigned int, unsigned int, float*}]	16	static
c:\ostap\stm32cubeide_1.10.1\stm32cubeide\plugins\com.st.stm32cube.ide.mcu.externaltools.gnu-tools-for-stm32.10.3-2021.10.win32_1.0.0.202111181127\tools\arm-none-eabi\include\c++\10.3.1\bits\stl_vector.h:1498:7:void std::vector<_Tp, _Alloc>::clear() [with _Tp = long unsigned int; _Alloc = std::allocator<long unsigned int>]	16	static
c:\ostap\stm32cubeide_1.10.1\stm32cubeide\plugins\com.st.stm32cube.ide.mcu.externaltools.gnu-tools-for-stm32.10.3-2021.10.win32_1.0.0.202111181127\tools\arm-none-eabi\include\c++\10.3.1\bits\stl_vector.h:1203:7:void std::vector<_Tp, _Alloc>::push_back(std::vector<_Tp, _Alloc>::value_type&&) [with _Tp = long unsigned int; _Alloc = std::allocator<long unsigned int>]	16	static
c:\ostap\stm32cubeide_1.10.1\stm32cubeide\plugins\com.st.stm32cube.ide.mcu.externaltools.gnu-tools-for-stm32.10.3-2021.10.win32_1.0.0.202111181127\tools\arm-none-eabi\include\c++\10.3.1\bits\stl_vector.h:131:2:std::_Vector_base<_Tp, _Alloc>::_Vector_impl::_Vector_impl() [with _Tp = long unsigned int; _Alloc = std::allocator<long unsigned int>]	16	static
c:\ostap\stm32cubeide_1.10.1\stm32cubeide\plugins\com.st.stm32cube.ide.mcu.externaltools.gnu-tools-for-stm32.10.3-2021.10.win32_1.0.0.202111181127\tools\arm-none-eabi\include\c++\10.3.1\bits\allocator.h:182:7:std::allocator< <template-parameter-1-1> >::~allocator() [with _Tp = long unsigned int]	16	static
c:\ostap\stm32cubeide_1.10.1\stm32cubeide\plugins\com.st.stm32cube.ide.mcu.externaltools.gnu-tools-for-stm32.10.3-2021.10.win32_1.0.0.202111181127\tools\arm-none-eabi\include\c++\10.3.1\bits\stl_vector.h:333:7:std::_Vector_base<_Tp, _Alloc>::~_Vector_base() [with _Tp = long unsigned int; _Alloc = std::allocator<long unsigned int>]	16	static
c:\ostap\stm32cubeide_1.10.1\stm32cubeide\plugins\com.st.stm32cube.ide.mcu.externaltools.gnu-tools-for-stm32.10.3-2021.10.win32_1.0.0.202111181127\tools\arm-none-eabi\include\c++\10.3.1\bits\stl_vector.h:678:7:std::vector<_Tp, _Alloc>::~vector() [with _Tp = long unsigned int; _Alloc = std::allocator<long unsigned int>]	24	static
c:\ostap\stm32cubeide_1.10.1\stm32cubeide\plugins\com.st.stm32cube.ide.mcu.externaltools.gnu-tools-for-stm32.10.3-2021.10.win32_1.0.0.202111181127\tools\arm-none-eabi\include\c++\10.3.1\bits\stl_vector.h:918:7:std::vector<_Tp, _Alloc>::size_type std::vector<_Tp, _Alloc>::size() const [with _Tp = long unsigned int; _Alloc = std::allocator<long unsigned int>]	16	static
c:\ostap\stm32cubeide_1.10.1\stm32cubeide\plugins\com.st.stm32cube.ide.mcu.externaltools.gnu-tools-for-stm32.10.3-2021.10.win32_1.0.0.202111181127\tools\arm-none-eabi\include\c++\10.3.1\bits\stl_vector.h:1092:7:std::vector<_Tp, _Alloc>::reference std::vector<_Tp, _Alloc>::at(std::vector<_Tp, _Alloc>::size_type) [with _Tp = long unsigned int; _Alloc = std::allocator<long unsigned int>]	16	static
c:\ostap\stm32cubeide_1.10.1\stm32cubeide\plugins\com.st.stm32cube.ide.mcu.externaltools.gnu-tools-for-stm32.10.3-2021.10.win32_1.0.0.202111181127\tools\arm-none-eabi\include\c++\10.3.1\bits\std_function.h:330:7:)>::function() [with _Res = int; _ArgTypes = {unsigned int, unsigned int, float*}]	16	static
c:\ostap\stm32cubeide_1.10.1\stm32cubeide\plugins\com.st.stm32cube.ide.mcu.externaltools.gnu-tools-for-stm32.10.3-2021.10.win32_1.0.0.202111181127\tools\arm-none-eabi\include\c++\10.3.1\bits\std_function.h:457:2:)>::operator=(_Functor&&) [with _Functor = SignalWithRange::get_signal()::<lambda(size_t, size_t, float*)>; _Res = int; _ArgTypes = {unsigned int, unsigned int, float*}]	32	static
c:\ostap\stm32cubeide_1.10.1\stm32cubeide\plugins\com.st.stm32cube.ide.mcu.externaltools.gnu-tools-for-stm32.10.3-2021.10.win32_1.0.0.202111181127\tools\arm-none-eabi\include\c++\10.3.1\bits\std_function.h:457:2:)>::operator=(_Functor&&) [with _Functor = int (*)(unsigned int, unsigned int, float*); _Res = int; _ArgTypes = {unsigned int, unsigned int, float*}]	32	static
c:\ostap\stm32cubeide_1.10.1\stm32cubeide\plugins\com.st.stm32cube.ide.mcu.externaltools.gnu-tools-for-stm32.10.3-2021.10.win32_1.0.0.202111181127\tools\arm-none-eabi\include\c++\10.3.1\bits\std_function.h:396:7:)>&) [with _Res = int; _ArgTypes = {unsigned int, unsigned int, float*}]	32	static
c:\ostap\stm32cubeide_1.10.1\stm32cubeide\plugins\com.st.stm32cube.ide.mcu.externaltools.gnu-tools-for-stm32.10.3-2021.10.win32_1.0.0.202111181127\tools\arm-none-eabi\include\c++\10.3.1\bits\std_function.h:457:2:)>::operator=(_Functor&&) [with _Functor = SignalWithAxes::get_signal()::<lambda(size_t, size_t, float*)>; _Res = int; _ArgTypes = {unsigned int, unsigned int, float*}]	32	static
c:\ostap\stm32cubeide_1.10.1\stm32cubeide\plugins\com.st.stm32cube.ide.mcu.externaltools.gnu-tools-for-stm32.10.3-2021.10.win32_1.0.0.202111181127\tools\arm-none-eabi\include\c++\10.3.1\bits\unique_ptr.h:421:7:std::unique_ptr<_Tp, _Dp>::pointer std::unique_ptr<_Tp, _Dp>::get() const [with _Tp = void; _Dp = void (*)(void*)]	16	static
c:\ostap\stm32cubeide_1.10.1\stm32cubeide\plugins\com.st.stm32cube.ide.mcu.externaltools.gnu-tools-for-stm32.10.3-2021.10.win32_1.0.0.202111181127\tools\arm-none-eabi\include\c++\10.3.1\bits\std_function.h:617:5:) const [with _Res = void; _ArgTypes = {float*, unsigned int}]	40	static
c:\ostap\stm32cubeide_1.10.1\stm32cubeide\plugins\com.st.stm32cube.ide.mcu.externaltools.gnu-tools-for-stm32.10.3-2021.10.win32_1.0.0.202111181127\tools\arm-none-eabi\include\c++\10.3.1\bits\stl_bvector.h:542:7:std::_Bvector_base<_Alloc>::_Bvector_base(const allocator_type&) [with _Alloc = ei::EiAlloc<bool>]	32	static
c:\ostap\stm32cubeide_1.10.1\stm32cubeide\plugins\com.st.stm32cube.ide.mcu.externaltools.gnu-tools-for-stm32.10.3-2021.10.win32_1.0.0.202111181127\tools\arm-none-eabi\include\c++\10.3.1\bits\stl_bvector.h:549:7:std::_Bvector_base<_Alloc>::~_Bvector_base() [with _Alloc = ei::EiAlloc<bool>]	16	static
c:\ostap\stm32cubeide_1.10.1\stm32cubeide\plugins\com.st.stm32cube.ide.mcu.externaltools.gnu-tools-for-stm32.10.3-2021.10.win32_1.0.0.202111181127\tools\arm-none-eabi\include\c++\10.3.1\bits\stl_bvector.h:1143:7:void std::vector<bool, _Alloc>::_M_initialize(std::vector<bool, _Alloc>::size_type) [with _Alloc = ei::EiAlloc<bool>]	56	static
c:\ostap\stm32cubeide_1.10.1\stm32cubeide\plugins\com.st.stm32cube.ide.mcu.externaltools.gnu-tools-for-stm32.10.3-2021.10.win32_1.0.0.202111181127\tools\arm-none-eabi\include\c++\10.3.1\bits\stl_bvector.h:1161:7:void std::vector<bool, _Alloc>::_M_initialize_value(bool) [with _Alloc = ei::EiAlloc<bool>]	32	static
c:\ostap\stm32cubeide_1.10.1\stm32cubeide\plugins\com.st.stm32cube.ide.mcu.externaltools.gnu-tools-for-stm32.10.3-2021.10.win32_1.0.0.202111181127\tools\arm-none-eabi\include\c++\10.3.1\bits\move.h:76:5:constexpr _Tp&& std::forward(typename std::remove_reference<_Tp>::type&) [with _Tp = ei::numpy::signal_from_buffer(const float*, size_t, ei::signal_t*)::<lambda(size_t, size_t, float*)>]	16	static
c:\ostap\stm32cubeide_1.10.1\stm32cubeide\plugins\com.st.stm32cube.ide.mcu.externaltools.gnu-tools-for-stm32.10.3-2021.10.win32_1.0.0.202111181127\tools\arm-none-eabi\include\c++\10.3.1\bits\std_function.h:601:7:)>::function(_Functor) [with _Functor = ei::numpy::signal_from_buffer(const float*, size_t, ei::signal_t*)::<lambda(size_t, size_t, float*)>; <template-parameter-2-2> = void; <template-parameter-2-3> = void; _Res = int; _ArgTypes = {unsigned int, unsigned int, float*}]	24	static
c:\ostap\stm32cubeide_1.10.1\stm32cubeide\plugins\com.st.stm32cube.ide.mcu.externaltools.gnu-tools-for-stm32.10.3-2021.10.win32_1.0.0.202111181127\tools\arm-none-eabi\include\c++\10.3.1\bits\std_function.h:481:12:)>&) [with _Res = int; _ArgTypes = {unsigned int, unsigned int, float*}]	16	static
c:\ostap\stm32cubeide_1.10.1\stm32cubeide\plugins\com.st.stm32cube.ide.mcu.externaltools.gnu-tools-for-stm32.10.3-2021.10.win32_1.0.0.202111181127\tools\arm-none-eabi\include\c++\10.3.1\bits\move.h:101:5:constexpr typename std::remove_reference<_Tp>::type&& std::move(_Tp&&) [with _Tp = void (*&)(void*)]	16	static
c:\ostap\stm32cubeide_1.10.1\stm32cubeide\plugins\com.st.stm32cube.ide.mcu.externaltools.gnu-tools-for-stm32.10.3-2021.10.win32_1.0.0.202111181127\tools\arm-none-eabi\include\c++\10.3.1\bits\unique_ptr.h:158:7:std::__uniq_ptr_impl<_Tp, _Dp>::__uniq_ptr_impl(std::__uniq_ptr_impl<_Tp, _Dp>::pointer, _Del&&) [with _Del = void (*)(void*); _Tp = void; _Dp = void (*)(void*)]	32	static
c:\ostap\stm32cubeide_1.10.1\stm32cubeide\plugins\com.st.stm32cube.ide.mcu.externaltools.gnu-tools-for-stm32.10.3-2021.10.win32_1.0.0.202111181127\tools\arm-none-eabi\include\c++\10.3.1\bits\unique_ptr.h:172:18:std::__uniq_ptr_impl<_Tp, _Dp>::pointer& std::__uniq_ptr_impl<_Tp, _Dp>::_M_ptr() [with _Tp = void; _Dp = void (*)(void*)]	16	static
c:\ostap\stm32cubeide_1.10.1\stm32cubeide\plugins\com.st.stm32cube.ide.mcu.externaltools.gnu-tools-for-stm32.10.3-2021.10.win32_1.0.0.202111181127\tools\arm-none-eabi\include\c++\10.3.1\bits\unique_ptr.h:426:7:std::unique_ptr<_Tp, _Dp>::deleter_type& std::unique_ptr<_Tp, _Dp>::get_deleter() [with _Tp = void; _Dp = void (*)(void*)]	16	static
c:\ostap\stm32cubeide_1.10.1\stm32cubeide\plugins\com.st.stm32cube.ide.mcu.externaltools.gnu-tools-for-stm32.10.3-2021.10.win32_1.0.0.202111181127\tools\arm-none-eabi\include\c++\10.3.1\bits\move.h:101:5:constexpr typename std::remove_reference<_Tp>::type&& std::move(_Tp&&) [with _Tp = void*&]	16	static
c:\ostap\stm32cubeide_1.10.1\stm32cubeide\plugins\com.st.stm32cube.ide.mcu.externaltools.gnu-tools-for-stm32.10.3-2021.10.win32_1.0.0.202111181127\tools\arm-none-eabi\include\c++\10.3.1\bits\unique_ptr.h:177:12:void std::__uniq_ptr_impl<_Tp, _Dp>::reset(std::__uniq_ptr_impl<_Tp, _Dp>::pointer) [with _Tp = void; _Dp = void (*)(void*)]	24	static
c:\ostap\stm32cubeide_1.10.1\stm32cubeide\plugins\com.st.stm32cube.ide.mcu.externaltools.gnu-tools-for-stm32.10.3-2021.10.win32_1.0.0.202111181127\tools\arm-none-eabi\include\c++\10.3.1\bits\move.h:76:5:constexpr _Tp&& std::forward(typename std::remove_reference<_Tp>::type&) [with _Tp = unsigned int]	16	static
c:\ostap\stm32cubeide_1.10.1\stm32cubeide\plugins\com.st.stm32cube.ide.mcu.externaltools.gnu-tools-for-stm32.10.3-2021.10.win32_1.0.0.202111181127\tools\arm-none-eabi\include\c++\10.3.1\bits\move.h:76:5:constexpr _Tp&& std::forward(typename std::remove_reference<_Tp>::type&) [with _Tp = float*]	16	static
c:\ostap\stm32cubeide_1.10.1\stm32cubeide\plugins\com.st.stm32cube.ide.mcu.externaltools.gnu-tools-for-stm32.10.3-2021.10.win32_1.0.0.202111181127\tools\arm-none-eabi\include\c++\10.3.1\bits\stl_vector.h:97:2:std::_Vector_base<_Tp, _Alloc>::_Vector_impl_data::_Vector_impl_data() [with _Tp = ei::spectral::processing::freq_peak_t; _Alloc = ei::EiAlloc<ei::spectral::processing::freq_peak_t>]	16	static
c:\ostap\stm32cubeide_1.10.1\stm32cubeide\plugins\com.st.stm32cube.ide.mcu.externaltools.gnu-tools-for-stm32.10.3-2021.10.win32_1.0.0.202111181127\tools\arm-none-eabi\include\c++\10.3.1\bits\stl_vector.h:350:7:void std::_Vector_base<_Tp, _Alloc>::_M_deallocate(std::_Vector_base<_Tp, _Alloc>::pointer, std::size_t) [with _Tp = ei::spectral::processing::freq_peak_t; _Alloc = ei::EiAlloc<ei::spectral::processing::freq_peak_t>]	24	static
c:\ostap\stm32cubeide_1.10.1\stm32cubeide\plugins\com.st.stm32cube.ide.mcu.externaltools.gnu-tools-for-stm32.10.3-2021.10.win32_1.0.0.202111181127\tools\arm-none-eabi\include\c++\10.3.1\bits\stl_vector.h:276:7:std::_Vector_base<_Tp, _Alloc>::_Tp_alloc_type& std::_Vector_base<_Tp, _Alloc>::_M_get_Tp_allocator() [with _Tp = ei::spectral::processing::freq_peak_t; _Alloc = ei::EiAlloc<ei::spectral::processing::freq_peak_t>]	16	static
c:\ostap\stm32cubeide_1.10.1\stm32cubeide\plugins\com.st.stm32cube.ide.mcu.externaltools.gnu-tools-for-stm32.10.3-2021.10.win32_1.0.0.202111181127\tools\arm-none-eabi\include\c++\10.3.1\bits\alloc_traits.h:721:5:void std::_Destroy(_ForwardIterator, _ForwardIterator, _Allocator&) [with _ForwardIterator = ei::spectral::processing::freq_peak_t*; _Allocator = ei::EiAlloc<ei::spectral::processing::freq_peak_t>]	24	static
c:\ostap\stm32cubeide_1.10.1\stm32cubeide\plugins\com.st.stm32cube.ide.mcu.externaltools.gnu-tools-for-stm32.10.3-2021.10.win32_1.0.0.202111181127\tools\arm-none-eabi\include\c++\10.3.1\bits\alloc_traits.h:356:2:) [with _Tp = ei::spectral::processing::freq_peak_t; _Args = {const ei::spectral::processing::freq_peak_t&}; _Alloc = ei::EiAlloc<ei::spectral::processing::freq_peak_t>]	24	static
c:\ostap\stm32cubeide_1.10.1\stm32cubeide\plugins\com.st.stm32cube.ide.mcu.externaltools.gnu-tools-for-stm32.10.3-2021.10.win32_1.0.0.202111181127\tools\arm-none-eabi\include\c++\10.3.1\bits\stl_vector.h:444:7:static constexpr bool std::vector<_Tp, _Alloc>::_S_use_relocate() [with _Tp = ei::spectral::processing::freq_peak_t; _Alloc = ei::EiAlloc<ei::spectral::processing::freq_peak_t>]	16	static
c:\ostap\stm32cubeide_1.10.1\stm32cubeide\plugins\com.st.stm32cube.ide.mcu.externaltools.gnu-tools-for-stm32.10.3-2021.10.win32_1.0.0.202111181127\tools\arm-none-eabi\include\c++\10.3.1\bits\stl_vector.h:431:7:static constexpr bool std::vector<_Tp, _Alloc>::_S_nothrow_relocate(std::true_type) [with _Tp = ei::spectral::processing::freq_peak_t; _Alloc = ei::EiAlloc<ei::spectral::processing::freq_peak_t>]	16	static
c:\ostap\stm32cubeide_1.10.1\stm32cubeide\plugins\com.st.stm32cube.ide.mcu.externaltools.gnu-tools-for-stm32.10.3-2021.10.win32_1.0.0.202111181127\tools\arm-none-eabi\include\c++\10.3.1\bits\vector.tcc:426:7:) [with _Args = {const ei::spectral::processing::freq_peak_t&}; _Tp = ei::spectral::processing::freq_peak_t; _Alloc = ei::EiAlloc<ei::spectral::processing::freq_peak_t>]	64	static
c:\ostap\stm32cubeide_1.10.1\stm32cubeide\plugins\com.st.stm32cube.ide.mcu.externaltools.gnu-tools-for-stm32.10.3-2021.10.win32_1.0.0.202111181127\tools\arm-none-eabi\include\c++\10.3.1\bits\stl_iterator.h:978:7:__gnu_cxx::__normal_iterator<_Iterator, _Container>::__normal_iterator(const _Iterator&) [with _Iterator = ei::spectral::processing::freq_peak_t*; _Container = std::vector<ei::spectral::processing::freq_peak_t, ei::EiAlloc<ei::spectral::processing::freq_peak_t> >]	16	static
c:\ostap\stm32cubeide_1.10.1\stm32cubeide\plugins\com.st.stm32cube.ide.mcu.externaltools.gnu-tools-for-stm32.10.3-2021.10.win32_1.0.0.202111181127\tools\arm-none-eabi\include\c++\10.3.1\bits\predefined_ops.h:162:5:constexpr __gnu_cxx::__ops::_Iter_comp_iter<_Compare> __gnu_cxx::__ops::__iter_comp_iter(_Compare) [with _Compare = ei::spectral::processing::find_fft_peaks(ei::matrix_t*, ei::matrix_t*, float, float, uint16_t)::<lambda(const ei::spectral::processing::freq_peak_t&, const ei::spectral::processing::freq_peak_t&)>]	32	static
c:\ostap\stm32cubeide_1.10.1\stm32cubeide\plugins\com.st.stm32cube.ide.mcu.externaltools.gnu-tools-for-stm32.10.3-2021.10.win32_1.0.0.202111181127\tools\arm-none-eabi\include\c++\10.3.1\bits\stl_algo.h:1974:5:void std::__sort(_RandomAccessIterator, _RandomAccessIterator, _Compare) [with _RandomAccessIterator = __gnu_cxx::__normal_iterator<ei::spectral::processing::freq_peak_t*, std::vector<ei::spectral::processing::freq_peak_t, ei::EiAlloc<ei::spectral::processing::freq_peak_t> > >; _Compare = __gnu_cxx::__ops::_Iter_comp_iter<ei::spectral::processing::find_fft_peaks(ei::matrix_t*, ei::matrix_t*, float, float, uint16_t)::<lambda(const ei::spectral::processing::freq_peak_t&, const ei::spectral::processing::freq_peak_t&)> >]	24	static
c:\ostap\stm32cubeide_1.10.1\stm32cubeide\plugins\com.st.stm32cube.ide.mcu.externaltools.gnu-tools-for-stm32.10.3-2021.10.win32_1.0.0.202111181127\tools\arm-none-eabi\include\c++\10.3.1\bits\stl_vector.h:1792:7:void std::vector<_Tp, _Alloc>::_M_erase_at_end(std::vector<_Tp, _Alloc>::pointer) [with _Tp = long unsigned int; _Alloc = std::allocator<long unsigned int>]	32	static
c:\ostap\stm32cubeide_1.10.1\stm32cubeide\plugins\com.st.stm32cube.ide.mcu.externaltools.gnu-tools-for-stm32.10.3-2021.10.win32_1.0.0.202111181127\tools\arm-none-eabi\include\c++\10.3.1\bits\vector.tcc:109:7:) [with _Args = {long unsigned int}; _Tp = long unsigned int; _Alloc = std::allocator<long unsigned int>]	24	static
c:\ostap\stm32cubeide_1.10.1\stm32cubeide\plugins\com.st.stm32cube.ide.mcu.externaltools.gnu-tools-for-stm32.10.3-2021.10.win32_1.0.0.202111181127\tools\arm-none-eabi\include\c++\10.3.1\bits\allocator.h:164:7:std::allocator< <template-parameter-1-1> >::allocator() [with _Tp = long unsigned int]	16	static
c:\ostap\stm32cubeide_1.10.1\stm32cubeide\plugins\com.st.stm32cube.ide.mcu.externaltools.gnu-tools-for-stm32.10.3-2021.10.win32_1.0.0.202111181127\tools\arm-none-eabi\include\c++\10.3.1\bits\stl_vector.h:97:2:std::_Vector_base<_Tp, _Alloc>::_Vector_impl_data::_Vector_impl_data() [with _Tp = long unsigned int; _Alloc = std::allocator<long unsigned int>]	16	static
c:\ostap\stm32cubeide_1.10.1\stm32cubeide\plugins\com.st.stm32cube.ide.mcu.externaltools.gnu-tools-for-stm32.10.3-2021.10.win32_1.0.0.202111181127\tools\arm-none-eabi\include\c++\10.3.1\ext\new_allocator.h:89:7:__gnu_cxx::new_allocator<_Tp>::~new_allocator() [with _Tp = long unsigned int]	16	static
c:\ostap\stm32cubeide_1.10.1\stm32cubeide\plugins\com.st.stm32cube.ide.mcu.externaltools.gnu-tools-for-stm32.10.3-2021.10.win32_1.0.0.202111181127\tools\arm-none-eabi\include\c++\10.3.1\bits\stl_vector.h:350:7:void std::_Vector_base<_Tp, _Alloc>::_M_deallocate(std::_Vector_base<_Tp, _Alloc>::pointer, std::size_t) [with _Tp = long unsigned int; _Alloc = std::allocator<long unsigned int>]	24	static
c:\ostap\stm32cubeide_1.10.1\stm32cubeide\plugins\com.st.stm32cube.ide.mcu.externaltools.gnu-tools-for-stm32.10.3-2021.10.win32_1.0.0.202111181127\tools\arm-none-eabi\include\c++\10.3.1\bits\stl_vector.h:276:7:std::_Vector_base<_Tp, _Alloc>::_Tp_alloc_type& std::_Vector_base<_Tp, _Alloc>::_M_get_Tp_allocator() [with _Tp = long unsigned int; _Alloc = std::allocator<long unsigned int>]	16	static
c:\ostap\stm32cubeide_1.10.1\stm32cubeide\plugins\com.st.stm32cube.ide.mcu.externaltools.gnu-tools-for-stm32.10.3-2021.10.win32_1.0.0.202111181127\tools\arm-none-eabi\include\c++\10.3.1\bits\alloc_traits.h:735:5:void std::_Destroy(_ForwardIterator, _ForwardIterator, std::allocator<_T2>&) [with _ForwardIterator = long unsigned int*; _Tp = long unsigned int]	24	static
c:\ostap\stm32cubeide_1.10.1\stm32cubeide\plugins\com.st.stm32cube.ide.mcu.externaltools.gnu-tools-for-stm32.10.3-2021.10.win32_1.0.0.202111181127\tools\arm-none-eabi\include\c++\10.3.1\bits\stl_vector.h:1070:7:void std::vector<_Tp, _Alloc>::_M_range_check(std::vector<_Tp, _Alloc>::size_type) const [with _Tp = long unsigned int; _Alloc = std::allocator<long unsigned int>]	16	static
c:\ostap\stm32cubeide_1.10.1\stm32cubeide\plugins\com.st.stm32cube.ide.mcu.externaltools.gnu-tools-for-stm32.10.3-2021.10.win32_1.0.0.202111181127\tools\arm-none-eabi\include\c++\10.3.1\bits\stl_vector.h:1043:7:std::vector<_Tp, _Alloc>::reference std::vector<_Tp, _Alloc>::operator[](std::vector<_Tp, _Alloc>::size_type) [with _Tp = long unsigned int; _Alloc = std::allocator<long unsigned int>]	16	static
c:\ostap\stm32cubeide_1.10.1\stm32cubeide\plugins\com.st.stm32cube.ide.mcu.externaltools.gnu-tools-for-stm32.10.3-2021.10.win32_1.0.0.202111181127\tools\arm-none-eabi\include\c++\10.3.1\bits\move.h:76:5:constexpr _Tp&& std::forward(typename std::remove_reference<_Tp>::type&) [with _Tp = SignalWithRange::get_signal()::<lambda(size_t, size_t, float*)>]	16	static
c:\ostap\stm32cubeide_1.10.1\stm32cubeide\plugins\com.st.stm32cube.ide.mcu.externaltools.gnu-tools-for-stm32.10.3-2021.10.win32_1.0.0.202111181127\tools\arm-none-eabi\include\c++\10.3.1\bits\std_function.h:601:7:)>::function(_Functor) [with _Functor = SignalWithRange::get_signal()::<lambda(size_t, size_t, float*)>; <template-parameter-2-2> = void; <template-parameter-2-3> = void; _Res = int; _ArgTypes = {unsigned int, unsigned int, float*}]	24	static
c:\ostap\stm32cubeide_1.10.1\stm32cubeide\plugins\com.st.stm32cube.ide.mcu.externaltools.gnu-tools-for-stm32.10.3-2021.10.win32_1.0.0.202111181127\tools\arm-none-eabi\include\c++\10.3.1\bits\move.h:76:5:constexpr _Tp&& std::forward(typename std::remove_reference<_Tp>::type&) [with _Tp = int (*)(unsigned int, unsigned int, float*)]	16	static
c:\ostap\stm32cubeide_1.10.1\stm32cubeide\plugins\com.st.stm32cube.ide.mcu.externaltools.gnu-tools-for-stm32.10.3-2021.10.win32_1.0.0.202111181127\tools\arm-none-eabi\include\c++\10.3.1\bits\std_function.h:601:7:)>::function(_Functor) [with _Functor = int (*)(unsigned int, unsigned int, float*); <template-parameter-2-2> = void; <template-parameter-2-3> = void; _Res = int; _ArgTypes = {unsigned int, unsigned int, float*}]	24	static
c:\ostap\stm32cubeide_1.10.1\stm32cubeide\plugins\com.st.stm32cube.ide.mcu.externaltools.gnu-tools-for-stm32.10.3-2021.10.win32_1.0.0.202111181127\tools\arm-none-eabi\include\c++\10.3.1\bits\std_function.h:587:5:)>&) [with _Res = int; _ArgTypes = {unsigned int, unsigned int, float*}]	16	static
c:\ostap\stm32cubeide_1.10.1\stm32cubeide\plugins\com.st.stm32cube.ide.mcu.externaltools.gnu-tools-for-stm32.10.3-2021.10.win32_1.0.0.202111181127\tools\arm-none-eabi\include\c++\10.3.1\bits\move.h:76:5:constexpr _Tp&& std::forward(typename std::remove_reference<_Tp>::type&) [with _Tp = SignalWithAxes::get_signal()::<lambda(size_t, size_t, float*)>]	16	static
c:\ostap\stm32cubeide_1.10.1\stm32cubeide\plugins\com.st.stm32cube.ide.mcu.externaltools.gnu-tools-for-stm32.10.3-2021.10.win32_1.0.0.202111181127\tools\arm-none-eabi\include\c++\10.3.1\bits\std_function.h:601:7:)>::function(_Functor) [with _Functor = SignalWithAxes::get_signal()::<lambda(size_t, size_t, float*)>; <template-parameter-2-2> = void; <template-parameter-2-3> = void; _Res = int; _ArgTypes = {unsigned int, unsigned int, float*}]	24	static
c:\ostap\stm32cubeide_1.10.1\stm32cubeide\plugins\com.st.stm32cube.ide.mcu.externaltools.gnu-tools-for-stm32.10.3-2021.10.win32_1.0.0.202111181127\tools\arm-none-eabi\include\c++\10.3.1\bits\unique_ptr.h:173:18:std::__uniq_ptr_impl<_Tp, _Dp>::pointer std::__uniq_ptr_impl<_Tp, _Dp>::_M_ptr() const [with _Tp = void; _Dp = void (*)(void*)]	16	static
../Middlewares/Third_Party/EdgeImpulse_POC-APPSC_MachineLearning/edgeimpulse/edge-impulse-sdk/dsp/ei_alloc.h:40:15:constexpr ei::EiAlloc<T>::EiAlloc(const ei::EiAlloc<U>&) [with U = bool; T = long unsigned int]	16	static
c:\ostap\stm32cubeide_1.10.1\stm32cubeide\plugins\com.st.stm32cube.ide.mcu.externaltools.gnu-tools-for-stm32.10.3-2021.10.win32_1.0.0.202111181127\tools\arm-none-eabi\include\c++\10.3.1\bits\stl_bvector.h:504:4:std::_Bvector_base<_Alloc>::_Bvector_impl::_Bvector_impl(const _Bit_alloc_type&) [with _Alloc = ei::EiAlloc<bool>]	16	static
c:\ostap\stm32cubeide_1.10.1\stm32cubeide\plugins\com.st.stm32cube.ide.mcu.externaltools.gnu-tools-for-stm32.10.3-2021.10.win32_1.0.0.202111181127\tools\arm-none-eabi\include\c++\10.3.1\bits\stl_bvector.h:560:7:void std::_Bvector_base<_Alloc>::_M_deallocate() [with _Alloc = ei::EiAlloc<bool>]	24	static
c:\ostap\stm32cubeide_1.10.1\stm32cubeide\plugins\com.st.stm32cube.ide.mcu.externaltools.gnu-tools-for-stm32.10.3-2021.10.win32_1.0.0.202111181127\tools\arm-none-eabi\include\c++\10.3.1\bits\stl_bvector.h:556:7:std::_Bvector_base<_Alloc>::_Bit_pointer std::_Bvector_base<_Alloc>::_M_allocate(std::size_t) [with _Alloc = ei::EiAlloc<bool>]	24	static
c:\ostap\stm32cubeide_1.10.1\stm32cubeide\plugins\com.st.stm32cube.ide.mcu.externaltools.gnu-tools-for-stm32.10.3-2021.10.win32_1.0.0.202111181127\tools\arm-none-eabi\include\c++\10.3.1\bits\stl_bvector.h:579:7:static std::size_t std::_Bvector_base<_Alloc>::_S_nword(std::size_t) [with _Alloc = ei::EiAlloc<bool>]	16	static
c:\ostap\stm32cubeide_1.10.1\stm32cubeide\plugins\com.st.stm32cube.ide.mcu.externaltools.gnu-tools-for-stm32.10.3-2021.10.win32_1.0.0.202111181127\tools\arm-none-eabi\include\c++\10.3.1\bits\move.h:49:5:constexpr _Tp* std::__addressof(_Tp&) [with _Tp = long unsigned int]	16	static
c:\ostap\stm32cubeide_1.10.1\stm32cubeide\plugins\com.st.stm32cube.ide.mcu.externaltools.gnu-tools-for-stm32.10.3-2021.10.win32_1.0.0.202111181127\tools\arm-none-eabi\include\c++\10.3.1\bits\stl_bvector.h:513:2:std::_Bit_type* std::_Bvector_base<_Alloc>::_Bvector_impl::_M_end_addr() const [with _Alloc = ei::EiAlloc<bool>]	16	static
c:\ostap\stm32cubeide_1.10.1\stm32cubeide\plugins\com.st.stm32cube.ide.mcu.externaltools.gnu-tools-for-stm32.10.3-2021.10.win32_1.0.0.202111181127\tools\arm-none-eabi\include\c++\10.3.1\bits\std_function.h:227:4:static bool std::_Function_base::_Base_manager<_Functor>::_M_not_empty_function(const _Tp&) [with _Tp = ei::numpy::signal_from_buffer(const float*, size_t, ei::signal_t*)::<lambda(size_t, size_t, float*)>; _Functor = ei::numpy::signal_from_buffer(const float*, size_t, ei::signal_t*)::<lambda(size_t, size_t, float*)>]	16	static
c:\ostap\stm32cubeide_1.10.1\stm32cubeide\plugins\com.st.stm32cube.ide.mcu.externaltools.gnu-tools-for-stm32.10.3-2021.10.win32_1.0.0.202111181127\tools\arm-none-eabi\include\c++\10.3.1\bits\move.h:101:5:constexpr typename std::remove_reference<_Tp>::type&& std::move(_Tp&&) [with _Tp = ei::numpy::signal_from_buffer(const float*, size_t, ei::signal_t*)::<lambda(size_t, size_t, float*)>&]	16	static
c:\ostap\stm32cubeide_1.10.1\stm32cubeide\plugins\com.st.stm32cube.ide.mcu.externaltools.gnu-tools-for-stm32.10.3-2021.10.win32_1.0.0.202111181127\tools\arm-none-eabi\include\c++\10.3.1\bits\std_function.h:207:2:static void std::_Function_base::_Base_manager<_Functor>::_M_init_functor(std::_Any_data&, _Functor&&) [with _Functor = ei::numpy::signal_from_buffer(const float*, size_t, ei::signal_t*)::<lambda(size_t, size_t, float*)>]	24	static
c:\ostap\stm32cubeide_1.10.1\stm32cubeide\plugins\com.st.stm32cube.ide.mcu.externaltools.gnu-tools-for-stm32.10.3-2021.10.win32_1.0.0.202111181127\tools\arm-none-eabi\include\c++\10.3.1\bits\std_function.h:289:7:) [with _Res = int; _Functor = ei::numpy::signal_from_buffer(const float*, size_t, ei::signal_t*)::<lambda(size_t, size_t, float*)>; _ArgTypes = {unsigned int, unsigned int, float*}]	40	static
c:\ostap\stm32cubeide_1.10.1\stm32cubeide\plugins\com.st.stm32cube.ide.mcu.externaltools.gnu-tools-for-stm32.10.3-2021.10.win32_1.0.0.202111181127\tools\arm-none-eabi\include\c++\10.3.1\bits\std_function.h:268:7:), _Functor>::_M_manager(std::_Any_data&, const std::_Any_data&, std::_Manager_operation) [with _Res = int; _Functor = ei::numpy::signal_from_buffer(const float*, size_t, ei::signal_t*)::<lambda(size_t, size_t, float*)>; _ArgTypes = {unsigned int, unsigned int, float*}]	32	static
c:\ostap\stm32cubeide_1.10.1\stm32cubeide\plugins\com.st.stm32cube.ide.mcu.externaltools.gnu-tools-for-stm32.10.3-2021.10.win32_1.0.0.202111181127\tools\arm-none-eabi\include\c++\10.3.1\bits\move.h:101:5:constexpr typename std::remove_reference<_Tp>::type&& std::move(_Tp&&) [with _Tp = std::_Any_data&]	16	static
c:\ostap\stm32cubeide_1.10.1\stm32cubeide\plugins\com.st.stm32cube.ide.mcu.externaltools.gnu-tools-for-stm32.10.3-2021.10.win32_1.0.0.202111181127\tools\arm-none-eabi\include\c++\10.3.1\bits\move.h:189:5:std::_Require<std::__not_<std::__is_tuple_like<_Tp> >, std::is_move_constructible<_Tp>, std::is_move_assignable<_Tp> > std::swap(_Tp&, _Tp&) [with _Tp = std::_Any_data]	24	static
c:\ostap\stm32cubeide_1.10.1\stm32cubeide\plugins\com.st.stm32cube.ide.mcu.externaltools.gnu-tools-for-stm32.10.3-2021.10.win32_1.0.0.202111181127\tools\arm-none-eabi\include\c++\10.3.1\bits\move.h:101:5:constexpr typename std::remove_reference<_Tp>::type&& std::move(_Tp&&) [with _Tp = bool (*&)(std::_Any_data&, const std::_Any_data&, std::_Manager_operation)]	16	static
c:\ostap\stm32cubeide_1.10.1\stm32cubeide\plugins\com.st.stm32cube.ide.mcu.externaltools.gnu-tools-for-stm32.10.3-2021.10.win32_1.0.0.202111181127\tools\arm-none-eabi\include\c++\10.3.1\bits\move.h:189:5:std::_Require<std::__not_<std::__is_tuple_like<_Tp> >, std::is_move_constructible<_Tp>, std::is_move_assignable<_Tp> > std::swap(_Tp&, _Tp&) [with _Tp = bool (*)(std::_Any_data&, const std::_Any_data&, std::_Manager_operation)]	24	static
c:\ostap\stm32cubeide_1.10.1\stm32cubeide\plugins\com.st.stm32cube.ide.mcu.externaltools.gnu-tools-for-stm32.10.3-2021.10.win32_1.0.0.202111181127\tools\arm-none-eabi\include\c++\10.3.1\bits\move.h:101:5:constexpr typename std::remove_reference<_Tp>::type&& std::move(_Tp&&) [with _Tp = int (*&)(const std::_Any_data&, unsigned int&&, unsigned int&&, float*&&)]	16	static
[...]
c:\ostap\stm32cubeide_1.10.1\stm32cubeide\plugins\com.st.stm32cube.ide.mcu.externaltools.gnu-tools-for-stm32.10.3-2021.10.win32_1.0.0.202111181127\tools\arm-none-eabi\include\c++\10.3.1\bits\stl_algobase.h:152:5:void std::iter_swap(_ForwardIterator1, _ForwardIterator2) [with _ForwardIterator1 = __gnu_cxx::__normal_iterator<ei::spectral::processing::freq_peak_t*, std::vector<ei::spectral::processing::freq_peak_t, ei::EiAlloc<ei::spectral::processing::freq_peak_t> > >; _ForwardIterator2 = __gnu_cxx::__normal_iterator<ei::spectral::processing::freq_peak_t*, std::vector<ei::spectral::processing::freq_peak_t, ei::EiAlloc<ei::spectral::processing::freq_peak_t> > >]	24	static
c:\ostap\stm32cubeide_1.10.1\stm32cubeide\plugins\com.st.stm32cube.ide.mcu.externaltools.gnu-tools-for-stm32.10.3-2021.10.win32_1.0.0.202111181127\tools\arm-none-eabi\include\c++\10.3.1\bits\cpp_type_traits.h:544:5:_Iterator std::__miter_base(_Iterator) [with _Iterator = __gnu_cxx::__normal_iterator<ei::spectral::processing::freq_peak_t*, std::vector<ei::spectral::processing::freq_peak_t, ei::EiAlloc<ei::spectral::processing::freq_peak_t> > >]	16	static
c:\ostap\stm32cubeide_1.10.1\stm32cubeide\plugins\com.st.stm32cube.ide.mcu.externaltools.gnu-tools-for-stm32.10.3-2021.10.win32_1.0.0.202111181127\tools\arm-none-eabi\include\c++\10.3.1\bits\stl_algobase.h:745:5:_OI std::__copy_move_backward_a(_II, _II, _OI) [with bool _IsMove = true; _II = __gnu_cxx::__normal_iterator<ei::spectral::processing::freq_peak_t*, std::vector<ei::spectral::processing::freq_peak_t, ei::EiAlloc<ei::spectral::processing::freq_peak_t> > >; _OI = __gnu_cxx::__normal_iterator<ei::spectral::processing::freq_peak_t*, std::vector<ei::spectral::processing::freq_peak_t, ei::EiAlloc<ei::spectral::processing::freq_peak_t> > >]	32	static
c:\ostap\stm32cubeide_1.10.1\stm32cubeide\plugins\com.st.stm32cube.ide.mcu.externaltools.gnu-tools-for-stm32.10.3-2021.10.win32_1.0.0.202111181127\tools\arm-none-eabi\include\c++\10.3.1\bits\move.h:101:5:constexpr typename std::remove_reference<_Tp>::type&& std::move(_Tp&&) [with _Tp = __gnu_cxx::__ops::_Iter_comp_iter<ei::spectral::processing::find_fft_peaks(ei::matrix_t*, ei::matrix_t*, float, float, uint16_t)::<lambda(const ei::spectral::processing::freq_peak_t&, const ei::spectral::processing::freq_peak_t&)> >&]	16	static
c:\ostap\stm32cubeide_1.10.1\stm32cubeide\plugins\com.st.stm32cube.ide.mcu.externaltools.gnu-tools-for-stm32.10.3-2021.10.win32_1.0.0.202111181127\tools\arm-none-eabi\include\c++\10.3.1\bits\predefined_ops.h:229:7:__gnu_cxx::__ops::_Val_comp_iter<_Compare>::_Val_comp_iter(__gnu_cxx::__ops::_Iter_comp_iter<_Compare>&&) [with _Compare = ei::spectral::processing::find_fft_peaks(ei::matrix_t*, ei::matrix_t*, float, float, uint16_t)::<lambda(const ei::spectral::processing::freq_peak_t&, const ei::spectral::processing::freq_peak_t&)>]	16	static
c:\ostap\stm32cubeide_1.10.1\stm32cubeide\plugins\com.st.stm32cube.ide.mcu.externaltools.gnu-tools-for-stm32.10.3-2021.10.win32_1.0.0.202111181127\tools\arm-none-eabi\include\c++\10.3.1\bits\predefined_ops.h:237:2:bool __gnu_cxx::__ops::_Val_comp_iter<_Compare>::operator()(_Value&, _Iterator) [with _Value = ei::spectral::processing::freq_peak_t; _Iterator = __gnu_cxx::__normal_iterator<ei::spectral::processing::freq_peak_t*, std::vector<ei::spectral::processing::freq_peak_t, ei::EiAlloc<ei::spectral::processing::freq_peak_t> > >; _Compare = ei::spectral::processing::find_fft_peaks(ei::matrix_t*, ei::matrix_t*, float, float, uint16_t)::<lambda(const ei::spectral::processing::freq_peak_t&, const ei::spectral::processing::freq_peak_t&)>]	32	static
c:\ostap\stm32cubeide_1.10.1\stm32cubeide\plugins\com.st.stm32cube.ide.mcu.externaltools.gnu-tools-for-stm32.10.3-2021.10.win32_1.0.0.202111181127\tools\arm-none-eabi\include\c++\10.3.1\bits\stl_vector.h:1776:7:static std::vector<_Tp, _Alloc>::size_type std::vector<_Tp, _Alloc>::_S_max_size(const _Tp_alloc_type&) [with _Tp = long unsigned int; _Alloc = std::allocator<long unsigned int>]	24	static
c:\ostap\stm32cubeide_1.10.1\stm32cubeide\plugins\com.st.stm32cube.ide.mcu.externaltools.gnu-tools-for-stm32.10.3-2021.10.win32_1.0.0.202111181127\tools\arm-none-eabi\include\c++\10.3.1\bits\stl_vector.h:280:7:const _Tp_alloc_type& std::_Vector_base<_Tp, _Alloc>::_M_get_Tp_allocator() const [with _Tp = long unsigned int; _Alloc = std::allocator<long unsigned int>]	16	static
c:\ostap\stm32cubeide_1.10.1\stm32cubeide\plugins\com.st.stm32cube.ide.mcu.externaltools.gnu-tools-for-stm32.10.3-2021.10.win32_1.0.0.202111181127\tools\arm-none-eabi\include\c++\10.3.1\ext\new_allocator.h:103:7:_Tp* __gnu_cxx::new_allocator<_Tp>::allocate(__gnu_cxx::new_allocator<_Tp>::size_type, const void*) [with _Tp = long unsigned int]	24	static
c:\ostap\stm32cubeide_1.10.1\stm32cubeide\plugins\com.st.stm32cube.ide.mcu.externaltools.gnu-tools-for-stm32.10.3-2021.10.win32_1.0.0.202111181127\tools\arm-none-eabi\include\c++\10.3.1\bits\stl_uninitialized.h:1022:5:_ForwardIterator std::__relocate_a(_InputIterator, _InputIterator, _ForwardIterator, _Allocator&) [with _InputIterator = long unsigned int*; _ForwardIterator = long unsigned int*; _Allocator = std::allocator<long unsigned int>]	32	static
c:\ostap\stm32cubeide_1.10.1\stm32cubeide\plugins\com.st.stm32cube.ide.mcu.externaltools.gnu-tools-for-stm32.10.3-2021.10.win32_1.0.0.202111181127\tools\arm-none-eabi\include\c++\10.3.1\bits\stl_iterator.h:1344:7:std::move_iterator<_Iterator>::move_iterator(std::move_iterator<_Iterator>::iterator_type) [with _Iterator = long unsigned int*]	16	static
c:\ostap\stm32cubeide_1.10.1\stm32cubeide\plugins\com.st.stm32cube.ide.mcu.externaltools.gnu-tools-for-stm32.10.3-2021.10.win32_1.0.0.202111181127\tools\arm-none-eabi\include\c++\10.3.1\bits\stl_uninitialized.h:125:5:_ForwardIterator std::uninitialized_copy(_InputIterator, _InputIterator, _ForwardIterator) [with _InputIterator = std::move_iterator<long unsigned int*>; _ForwardIterator = long unsigned int*]	32	static
c:\ostap\stm32cubeide_1.10.1\stm32cubeide\plugins\com.st.stm32cube.ide.mcu.externaltools.gnu-tools-for-stm32.10.3-2021.10.win32_1.0.0.202111181127\tools\arm-none-eabi\include\c++\10.3.1\bits\std_function.h:92:7:_Tp& std::_Any_data::_M_access() [with _Tp = SignalWithRange::get_signal()::<lambda(size_t, size_t, float*)>]	16	static
c:\ostap\stm32cubeide_1.10.1\stm32cubeide\plugins\com.st.stm32cube.ide.mcu.externaltools.gnu-tools-for-stm32.10.3-2021.10.win32_1.0.0.202111181127\tools\arm-none-eabi\include\c++\10.3.1\bits\std_function.h:92:7:_Tp& std::_Any_data::_M_access() [with _Tp = int (*)(unsigned int, unsigned int, float*)]	16	static
c:\ostap\stm32cubeide_1.10.1\stm32cubeide\plugins\com.st.stm32cube.ide.mcu.externaltools.gnu-tools-for-stm32.10.3-2021.10.win32_1.0.0.202111181127\tools\arm-none-eabi\include\c++\10.3.1\bits\std_function.h:92:7:_Tp& std::_Any_data::_M_access() [with _Tp = SignalWithAxes::get_signal()::<lambda(size_t, size_t, float*)>]	16	static
c:\ostap\stm32cubeide_1.10.1\stm32cubeide\plugins\com.st.stm32cube.ide.mcu.externaltools.gnu-tools-for-stm32.10.3-2021.10.win32_1.0.0.202111181127\tools\arm-none-eabi\include\c++\10.3.1\tuple:169:7:static constexpr const _Head& std::_Head_base<_Idx, _Head, false>::_M_head(const std::_Head_base<_Idx, _Head, false>&) [with unsigned int _Idx = 0; _Head = void*]	16	static
c:\ostap\stm32cubeide_1.10.1\stm32cubeide\plugins\com.st.stm32cube.ide.mcu.externaltools.gnu-tools-for-stm32.10.3-2021.10.win32_1.0.0.202111181127\tools\arm-none-eabi\include\c++\10.3.1\tuple:166:7:static constexpr _Head& std::_Head_base<_Idx, _Head, false>::_M_head(std::_Head_base<_Idx, _Head, false>&) [with unsigned int _Idx = 1; _Head = void (*)(void*)]	16	static
c:\ostap\stm32cubeide_1.10.1\stm32cubeide\plugins\com.st.stm32cube.ide.mcu.externaltools.gnu-tools-for-stm32.10.3-2021.10.win32_1.0.0.202111181127\tools\arm-none-eabi\include\c++\10.3.1\bits\alloc_traits.h:284:2:) [with _Alloc2 = const ei::EiAlloc<ei::spectral::processing::freq_peak_t>; _Alloc = ei::EiAlloc<ei::spectral::processing::freq_peak_t>]	4	static
c:\ostap\stm32cubeide_1.10.1\stm32cubeide\plugins\com.st.stm32cube.ide.mcu.externaltools.gnu-tools-for-stm32.10.3-2021.10.win32_1.0.0.202111181127\tools\arm-none-eabi\include\c++\10.3.1\bits\stl_uninitialized.h:968:5:void std::__relocate_object_a(_Tp*, _Up*, _Allocator&) [with _Tp = ei::spectral::processing::freq_peak_t; _Up = ei::spectral::processing::freq_peak_t; _Allocator = ei::EiAlloc<ei::spectral::processing::freq_peak_t>]	24	static
c:\ostap\stm32cubeide_1.10.1\stm32cubeide\plugins\com.st.stm32cube.ide.mcu.externaltools.gnu-tools-for-stm32.10.3-2021.10.win32_1.0.0.202111181127\tools\arm-none-eabi\include\c++\10.3.1\bits\stl_iterator.h:1362:7:std::move_iterator<_Iterator>::iterator_type std::move_iterator<_Iterator>::base() const [with _Iterator = ei::spectral::processing::freq_peak_t*]	16	static
c:\ostap\stm32cubeide_1.10.1\stm32cubeide\plugins\com.st.stm32cube.ide.mcu.externaltools.gnu-tools-for-stm32.10.3-2021.10.win32_1.0.0.202111181127\tools\arm-none-eabi\include\c++\10.3.1\bits\stl_heap.h:223:5:void std::__adjust_heap(_RandomAccessIterator, _Distance, _Distance, _Tp, _Compare) [with _RandomAccessIterator = __gnu_cxx::__normal_iterator<ei::spectral::processing::freq_peak_t*, std::vector<ei::spectral::processing::freq_peak_t, ei::EiAlloc<ei::spectral::processing::freq_peak_t> > >; _Distance = int; _Tp = ei::spectral::processing::freq_peak_t; _Compare = __gnu_cxx::__ops::_Iter_comp_iter<ei::spectral::processing::find_fft_peaks(ei::matrix_t*, ei::matrix_t*, float, float, uint16_t)::<lambda(const ei::spectral::processing::freq_peak_t&, const ei::spectral::processing::freq_peak_t&)> >]	72	static
c:\ostap\stm32cubeide_1.10.1\stm32cubeide\plugins\com.st.stm32cube.ide.mcu.externaltools.gnu-tools-for-stm32.10.3-2021.10.win32_1.0.0.202111181127\tools\arm-none-eabi\include\c++\10.3.1\bits\move.h:189:5:std::_Require<std::__not_<std::__is_tuple_like<_Tp> >, std::is_move_constructible<_Tp>, std::is_move_assignable<_Tp> > std::swap(_Tp&, _Tp&) [with _Tp = ei::spectral::processing::freq_peak_t]	24	static
c:\ostap\stm32cubeide_1.10.1\stm32cubeide\plugins\com.st.stm32cube.ide.mcu.externaltools.gnu-tools-for-stm32.10.3-2021.10.win32_1.0.0.202111181127\tools\arm-none-eabi\include\c++\10.3.1\bits\stl_iterator.h:1225:5:_Iterator std::__niter_base(__gnu_cxx::__normal_iterator<_Iterator, _Container>) [with _Iterator = ei::spectral::processing::freq_peak_t*; _Container = std::vector<ei::spectral::processing::freq_peak_t, ei::EiAlloc<ei::spectral::processing::freq_peak_t> >]	16	static
c:\ostap\stm32cubeide_1.10.1\stm32cubeide\plugins\com.st.stm32cube.ide.mcu.externaltools.gnu-tools-for-stm32.10.3-2021.10.win32_1.0.0.202111181127\tools\arm-none-eabi\include\c++\10.3.1\bits\stl_algobase.h:717:5:_BI2 std::__copy_move_backward_a1(_BI1, _BI1, _BI2) [with bool _IsMove = true; _BI1 = ei::spectral::processing::freq_peak_t*; _BI2 = ei::spectral::processing::freq_peak_t*]	24	static
c:\ostap\stm32cubeide_1.10.1\stm32cubeide\plugins\com.st.stm32cube.ide.mcu.externaltools.gnu-tools-for-stm32.10.3-2021.10.win32_1.0.0.202111181127\tools\arm-none-eabi\include\c++\10.3.1\bits\stl_algobase.h:323:5:_From std::__niter_wrap(_From, _To) [with _From = __gnu_cxx::__normal_iterator<ei::spectral::processing::freq_peak_t*, std::vector<ei::spectral::processing::freq_peak_t, ei::EiAlloc<ei::spectral::processing::freq_peak_t> > >; _To = ei::spectral::processing::freq_peak_t*]	16	static
c:\ostap\stm32cubeide_1.10.1\stm32cubeide\plugins\com.st.stm32cube.ide.mcu.externaltools.gnu-tools-for-stm32.10.3-2021.10.win32_1.0.0.202111181127\tools\arm-none-eabi\include\c++\10.3.1\bits\alloc_traits.h:543:7:static std::allocator_traits<std::allocator<_Tp1> >::size_type std::allocator_traits<std::allocator<_Tp1> >::max_size(const allocator_type&) [with _Tp = long unsigned int]	16	static
c:\ostap\stm32cubeide_1.10.1\stm32cubeide\plugins\com.st.stm32cube.ide.mcu.externaltools.gnu-tools-for-stm32.10.3-2021.10.win32_1.0.0.202111181127\tools\arm-none-eabi\include\c++\10.3.1\ext\new_allocator.h:191:7:constexpr __gnu_cxx::new_allocator<_Tp>::size_type __gnu_cxx::new_allocator<_Tp>::_M_max_size() const [with _Tp = long unsigned int]	16	static
c:\ostap\stm32cubeide_1.10.1\stm32cubeide\plugins\com.st.stm32cube.ide.mcu.externaltools.gnu-tools-for-stm32.10.3-2021.10.win32_1.0.0.202111181127\tools\arm-none-eabi\include\c++\10.3.1\bits\stl_algobase.h:313:5:_Iterator std::__niter_base(_Iterator) [with _Iterator = long unsigned int*]	16	static
c:\ostap\stm32cubeide_1.10.1\stm32cubeide\plugins\com.st.stm32cube.ide.mcu.externaltools.gnu-tools-for-stm32.10.3-2021.10.win32_1.0.0.202111181127\tools\arm-none-eabi\include\c++\10.3.1\bits\stl_uninitialized.h:988:5:std::__enable_if_t<std::__is_bitwise_relocatable<_Tp>::value, _Tp*> std::__relocate_a_1(_Tp*, _Tp*, _Tp*, std::allocator<_T2>&) [with _Tp = long unsigned int; _Up = long unsigned int]	32	static
c:\ostap\stm32cubeide_1.10.1\stm32cubeide\plugins\com.st.stm32cube.ide.mcu.externaltools.gnu-tools-for-stm32.10.3-2021.10.win32_1.0.0.202111181127\tools\arm-none-eabi\include\c++\10.3.1\bits\move.h:101:5:constexpr typename std::remove_reference<_Tp>::type&& std::move(_Tp&&) [with _Tp = long unsigned int*&]	16	static
c:\ostap\stm32cubeide_1.10.1\stm32cubeide\plugins\com.st.stm32cube.ide.mcu.externaltools.gnu-tools-for-stm32.10.3-2021.10.win32_1.0.0.202111181127\tools\arm-none-eabi\include\c++\10.3.1\bits\stl_uninitialized.h:107:9:static _ForwardIterator std::__uninitialized_copy<true>::__uninit_copy(_InputIterator, _InputIterator, _ForwardIterator) [with _InputIterator = std::move_iterator<long unsigned int*>; _ForwardIterator = long unsigned int*]	24	static
c:\ostap\stm32cubeide_1.10.1\stm32cubeide\plugins\com.st.stm32cube.ide.mcu.externaltools.gnu-tools-for-stm32.10.3-2021.10.win32_1.0.0.202111181127\tools\arm-none-eabi\include\c++\10.3.1\bits\predefined_ops.h:185:7:__gnu_cxx::__ops::_Iter_comp_val<_Compare>::_Iter_comp_val(__gnu_cxx::__ops::_Iter_comp_iter<_Compare>&&) [with _Compare = ei::spectral::processing::find_fft_peaks(ei::matrix_t*, ei::matrix_t*, float, float, uint16_t)::<lambda(const ei::spectral::processing::freq_peak_t&, const ei::spectral::processing::freq_peak_t&)>]	16	static
c:\ostap\stm32cubeide_1.10.1\stm32cubeide\plugins\com.st.stm32cube.ide.mcu.externaltools.gnu-tools-for-stm32.10.3-2021.10.win32_1.0.0.202111181127\tools\arm-none-eabi\include\c++\10.3.1\bits\stl_heap.h:134:5:void std::__push_heap(_RandomAccessIterator, _Distance, _Distance, _Tp, _Compare&) [with _RandomAccessIterator = __gnu_cxx::__normal_iterator<ei::spectral::processing::freq_peak_t*, std::vector<ei::spectral::processing::freq_peak_t, ei::EiAlloc<ei::spectral::processing::freq_peak_t> > >; _Distance = int; _Tp = ei::spectral::processing::freq_peak_t; _Compare = __gnu_cxx::__ops::_Iter_comp_val<ei::spectral::processing::find_fft_peaks(ei::matrix_t*, ei::matrix_t*, float, float, uint16_t)::<lambda(const ei::spectral::processing::freq_peak_t&, const ei::spectral::processing::freq_peak_t&)> >]	56	static
c:\ostap\stm32cubeide_1.10.1\stm32cubeide\plugins\com.st.stm32cube.ide.mcu.externaltools.gnu-tools-for-stm32.10.3-2021.10.win32_1.0.0.202111181127\tools\arm-none-eabi\include\c++\10.3.1\bits\stl_algobase.h:699:5:_BI2 std::__copy_move_backward_a2(_BI1, _BI1, _BI2) [with bool _IsMove = true; _BI1 = ei::spectral::processing::freq_peak_t*; _BI2 = ei::spectral::processing::freq_peak_t*]	24	static
c:\ostap\stm32cubeide_1.10.1\stm32cubeide\plugins\com.st.stm32cube.ide.mcu.externaltools.gnu-tools-for-stm32.10.3-2021.10.win32_1.0.0.202111181127\tools\arm-none-eabi\include\c++\10.3.1\ext\new_allocator.h:148:7:__gnu_cxx::new_allocator<_Tp>::size_type __gnu_cxx::new_allocator<_Tp>::max_size() const [with _Tp = long unsigned int]	16	static
c:\ostap\stm32cubeide_1.10.1\stm32cubeide\plugins\com.st.stm32cube.ide.mcu.externaltools.gnu-tools-for-stm32.10.3-2021.10.win32_1.0.0.202111181127\tools\arm-none-eabi\include\c++\10.3.1\bits\stl_algobase.h:560:5:_OI std::copy(_II, _II, _OI) [with _II = std::move_iterator<long unsigned int*>; _OI = long unsigned int*]	32	static
c:\ostap\stm32cubeide_1.10.1\stm32cubeide\plugins\com.st.stm32cube.ide.mcu.externaltools.gnu-tools-for-stm32.10.3-2021.10.win32_1.0.0.202111181127\tools\arm-none-eabi\include\c++\10.3.1\bits\predefined_ops.h:193:2:bool __gnu_cxx::__ops::_Iter_comp_val<_Compare>::operator()(_Iterator, _Value&) [with _Iterator = __gnu_cxx::__normal_iterator<ei::spectral::processing::freq_peak_t*, std::vector<ei::spectral::processing::freq_peak_t, ei::EiAlloc<ei::spectral::processing::freq_peak_t> > >; _Value = ei::spectral::processing::freq_peak_t; _Compare = ei::spectral::processing::find_fft_peaks(ei::matrix_t*, ei::matrix_t*, float, float, uint16_t)::<lambda(const ei::spectral::processing::freq_peak_t&, const ei::spectral::processing::freq_peak_t&)>]	32	static
c:\ostap\stm32cubeide_1.10.1\stm32cubeide\plugins\com.st.stm32cube.ide.mcu.externaltools.gnu-tools-for-stm32.10.3-2021.10.win32_1.0.0.202111181127\tools\arm-none-eabi\include\c++\10.3.1\bits\stl_algobase.h:680:2:static _Tp* std::__copy_move_backward<_IsMove, true, std::random_access_iterator_tag>::__copy_move_b(const _Tp*, const _Tp*, _Tp*) [with _Tp = ei::spectral::processing::freq_peak_t; bool _IsMove = true]	32	static
c:\ostap\stm32cubeide_1.10.1\stm32cubeide\plugins\com.st.stm32cube.ide.mcu.externaltools.gnu-tools-for-stm32.10.3-2021.10.win32_1.0.0.202111181127\tools\arm-none-eabi\include\c++\10.3.1\bits\stl_iterator.h:2291:5:base())) std::__miter_base(std::move_iterator<_IteratorL>) [with _Iterator = long unsigned int*]	16	static
c:\ostap\stm32cubeide_1.10.1\stm32cubeide\plugins\com.st.stm32cube.ide.mcu.externaltools.gnu-tools-for-stm32.10.3-2021.10.win32_1.0.0.202111181127\tools\arm-none-eabi\include\c++\10.3.1\bits\stl_algobase.h:511:5:_OI std::__copy_move_a(_II, _II, _OI) [with bool _IsMove = true; _II = long unsigned int*; _OI = long unsigned int*]	32	static
c:\ostap\stm32cubeide_1.10.1\stm32cubeide\plugins\com.st.stm32cube.ide.mcu.externaltools.gnu-tools-for-stm32.10.3-2021.10.win32_1.0.0.202111181127\tools\arm-none-eabi\include\c++\10.3.1\bits\stl_iterator.h:1362:7:std::move_iterator<_Iterator>::iterator_type std::move_iterator<_Iterator>::base() const [with _Iterator = long unsigned int*]	16	static
c:\ostap\stm32cubeide_1.10.1\stm32cubeide\plugins\com.st.stm32cube.ide.mcu.externaltools.gnu-tools-for-stm32.10.3-2021.10.win32_1.0.0.202111181127\tools\arm-none-eabi\include\c++\10.3.1\bits\cpp_type_traits.h:544:5:_Iterator std::__miter_base(_Iterator) [with _Iterator = long unsigned int*]	16	static
c:\ostap\stm32cubeide_1.10.1\stm32cubeide\plugins\com.st.stm32cube.ide.mcu.externaltools.gnu-tools-for-stm32.10.3-2021.10.win32_1.0.0.202111181127\tools\arm-none-eabi\include\c++\10.3.1\bits\stl_algobase.h:505:5:_OI std::__copy_move_a1(_II, _II, _OI) [with bool _IsMove = true; _II = long unsigned int*; _OI = long unsigned int*]	24	static
c:\ostap\stm32cubeide_1.10.1\stm32cubeide\plugins\com.st.stm32cube.ide.mcu.externaltools.gnu-tools-for-stm32.10.3-2021.10.win32_1.0.0.202111181127\tools\arm-none-eabi\include\c++\10.3.1\bits\stl_algobase.h:330:5:_Iterator std::__niter_wrap(const _Iterator&, _Iterator) [with _Iterator = long unsigned int*]	16	static
c:\ostap\stm32cubeide_1.10.1\stm32cubeide\plugins\com.st.stm32cube.ide.mcu.externaltools.gnu-tools-for-stm32.10.3-2021.10.win32_1.0.0.202111181127\tools\arm-none-eabi\include\c++\10.3.1\bits\stl_algobase.h:463:5:_OI std::__copy_move_a2(_II, _II, _OI) [with bool _IsMove = true; _II = long unsigned int*; _OI = long unsigned int*]	24	static
c:\ostap\stm32cubeide_1.10.1\stm32cubeide\plugins\com.st.stm32cube.ide.mcu.externaltools.gnu-tools-for-stm32.10.3-2021.10.win32_1.0.0.202111181127\tools\arm-none-eabi\include\c++\10.3.1\bits\stl_algobase.h:415:2:static _Tp* std::__copy_move<_IsMove, true, std::random_access_iterator_tag>::__copy_m(const _Tp*, const _Tp*, _Tp*) [with _Tp = long unsigned int; bool _IsMove = true]	32	static
