../Core/Src/stm32f3xx_it.c:69:6:NMI_Handler	4	static
../Core/Src/stm32f3xx_it.c:84:6:HardFault_Handler	4	static
../Core/Src/stm32f3xx_it.c:99:6:MemManage_Handler	4	static
../Core/Src/stm32f3xx_it.c:114:6:BusFault_Handler	4	static
../Core/Src/stm32f3xx_it.c:129:6:UsageFault_Handler	4	static
../Core/Src/stm32f3xx_it.c:144:6:SVC_Handler	4	static
../Core/Src/stm32f3xx_it.c:157:6:DebugMon_Handler	4	static
../Core/Src/stm32f3xx_it.c:170:6:PendSV_Handler	4	static
../Core/Src/stm32f3xx_it.c:183:6:SysTick_Handler	8	static
../Core/Src/stm32f3xx_it.c:204:6:EXTI9_5_IRQHandler	8	static
../Core/Src/stm32f3xx_it.c:218:6:TIM1_BRK_TIM15_IRQHandler	8	static
../Core/Src/stm32f3xx_it.c:232:6:TIM1_UP_TIM16_IRQHandler	8	static
../Core/Src/stm32f3xx_it.c:246:6:TIM1_TRG_COM_TIM17_IRQHandler	8	static
../Core/Src/stm32f3xx_it.c:260:6:TIM1_CC_IRQHandler	8	static
../Core/Src/stm32f3xx_it.c:274:6:EXTI15_10_IRQHandler	8	static
