../Middlewares/Third_Party/EdgeImpulse_POC-APPSC_MachineLearning/edgeimpulse/edge-impulse-sdk/dsp/numpy.hpp:584:18:static float ei::numpy::dequantize_zero_one(uint8_t)	0	static
../Middlewares/Third_Party/EdgeImpulse_POC-APPSC_MachineLearning/edgeimpulse/edge-impulse-sdk/classifier/ei_run_classifier.h:542:49:EI_IMPULSE_ERROR {anonymous}::can_run_classifier_image_quantized(const ei_impulse_t*)	0	static
../Core/Src/main.cpp:63:5:int get_feature_data(size_t, size_t, float*)	0	static
../Middlewares/Third_Party/EdgeImpulse_POC-APPSC_MachineLearning/edgeimpulse/edge-impulse-sdk/dsp/speechpy/processing.hpp:197:18:float ei::speechpy::processing::ceil_unless_very_close_to_floor(float)	16	static
../Middlewares/Third_Party/EdgeImpulse_POC-APPSC_MachineLearning/edgeimpulse/edge-impulse-sdk/dsp/speechpy/processing.hpp:489:16:int ei::speechpy::processing::mfe_normalization(ei::matrix_t*, int)	56	static
../Middlewares/Third_Party/EdgeImpulse_POC-APPSC_MachineLearning/edgeimpulse/edge-impulse-sdk/classifier/ei_aligned_malloc.h:88:30:void {anonymous}::ei_aligned_free(void*)	8	static
../Middlewares/Third_Party/EdgeImpulse_POC-APPSC_MachineLearning/edgeimpulse/edge-impulse-sdk/classifier/ei_aligned_malloc.h:50:32:void* {anonymous}::ei_aligned_calloc(size_t, size_t)	8	static
../Middlewares/Third_Party/EdgeImpulse_POC-APPSC_MachineLearning/edgeimpulse/edge-impulse-sdk/dsp/numpy.hpp:667:16:0(ei::matrix_t*, float)	24	static
../Middlewares/Third_Party/EdgeImpulse_POC-APPSC_MachineLearning/edgeimpulse/edge-impulse-sdk/dsp/speechpy/processing.hpp:345:20:int32_t ei::speechpy::processing::calculate_no_of_stack_frames(size_t, uint32_t, float, float, bool, uint16_t)	32	static
../Middlewares/Third_Party/EdgeImpulse_POC-APPSC_MachineLearning/edgeimpulse/edge-impulse-sdk/dsp/speechpy/processing.hpp:215:16:int ei::speechpy::processing::calculate_signal_used(size_t, uint32_t, float, float, bool, uint16_t)	24	static
c:\ostap\stm32cubeide_1.10.1\stm32cubeide\plugins\com.st.stm32cube.ide.mcu.externaltools.gnu-tools-for-stm32.10.3-2021.10.win32_1.0.0.202111181127\tools\arm-none-eabi\include\c++\10.3.1\bits\std_function.h:268:7:), _Functor>::_M_manager(std::_Any_data&, const std::_Any_data&, std::_Manager_operation) [with _Res = int; _Functor = SignalWithAxes::get_signal()::<lambda(size_t, size_t, float*)>; _ArgTypes = {unsigned int, unsigned int, float*}]	0	static
c:\ostap\stm32cubeide_1.10.1\stm32cubeide\plugins\com.st.stm32cube.ide.mcu.externaltools.gnu-tools-for-stm32.10.3-2021.10.win32_1.0.0.202111181127\tools\arm-none-eabi\include\c++\10.3.1\bits\std_function.h:268:7:), _Functor>::_M_manager(std::_Any_data&, const std::_Any_data&, std::_Manager_operation) [with _Res = int; _Functor = int (*)(unsigned int, unsigned int, float*); _ArgTypes = {unsigned int, unsigned int, float*}]	0	static
c:\ostap\stm32cubeide_1.10.1\stm32cubeide\plugins\com.st.stm32cube.ide.mcu.externaltools.gnu-tools-for-stm32.10.3-2021.10.win32_1.0.0.202111181127\tools\arm-none-eabi\include\c++\10.3.1\bits\std_function.h:289:7:) [with _Res = int; _Functor = int (*)(unsigned int, unsigned int, float*); _ArgTypes = {unsigned int, unsigned int, float*}]	8	static
c:\ostap\stm32cubeide_1.10.1\stm32cubeide\plugins\com.st.stm32cube.ide.mcu.externaltools.gnu-tools-for-stm32.10.3-2021.10.win32_1.0.0.202111181127\tools\arm-none-eabi\include\c++\10.3.1\bits\std_function.h:268:7:), _Functor>::_M_manager(std::_Any_data&, const std::_Any_data&, std::_Manager_operation) [with _Res = int; _Functor = SignalWithRange::get_signal()::<lambda(size_t, size_t, float*)>; _ArgTypes = {unsigned int, unsigned int, float*}]	0	static
c:\ostap\stm32cubeide_1.10.1\stm32cubeide\plugins\com.st.stm32cube.ide.mcu.externaltools.gnu-tools-for-stm32.10.3-2021.10.win32_1.0.0.202111181127\tools\arm-none-eabi\include\c++\10.3.1\bits\std_function.h:268:7:), _Functor>::_M_manager(std::_Any_data&, const std::_Any_data&, std::_Manager_operation) [with _Res = int; _Functor = ei::numpy::signal_from_buffer(const float*, size_t, ei::signal_t*)::<lambda(size_t, size_t, float*)>; _ArgTypes = {unsigned int, unsigned int, float*}]	0	static
c:\ostap\stm32cubeide_1.10.1\stm32cubeide\plugins\com.st.stm32cube.ide.mcu.externaltools.gnu-tools-for-stm32.10.3-2021.10.win32_1.0.0.202111181127\tools\arm-none-eabi\include\c++\10.3.1\bits\std_function.h:289:7:) [with _Res = int; _Functor = ei::numpy::signal_from_buffer(const float*, size_t, ei::signal_t*)::<lambda(size_t, size_t, float*)>; _ArgTypes = {unsigned int, unsigned int, float*}]	8	static
../Middlewares/Third_Party/EdgeImpulse_POC-APPSC_MachineLearning/edgeimpulse/edge-impulse-sdk/dsp/numpy.hpp:1374:16:static int ei::numpy::linspace(float, float, uint32_t, float*)	8	static
c:\ostap\stm32cubeide_1.10.1\stm32cubeide\plugins\com.st.stm32cube.ide.mcu.externaltools.gnu-tools-for-stm32.10.3-2021.10.win32_1.0.0.202111181127\tools\arm-none-eabi\include\c++\10.3.1\bits\std_function.h:242:5:std::_Function_base::~_Function_base()	8	static
../Middlewares/Third_Party/EdgeImpulse_POC-APPSC_MachineLearning/edgeimpulse/edge-impulse-sdk/dsp/numpy_types.h:77:5:ei::ei_matrix::ei_matrix(uint32_t, uint32_t, float*)	16	static
../Middlewares/Third_Party/EdgeImpulse_POC-APPSC_MachineLearning/edgeimpulse/edge-impulse-sdk/dsp/numpy_types.h:117:5:ei::ei_matrix::~ei_matrix()	8	static
../Middlewares/Third_Party/EdgeImpulse_POC-APPSC_MachineLearning/edgeimpulse/edge-impulse-sdk/classifier/ei_run_classifier.h:249:79:void __tcf_0()	8	static
../Middlewares/Third_Party/EdgeImpulse_POC-APPSC_MachineLearning/edgeimpulse/edge-impulse-sdk/dsp/numpy_types.h:492:32:void std::__throw_bad_function_call()	0	static
../Middlewares/Third_Party/EdgeImpulse_POC-APPSC_MachineLearning/edgeimpulse/edge-impulse-sdk/dsp/numpy_types.h:493:32:void std::__throw_length_error(const char*)	0	static
../Middlewares/Third_Party/EdgeImpulse_POC-APPSC_MachineLearning/edgeimpulse/edge-impulse-sdk/dsp/numpy.hpp:90:16:static int ei::numpy::roll(float*, size_t, int)	32	static
../Middlewares/Third_Party/EdgeImpulse_POC-APPSC_MachineLearning/edgeimpulse/edge-impulse-sdk/dsp/numpy.hpp:527:16:static int ei::numpy::dct2(ei::matrix_t*, ei::DCT_NORMALIZATION_MODE)	48	static
../Middlewares/Third_Party/EdgeImpulse_POC-APPSC_MachineLearning/edgeimpulse/edge-impulse-sdk/dsp/numpy.hpp:597:16:static int ei::numpy::pad_1d_symmetric(ei::matrix_t*, ei::matrix_t*, uint16_t, uint16_t)	40	static
../Middlewares/Third_Party/EdgeImpulse_POC-APPSC_MachineLearning/edgeimpulse/edge-impulse-sdk/dsp/numpy.hpp:761:16:static int ei::numpy::subtract(ei::matrix_t*, float)	0	static
../Middlewares/Third_Party/EdgeImpulse_POC-APPSC_MachineLearning/edgeimpulse/edge-impulse-sdk/dsp/numpy.hpp:1284:16:static int ei::numpy::rfft(const float*, size_t, ei::fft_complex_t*, size_t, size_t)	96	static
../Middlewares/Third_Party/EdgeImpulse_POC-APPSC_MachineLearning/edgeimpulse/edge-impulse-sdk/dsp/numpy.hpp:1627:16:static int ei::numpy::log(ei::matrix_t*)	20	static
../Middlewares/Third_Party/EdgeImpulse_POC-APPSC_MachineLearning/edgeimpulse/edge-impulse-sdk/dsp/numpy.hpp:1677:16:static int ei::numpy::normalize(ei::matrix_t*)	88	static
../Middlewares/Third_Party/EdgeImpulse_POC-APPSC_MachineLearning/edgeimpulse/edge-impulse-sdk/dsp/numpy.hpp:1758:16:static int ei::numpy::software_rfft(float*, float*, size_t, size_t)	80	static
../Middlewares/Third_Party/EdgeImpulse_POC-APPSC_MachineLearning/edgeimpulse/edge-impulse-sdk/dsp/numpy.hpp:1206:16:static int ei::numpy::rfft(const float*, size_t, float*, size_t, size_t)	104	static
../Middlewares/Third_Party/EdgeImpulse_POC-APPSC_MachineLearning/edgeimpulse/edge-impulse-sdk/dsp/numpy.hpp:1830:17:static void ei::numpy::cmsis_arm_variance(const float32_t*, uint32_t, float32_t*)	16	static
../Middlewares/Third_Party/EdgeImpulse_POC-APPSC_MachineLearning/edgeimpulse/edge-impulse-sdk/dsp/numpy.hpp:1900:16:static int ei::numpy::std_axis0_CMSIS(ei::matrix_t*, ei::matrix_t*)	48	static
../Middlewares/Third_Party/EdgeImpulse_POC-APPSC_MachineLearning/edgeimpulse/edge-impulse-sdk/dsp/speechpy/processing.hpp:395:16:int ei::speechpy::processing::cmvnw(ei::matrix_t*, uint16_t, bool, bool)	120	static
../Middlewares/Third_Party/EdgeImpulse_POC-APPSC_MachineLearning/edgeimpulse/edge-impulse-sdk/dsp/numpy.hpp:2312:16:static int ei::numpy::power_spectrum(float*, size_t, float*, size_t, uint16_t)	32	static
../Middlewares/Third_Party/EdgeImpulse_POC-APPSC_MachineLearning/edgeimpulse/edge-impulse-sdk/dsp/numpy.hpp:2442:17:static void ei::numpy::zero_handling(ei::matrix_t*)	0	static
../Middlewares/Third_Party/EdgeImpulse_POC-APPSC_MachineLearning/edgeimpulse/edge-impulse-sdk/dsp/spectral/processing.hpp:312:9:int ei::spectral::processing::spectral_power_edges(ei::matrix_t*, ei::matrix_t*, ei::matrix_t*, ei::matrix_t*, float)	80	static
../Middlewares/Third_Party/EdgeImpulse_POC-APPSC_MachineLearning/edgeimpulse/edge-impulse-sdk/dsp/spectral/processing.hpp:375:9:int ei::spectral::processing::periodogram(ei::matrix_t*, ei::matrix_t*, ei::matrix_t*, float, uint16_t)	112	static
../Middlewares/Third_Party/EdgeImpulse_POC-APPSC_MachineLearning/edgeimpulse/edge-impulse-sdk/dsp/speechpy/functions.hpp:36:18:static float ei::speechpy::functions::frequency_to_mel(float)	0	static
../Middlewares/Third_Party/EdgeImpulse_POC-APPSC_MachineLearning/edgeimpulse/edge-impulse-sdk/dsp/speechpy/processing.hpp:130:9:ei::speechpy::processing::preemphasis::~preemphasis()	8	static
../Middlewares/Third_Party/EdgeImpulse_POC-APPSC_MachineLearning/edgeimpulse/edge-impulse-sdk/dsp/speechpy/feature.hpp:47:16:static int ei::speechpy::feature::filterbanks(ei::quantized_matrix_t*, uint16_t, int, uint32_t, uint32_t, uint32_t, bool)	120	static
../Middlewares/Third_Party/EdgeImpulse_POC-APPSC_MachineLearning/edgeimpulse/edge-impulse-sdk/classifier/ei_run_classifier.h:416:31:const ei_impulse_t {anonymous}::ei_construct_impulse()	8	static
../Middlewares/Third_Party/EdgeImpulse_POC-APPSC_MachineLearning/edgeimpulse/edge-impulse-sdk/classifier/ei_run_classifier.h:643:17:void {anonymous}::run_classifier_deinit()	8	static
../Core/Src/main.cpp:48:6:void vprint(const char*, va_list)	208	static
../Core/Src/main.cpp:57:6:)	16	static
../Middlewares/Third_Party/EdgeImpulse_POC-APPSC_MachineLearning/edgeimpulse/edge-impulse-sdk/classifier/ei_run_classifier.h:602:17:void {anonymous}::run_classifier_init()	184	static
../Middlewares/Third_Party/EdgeImpulse_POC-APPSC_MachineLearning/edgeimpulse/edge-impulse-sdk/classifier/inferencing_engines/tflite_eon.h:120:25:EI_IMPULSE_ERROR inference_tflite_run(const ei_impulse_t*, uint64_t, TfLiteTensor*, TfLiteTensor*, TfLiteTensor*, uint8_t*, ei_impulse_result_t*, bool)	56	static
../Middlewares/Third_Party/EdgeImpulse_POC-APPSC_MachineLearning/edgeimpulse/edge-impulse-sdk/classifier/inferencing_engines/tflite_eon.h:64:25:EI_IMPULSE_ERROR inference_tflite_setup(const ei_impulse_t*, uint64_t*, TfLiteTensor**, TfLiteTensor**, TfLiteTensor**, TfLiteTensor**, ei_unique_ptr_t&)	40	static
../Core/Src/main.cpp:196:6:void SystemClock_Config()	128	static,ignoring_inline_asm
../Core/Src/main.cpp:250:6:void Error_Handler()	0	static,ignoring_inline_asm
../Core/Src/main.cpp:269:6:void assert_failed(uint8_t*, uint32_t)	0	static
c:\ostap\stm32cubeide_1.10.1\stm32cubeide\plugins\com.st.stm32cube.ide.mcu.externaltools.gnu-tools-for-stm32.10.3-2021.10.win32_1.0.0.202111181127\tools\arm-none-eabi\include\c++\10.3.1\bits\unique_ptr.h:355:7:std::unique_ptr<_Tp, _Dp>::~unique_ptr() [with _Tp = void; _Dp = void (*)(void*)]	8	static
../Middlewares/Third_Party/EdgeImpulse_POC-APPSC_MachineLearning/edgeimpulse/edge-impulse-sdk/classifier/inferencing_engines/tflite_eon.h:219:18:EI_IMPULSE_ERROR run_nn_inference(const ei_impulse_t*, ei::matrix_t*, ei_impulse_result_t*, bool)	80	static
../Middlewares/Third_Party/EdgeImpulse_POC-APPSC_MachineLearning/edgeimpulse/edge-impulse-sdk/classifier/ei_run_classifier.h:119:29:EI_IMPULSE_ERROR {anonymous}::run_inference(const ei_impulse_t*, ei::matrix_t*, ei_impulse_result_t*, bool)	8	static
c:\ostap\stm32cubeide_1.10.1\stm32cubeide\plugins\com.st.stm32cube.ide.mcu.externaltools.gnu-tools-for-stm32.10.3-2021.10.win32_1.0.0.202111181127\tools\arm-none-eabi\include\c++\10.3.1\bits\std_function.h:617:5:) const [with _Res = int; _ArgTypes = {unsigned int, unsigned int, float*}]	24	static
../Middlewares/Third_Party/EdgeImpulse_POC-APPSC_MachineLearning/edgeimpulse/edge-impulse-sdk/dsp/speechpy/processing.hpp:65:13:int ei::speechpy::processing::preemphasis::get_data(size_t, size_t, float*)	72	static
../Middlewares/Third_Party/EdgeImpulse_POC-APPSC_MachineLearning/edgeimpulse/edge-impulse-sdk/classifier/ei_run_dsp.h:244:12:int {anonymous}::preemphasized_audio_signal_get_data(size_t, size_t, float*)	8	static
../Middlewares/Third_Party/EdgeImpulse_POC-APPSC_MachineLearning/edgeimpulse/edge-impulse-sdk/dsp/speechpy/processing.hpp:42:9:ei::speechpy::processing::preemphasis::preemphasis(ei::ei_signal_t*, int, float, bool)	24	static
../Middlewares/Third_Party/EdgeImpulse_POC-APPSC_MachineLearning/edgeimpulse/edge-impulse-sdk/classifier/ei_run_dsp.h:1157:29:int {anonymous}::extract_image_features(ei::signal_t*, ei::matrix_t*, void*, float)	64	static
c:\ostap\stm32cubeide_1.10.1\stm32cubeide\plugins\com.st.stm32cube.ide.mcu.externaltools.gnu-tools-for-stm32.10.3-2021.10.win32_1.0.0.202111181127\tools\arm-none-eabi\include\c++\10.3.1\bits\std_function.h:289:7:) [with _Res = int; _Functor = SignalWithAxes::get_signal()::<lambda(size_t, size_t, float*)>; _ArgTypes = {unsigned int, unsigned int, float*}]	32	static
c:\ostap\stm32cubeide_1.10.1\stm32cubeide\plugins\com.st.stm32cube.ide.mcu.externaltools.gnu-tools-for-stm32.10.3-2021.10.win32_1.0.0.202111181127\tools\arm-none-eabi\include\c++\10.3.1\bits\std_function.h:289:7:) [with _Res = int; _Functor = SignalWithRange::get_signal()::<lambda(size_t, size_t, float*)>; _ArgTypes = {unsigned int, unsigned int, float*}]	8	static
../Middlewares/Third_Party/EdgeImpulse_POC-APPSC_MachineLearning/edgeimpulse/edge-impulse-sdk/classifier/inferencing_engines/tflite_eon.h:291:18:EI_IMPULSE_ERROR run_nn_inference_image_quantized(const ei_impulse_t*, ei::signal_t*, ei_impulse_result_t*, bool)	192	static
../Middlewares/Third_Party/EdgeImpulse_POC-APPSC_MachineLearning/edgeimpulse/edge-impulse-sdk/classifier/ei_run_classifier.h:575:29:EI_IMPULSE_ERROR {anonymous}::run_classifier_image_quantized(const ei_impulse_t*, ei::signal_t*, ei_impulse_result_t*, bool)	24	static
c:\ostap\stm32cubeide_1.10.1\stm32cubeide\plugins\com.st.stm32cube.ide.mcu.externaltools.gnu-tools-for-stm32.10.3-2021.10.win32_1.0.0.202111181127\tools\arm-none-eabi\include\c++\10.3.1\bits\stl_vector.h:333:7:std::_Vector_base<_Tp, _Alloc>::~_Vector_base() [with _Tp = long unsigned int; _Alloc = std::allocator<long unsigned int>]	8	static
c:\ostap\stm32cubeide_1.10.1\stm32cubeide\plugins\com.st.stm32cube.ide.mcu.externaltools.gnu-tools-for-stm32.10.3-2021.10.win32_1.0.0.202111181127\tools\arm-none-eabi\include\c++\10.3.1\bits\stl_vector.h:1092:7:std::vector<_Tp, _Alloc>::reference std::vector<_Tp, _Alloc>::at(std::vector<_Tp, _Alloc>::size_type) [with _Tp = long unsigned int; _Alloc = std::allocator<long unsigned int>]	16	static
c:\ostap\stm32cubeide_1.10.1\stm32cubeide\plugins\com.st.stm32cube.ide.mcu.externaltools.gnu-tools-for-stm32.10.3-2021.10.win32_1.0.0.202111181127\tools\arm-none-eabi\include\c++\10.3.1\bits\std_function.h:481:12:)>&) [with _Res = int; _ArgTypes = {unsigned int, unsigned int, float*}]	16	static
../Middlewares/Third_Party/EdgeImpulse_POC-APPSC_MachineLearning/edgeimpulse/edge-impulse-sdk/classifier/ei_signal_with_axes.h:37:16:ei::signal_t* SignalWithAxes::get_signal()	24	static
../Middlewares/Third_Party/EdgeImpulse_POC-APPSC_MachineLearning/edgeimpulse/edge-impulse-sdk/classifier/ei_run_classifier.h:158:29:EI_IMPULSE_ERROR {anonymous}::process_impulse(const ei_impulse_t*, ei::signal_t*, ei_impulse_result_t*, bool)	128	static
../Middlewares/Third_Party/EdgeImpulse_POC-APPSC_MachineLearning/edgeimpulse/edge-impulse-sdk/classifier/ei_run_classifier.h:702:29:EI_IMPULSE_ERROR {anonymous}::run_classifier(ei::signal_t*, ei_impulse_result_t*, bool)	192	static
../Middlewares/Third_Party/EdgeImpulse_POC-APPSC_MachineLearning/edgeimpulse/edge-impulse-sdk/classifier/ei_run_classifier.h:242:29:EI_IMPULSE_ERROR {anonymous}::process_impulse_continuous(const ei_impulse_t*, ei::signal_t*, ei_impulse_result_t*, bool, bool)	144	static
../Middlewares/Third_Party/EdgeImpulse_POC-APPSC_MachineLearning/edgeimpulse/edge-impulse-sdk/classifier/ei_run_classifier.h:660:29:EI_IMPULSE_ERROR {anonymous}::run_classifier_continuous(ei::signal_t*, ei_impulse_result_t*, bool, bool)	200	static
c:\ostap\stm32cubeide_1.10.1\stm32cubeide\plugins\com.st.stm32cube.ide.mcu.externaltools.gnu-tools-for-stm32.10.3-2021.10.win32_1.0.0.202111181127\tools\arm-none-eabi\include\c++\10.3.1\bits\std_function.h:396:7:)>&) [with _Res = int; _ArgTypes = {unsigned int, unsigned int, float*}]	32	static
c:\ostap\stm32cubeide_1.10.1\stm32cubeide\plugins\com.st.stm32cube.ide.mcu.externaltools.gnu-tools-for-stm32.10.3-2021.10.win32_1.0.0.202111181127\tools\arm-none-eabi\include\c++\10.3.1\bits\std_function.h:457:2:)>::operator=(_Functor&&) [with _Functor = int (*)(unsigned int, unsigned int, float*); _Res = int; _ArgTypes = {unsigned int, unsigned int, float*}]	24	static
../Core/Src/main.cpp:103:5:int main()	304	static
../Middlewares/Third_Party/EdgeImpulse_POC-APPSC_MachineLearning/edgeimpulse/edge-impulse-sdk/classifier/ei_signal_with_range.h:36:16:ei::signal_t* SignalWithRange::get_signal()	24	static
c:\ostap\stm32cubeide_1.10.1\stm32cubeide\plugins\com.st.stm32cube.ide.mcu.externaltools.gnu-tools-for-stm32.10.3-2021.10.win32_1.0.0.202111181127\tools\arm-none-eabi\include\c++\10.3.1\bits\std_function.h:457:2:)>::operator=(_Functor&&) [with _Functor = ei::numpy::signal_from_buffer(const float*, size_t, ei::signal_t*)::<lambda(size_t, size_t, float*)>; _Res = int; _ArgTypes = {unsigned int, unsigned int, float*}]	24	static
c:\ostap\stm32cubeide_1.10.1\stm32cubeide\plugins\com.st.stm32cube.ide.mcu.externaltools.gnu-tools-for-stm32.10.3-2021.10.win32_1.0.0.202111181127\tools\arm-none-eabi\include\c++\10.3.1\bits\vector.tcc:426:7:) [with _Args = {long unsigned int}; _Tp = long unsigned int; _Alloc = std::allocator<long unsigned int>]	40	static
../Middlewares/Third_Party/EdgeImpulse_POC-APPSC_MachineLearning/edgeimpulse/edge-impulse-sdk/dsp/speechpy/processing.hpp:269:16:int ei::speechpy::processing::stack_frames(ei::speechpy::stack_frames_info_t*, float, float, float, bool, uint16_t)	48	static
../Middlewares/Third_Party/EdgeImpulse_POC-APPSC_MachineLearning/edgeimpulse/edge-impulse-sdk/dsp/speechpy/feature.hpp:332:16:static int ei::speechpy::feature::spectrogram(ei::matrix_t*, ei::signal_t*, float, float, float, uint16_t, uint16_t)	104	static
../Middlewares/Third_Party/EdgeImpulse_POC-APPSC_MachineLearning/edgeimpulse/edge-impulse-sdk/classifier/ei_run_dsp.h:584:12:int {anonymous}::extract_spectrogram_run_slice(ei::signal_t*, ei::matrix_t*, ei_dsp_config_spectrogram_t*, float, ei::matrix_size_t*)	64	static
../Middlewares/Third_Party/EdgeImpulse_POC-APPSC_MachineLearning/edgeimpulse/edge-impulse-sdk/classifier/ei_run_dsp.h:629:29:int {anonymous}::extract_spectrogram_per_slice_features(ei::signal_t*, ei::matrix_t*, void*, float, ei::matrix_size_t*)	128	static
../Middlewares/Third_Party/EdgeImpulse_POC-APPSC_MachineLearning/edgeimpulse/edge-impulse-sdk/classifier/ei_run_dsp.h:521:29:int {anonymous}::extract_spectrogram_features(ei::signal_t*, ei::matrix_t*, void*, float)	72	static
../Middlewares/Third_Party/EdgeImpulse_POC-APPSC_MachineLearning/edgeimpulse/edge-impulse-sdk/dsp/speechpy/feature.hpp:186:16:static int ei::speechpy::feature::mfe(ei::matrix_t*, ei::matrix_t*, ei::signal_t*, uint32_t, float, float, uint16_t, uint16_t, uint32_t, uint32_t, uint16_t)	144	static
../Middlewares/Third_Party/EdgeImpulse_POC-APPSC_MachineLearning/edgeimpulse/edge-impulse-sdk/classifier/ei_run_dsp.h:796:29:int {anonymous}::extract_mfe_features(ei::signal_t*, ei::matrix_t*, void*, float)	128	static
../Middlewares/Third_Party/EdgeImpulse_POC-APPSC_MachineLearning/edgeimpulse/edge-impulse-sdk/classifier/ei_run_dsp.h:888:12:int {anonymous}::extract_mfe_run_slice(ei::signal_t*, ei::matrix_t*, ei_dsp_config_mfe_t*, float, ei::matrix_size_t*)	104	static
../Middlewares/Third_Party/EdgeImpulse_POC-APPSC_MachineLearning/edgeimpulse/edge-impulse-sdk/classifier/ei_run_dsp.h:936:29:int {anonymous}::extract_mfe_per_slice_features(ei::signal_t*, ei::matrix_t*, void*, float, ei::matrix_size_t*)	160	static
../Middlewares/Third_Party/EdgeImpulse_POC-APPSC_MachineLearning/edgeimpulse/edge-impulse-sdk/dsp/speechpy/feature.hpp:479:16:static int ei::speechpy::feature::mfcc(ei::matrix_t*, ei::signal_t*, uint32_t, float, float, uint8_t, uint16_t, uint16_t, uint32_t, uint32_t, bool, uint16_t)	112	static
../Middlewares/Third_Party/EdgeImpulse_POC-APPSC_MachineLearning/edgeimpulse/edge-impulse-sdk/classifier/ei_run_dsp.h:310:12:int {anonymous}::extract_mfcc_run_slice(ei::signal_t*, ei::matrix_t*, ei_dsp_config_mfcc_t*, float, ei::matrix_size_t*, int)	88	static
../Middlewares/Third_Party/EdgeImpulse_POC-APPSC_MachineLearning/edgeimpulse/edge-impulse-sdk/classifier/ei_run_dsp.h:352:29:int {anonymous}::extract_mfcc_per_slice_features(ei::signal_t*, ei::matrix_t*, void*, float, ei::matrix_size_t*)	200	static
../Middlewares/Third_Party/EdgeImpulse_POC-APPSC_MachineLearning/edgeimpulse/edge-impulse-sdk/classifier/ei_run_dsp.h:248:29:int {anonymous}::extract_mfcc_features(ei::signal_t*, ei::matrix_t*, void*, float)	144	static
