13:31:31 **** Incremental Build of configuration Debug for project APPSC ****
make -j8 all 
arm-none-eabi-gcc "../Core/Src/main.c" -mcpu=cortex-m4 -std=gnu11 -g3 -DDEBUG -DUSE_HAL_DRIVER -DSTM32F303xC -c -I../Core/Inc -I../Drivers/STM32F3xx_HAL_Driver/Inc -I../Drivers/STM32F3xx_HAL_Driver/Inc/Legacy -I../Drivers/CMSIS/Device/ST/STM32F3xx/Include -I../Drivers/CMSIS/Include -O0 -ffunction-sections -fdata-sections -Wall -fstack-usage -MMD -MP -MF"Core/Src/main.d" -MT"Core/Src/main.o" --specs=nano.specs -mfpu=fpv4-sp-d16 -mfloat-abi=hard -mthumb -o "Core/Src/main.o"
arm-none-eabi-gcc -o "APPSC.elf" @"objects.list"   -mcpu=cortex-m4 -T"C:\Users\Lenovo\Desktop\2022_Fall\PCO\APPSC_FSM\APPSC\STM32F303VCTX_FLASH.ld" --specs=nosys.specs -Wl,-Map="APPSC.map" -Wl,--gc-sections -static --specs=nano.specs -mfpu=fpv4-sp-d16 -mfloat-abi=hard -mthumb -Wl,--start-group -lc -lm -Wl,--end-group
Finished building target: APPSC.elf
 
arm-none-eabi-size   APPSC.elf 
arm-none-eabi-objdump -h -S  APPSC.elf  > "APPSC.list"
   text	   data	    bss	    dec	    hex	filename
  14908	     24	   3216	  18148	   46e4	APPSC.elf
Finished building: default.size.stdout
 
Finished building: APPSC.list
 

13:31:33 Build Finished. 0 errors, 0 warnings. (took 1s.649ms)

