Archive member included to satisfy reference by file (symbol)

/home/vepbxer/st/stm32cubeide_1.10.1/plugins/com.st.stm32cube.ide.mcu.externaltools.gnu-tools-for-stm32.10.3-2021.10.linux64_1.0.0.202111181127/tools/bin/../lib/gcc/arm-none-eabi/10.3.1/../../../../arm-none-eabi/lib/thumb/v7e-m+fp/hard/libc_nano.a(lib_a-errno.o)
                              ./Core/Src/syscalls.o (__errno)
/home/vepbxer/st/stm32cubeide_1.10.1/plugins/com.st.stm32cube.ide.mcu.externaltools.gnu-tools-for-stm32.10.3-2021.10.linux64_1.0.0.202111181127/tools/bin/../lib/gcc/arm-none-eabi/10.3.1/../../../../arm-none-eabi/lib/thumb/v7e-m+fp/hard/libc_nano.a(lib_a-exit.o)
                              /home/vepbxer/st/stm32cubeide_1.10.1/plugins/com.st.stm32cube.ide.mcu.externaltools.gnu-tools-for-stm32.10.3-2021.10.linux64_1.0.0.202111181127/tools/bin/../lib/gcc/arm-none-eabi/10.3.1/../../../../arm-none-eabi/lib/thumb/v7e-m+fp/hard/crt0.o (exit)
/home/vepbxer/st/stm32cubeide_1.10.1/plugins/com.st.stm32cube.ide.mcu.externaltools.gnu-tools-for-stm32.10.3-2021.10.linux64_1.0.0.202111181127/tools/bin/../lib/gcc/arm-none-eabi/10.3.1/../../../../arm-none-eabi/lib/thumb/v7e-m+fp/hard/libc_nano.a(lib_a-impure.o)
                              /home/vepbxer/st/stm32cubeide_1.10.1/plugins/com.st.stm32cube.ide.mcu.externaltools.gnu-tools-for-stm32.10.3-2021.10.linux64_1.0.0.202111181127/tools/bin/../lib/gcc/arm-none-eabi/10.3.1/../../../../arm-none-eabi/lib/thumb/v7e-m+fp/hard/libc_nano.a(lib_a-exit.o) (_global_impure_ptr)
/home/vepbxer/st/stm32cubeide_1.10.1/plugins/com.st.stm32cube.ide.mcu.externaltools.gnu-tools-for-stm32.10.3-2021.10.linux64_1.0.0.202111181127/tools/bin/../lib/gcc/arm-none-eabi/10.3.1/../../../../arm-none-eabi/lib/thumb/v7e-m+fp/hard/libc_nano.a(lib_a-init.o)
                              /home/vepbxer/st/stm32cubeide_1.10.1/plugins/com.st.stm32cube.ide.mcu.externaltools.gnu-tools-for-stm32.10.3-2021.10.linux64_1.0.0.202111181127/tools/bin/../lib/gcc/arm-none-eabi/10.3.1/../../../../arm-none-eabi/lib/thumb/v7e-m+fp/hard/crt0.o (__libc_init_array)
/home/vepbxer/st/stm32cubeide_1.10.1/plugins/com.st.stm32cube.ide.mcu.externaltools.gnu-tools-for-stm32.10.3-2021.10.linux64_1.0.0.202111181127/tools/bin/../lib/gcc/arm-none-eabi/10.3.1/../../../../arm-none-eabi/lib/thumb/v7e-m+fp/hard/libc_nano.a(lib_a-memset.o)
                              /home/vepbxer/st/stm32cubeide_1.10.1/plugins/com.st.stm32cube.ide.mcu.externaltools.gnu-tools-for-stm32.10.3-2021.10.linux64_1.0.0.202111181127/tools/bin/../lib/gcc/arm-none-eabi/10.3.1/../../../../arm-none-eabi/lib/thumb/v7e-m+fp/hard/crt0.o (memset)

Discarded input sections

 .text          0x0000000000000000        0x0 /home/vepbxer/st/stm32cubeide_1.10.1/plugins/com.st.stm32cube.ide.mcu.externaltools.gnu-tools-for-stm32.10.3-2021.10.linux64_1.0.0.202111181127/tools/bin/../lib/gcc/arm-none-eabi/10.3.1/thumb/v7e-m+fp/hard/crti.o
 .data          0x0000000000000000        0x0 /home/vepbxer/st/stm32cubeide_1.10.1/plugins/com.st.stm32cube.ide.mcu.externaltools.gnu-tools-for-stm32.10.3-2021.10.linux64_1.0.0.202111181127/tools/bin/../lib/gcc/arm-none-eabi/10.3.1/thumb/v7e-m+fp/hard/crti.o
 .bss           0x0000000000000000        0x0 /home/vepbxer/st/stm32cubeide_1.10.1/plugins/com.st.stm32cube.ide.mcu.externaltools.gnu-tools-for-stm32.10.3-2021.10.linux64_1.0.0.202111181127/tools/bin/../lib/gcc/arm-none-eabi/10.3.1/thumb/v7e-m+fp/hard/crti.o
 .data          0x0000000000000000        0x4 /home/vepbxer/st/stm32cubeide_1.10.1/plugins/com.st.stm32cube.ide.mcu.externaltools.gnu-tools-for-stm32.10.3-2021.10.linux64_1.0.0.202111181127/tools/bin/../lib/gcc/arm-none-eabi/10.3.1/thumb/v7e-m+fp/hard/crtbegin.o
 .rodata        0x0000000000000000       0x24 /home/vepbxer/st/stm32cubeide_1.10.1/plugins/com.st.stm32cube.ide.mcu.externaltools.gnu-tools-for-stm32.10.3-2021.10.linux64_1.0.0.202111181127/tools/bin/../lib/gcc/arm-none-eabi/10.3.1/thumb/v7e-m+fp/hard/crtbegin.o
 .text          0x0000000000000000       0x7c /home/vepbxer/st/stm32cubeide_1.10.1/plugins/com.st.stm32cube.ide.mcu.externaltools.gnu-tools-for-stm32.10.3-2021.10.linux64_1.0.0.202111181127/tools/bin/../lib/gcc/arm-none-eabi/10.3.1/../../../../arm-none-eabi/lib/thumb/v7e-m+fp/hard/crt0.o
 .data          0x0000000000000000        0x0 /home/vepbxer/st/stm32cubeide_1.10.1/plugins/com.st.stm32cube.ide.mcu.externaltools.gnu-tools-for-stm32.10.3-2021.10.linux64_1.0.0.202111181127/tools/bin/../lib/gcc/arm-none-eabi/10.3.1/../../../../arm-none-eabi/lib/thumb/v7e-m+fp/hard/crt0.o
 .bss           0x0000000000000000        0x0 /home/vepbxer/st/stm32cubeide_1.10.1/plugins/com.st.stm32cube.ide.mcu.externaltools.gnu-tools-for-stm32.10.3-2021.10.linux64_1.0.0.202111181127/tools/bin/../lib/gcc/arm-none-eabi/10.3.1/../../../../arm-none-eabi/lib/thumb/v7e-m+fp/hard/crt0.o
[...]
Memory Configuration

Name             Origin             Length             Attributes
CCMRAM           0x0000000010000000 0x0000000000002000 xrw
RAM              0x0000000020000000 0x000000000000a000 xrw
FLASH            0x0000000008000000 0x0000000000040000 xr
*default*        0x0000000000000000 0xffffffffffffffff

Linker script and memory map

LOAD /home/vepbxer/st/stm32cubeide_1.10.1/plugins/com.st.stm32cube.ide.mcu.externaltools.gnu-tools-for-stm32.10.3-2021.10.linux64_1.0.0.202111181127/tools/bin/../lib/gcc/arm-none-eabi/10.3.1/thumb/v7e-m+fp/hard/crti.o
LOAD /home/vepbxer/st/stm32cubeide_1.10.1/plugins/com.st.stm32cube.ide.mcu.externaltools.gnu-tools-for-stm32.10.3-2021.10.linux64_1.0.0.202111181127/tools/bin/../lib/gcc/arm-none-eabi/10.3.1/thumb/v7e-m+fp/hard/crtbegin.o
LOAD /home/vepbxer/st/stm32cubeide_1.10.1/plugins/com.st.stm32cube.ide.mcu.externaltools.gnu-tools-for-stm32.10.3-2021.10.linux64_1.0.0.202111181127/tools/bin/../lib/gcc/arm-none-eabi/10.3.1/../../../../arm-none-eabi/lib/thumb/v7e-m+fp/hard/crt0.o
LOAD ./Core/Src/adc.o
LOAD ./Core/Src/gpio.o
LOAD ./Core/Src/i2c.o
LOAD ./Core/Src/main.o
LOAD ./Core/Src/spi.o
LOAD ./Core/Src/stm32f3xx_hal_msp.o
LOAD ./Core/Src/stm32f3xx_it.o
LOAD ./Core/Src/syscalls.o
LOAD ./Core/Src/sysmem.o
LOAD ./Core/Src/system_stm32f3xx.o
LOAD ./Core/Src/tim.o
LOAD ./Core/Startup/startup_stm32f303vctx.o
LOAD ./Drivers/STM32F3xx_HAL_Driver/Src/stm32f3xx_hal.o
LOAD ./Drivers/STM32F3xx_HAL_Driver/Src/stm32f3xx_hal_adc.o
LOAD ./Drivers/STM32F3xx_HAL_Driver/Src/stm32f3xx_hal_adc_ex.o
LOAD ./Drivers/STM32F3xx_HAL_Driver/Src/stm32f3xx_hal_cortex.o
LOAD ./Drivers/STM32F3xx_HAL_Driver/Src/stm32f3xx_hal_dma.o
LOAD ./Drivers/STM32F3xx_HAL_Driver/Src/stm32f3xx_hal_exti.o
LOAD ./Drivers/STM32F3xx_HAL_Driver/Src/stm32f3xx_hal_flash.o
LOAD ./Drivers/STM32F3xx_HAL_Driver/Src/stm32f3xx_hal_flash_ex.o
LOAD ./Drivers/STM32F3xx_HAL_Driver/Src/stm32f3xx_hal_gpio.o
LOAD ./Drivers/STM32F3xx_HAL_Driver/Src/stm32f3xx_hal_i2c.o
LOAD ./Drivers/STM32F3xx_HAL_Driver/Src/stm32f3xx_hal_i2c_ex.o
LOAD ./Drivers/STM32F3xx_HAL_Driver/Src/stm32f3xx_hal_pcd.o
LOAD ./Drivers/STM32F3xx_HAL_Driver/Src/stm32f3xx_hal_pcd_ex.o
LOAD ./Drivers/STM32F3xx_HAL_Driver/Src/stm32f3xx_hal_pwr.o
LOAD ./Drivers/STM32F3xx_HAL_Driver/Src/stm32f3xx_hal_pwr_ex.o
LOAD ./Drivers/STM32F3xx_HAL_Driver/Src/stm32f3xx_hal_rcc.o
LOAD ./Drivers/STM32F3xx_HAL_Driver/Src/stm32f3xx_hal_rcc_ex.o
LOAD ./Drivers/STM32F3xx_HAL_Driver/Src/stm32f3xx_hal_spi.o
LOAD ./Drivers/STM32F3xx_HAL_Driver/Src/stm32f3xx_hal_spi_ex.o
LOAD ./Drivers/STM32F3xx_HAL_Driver/Src/stm32f3xx_hal_tim.o
LOAD ./Drivers/STM32F3xx_HAL_Driver/Src/stm32f3xx_hal_tim_ex.o
LOAD ./Drivers/STM32F3xx_HAL_Driver/Src/stm32f3xx_ll_usb.o
LOAD ./Middlewares/ST/STM32_USB_Device_Library/Class/CDC/Src/usbd_cdc.o
LOAD ./Middlewares/ST/STM32_USB_Device_Library/Core/Src/usbd_core.o
LOAD ./Middlewares/ST/STM32_USB_Device_Library/Core/Src/usbd_ctlreq.o
LOAD ./Middlewares/ST/STM32_USB_Device_Library/Core/Src/usbd_ioreq.o
LOAD ./USB_DEVICE/App/usb_device.o
LOAD ./USB_DEVICE/App/usbd_cdc_if.o
LOAD ./USB_DEVICE/App/usbd_desc.o
LOAD ./USB_DEVICE/Target/usbd_conf.o
START GROUP
LOAD /home/vepbxer/st/stm32cubeide_1.10.1/plugins/com.st.stm32cube.ide.mcu.externaltools.gnu-tools-for-stm32.10.3-2021.10.linux64_1.0.0.202111181127/tools/bin/../lib/gcc/arm-none-eabi/10.3.1/../../../../arm-none-eabi/lib/thumb/v7e-m+fp/hard/libc_nano.a
LOAD /home/vepbxer/st/stm32cubeide_1.10.1/plugins/com.st.stm32cube.ide.mcu.externaltools.gnu-tools-for-stm32.10.3-2021.10.linux64_1.0.0.202111181127/tools/bin/../lib/gcc/arm-none-eabi/10.3.1/../../../../arm-none-eabi/lib/thumb/v7e-m+fp/hard/libm.a
END GROUP
START GROUP
LOAD /home/vepbxer/st/stm32cubeide_1.10.1/plugins/com.st.stm32cube.ide.mcu.externaltools.gnu-tools-for-stm32.10.3-2021.10.linux64_1.0.0.202111181127/tools/bin/../lib/gcc/arm-none-eabi/10.3.1/thumb/v7e-m+fp/hard/libgcc.a
LOAD /home/vepbxer/st/stm32cubeide_1.10.1/plugins/com.st.stm32cube.ide.mcu.externaltools.gnu-tools-for-stm32.10.3-2021.10.linux64_1.0.0.202111181127/tools/bin/../lib/gcc/arm-none-eabi/10.3.1/../../../../arm-none-eabi/lib/thumb/v7e-m+fp/hard/libc_nano.a
END GROUP
START GROUP
LOAD /home/vepbxer/st/stm32cubeide_1.10.1/plugins/com.st.stm32cube.ide.mcu.externaltools.gnu-tools-for-stm32.10.3-2021.10.linux64_1.0.0.202111181127/tools/bin/../lib/gcc/arm-none-eabi/10.3.1/thumb/v7e-m+fp/hard/libgcc.a
LOAD /home/vepbxer/st/stm32cubeide_1.10.1/plugins/com.st.stm32cube.ide.mcu.externaltools.gnu-tools-for-stm32.10.3-2021.10.linux64_1.0.0.202111181127/tools/bin/../lib/gcc/arm-none-eabi/10.3.1/../../../../arm-none-eabi/lib/thumb/v7e-m+fp/hard/libc_nano.a
LOAD /home/vepbxer/st/stm32cubeide_1.10.1/plugins/com.st.stm32cube.ide.mcu.externaltools.gnu-tools-for-stm32.10.3-2021.10.linux64_1.0.0.202111181127/tools/bin/../lib/gcc/arm-none-eabi/10.3.1/../../../../arm-none-eabi/lib/thumb/v7e-m+fp/hard/libnosys.a
END GROUP
START GROUP
LOAD /home/vepbxer/st/stm32cubeide_1.10.1/plugins/com.st.stm32cube.ide.mcu.externaltools.gnu-tools-for-stm32.10.3-2021.10.linux64_1.0.0.202111181127/tools/bin/../lib/gcc/arm-none-eabi/10.3.1/thumb/v7e-m+fp/hard/libgcc.a
LOAD /home/vepbxer/st/stm32cubeide_1.10.1/plugins/com.st.stm32cube.ide.mcu.externaltools.gnu-tools-for-stm32.10.3-2021.10.linux64_1.0.0.202111181127/tools/bin/../lib/gcc/arm-none-eabi/10.3.1/../../../../arm-none-eabi/lib/thumb/v7e-m+fp/hard/libc_nano.a
LOAD /home/vepbxer/st/stm32cubeide_1.10.1/plugins/com.st.stm32cube.ide.mcu.externaltools.gnu-tools-for-stm32.10.3-2021.10.linux64_1.0.0.202111181127/tools/bin/../lib/gcc/arm-none-eabi/10.3.1/../../../../arm-none-eabi/lib/thumb/v7e-m+fp/hard/libnosys.a
END GROUP
LOAD /home/vepbxer/st/stm32cubeide_1.10.1/plugins/com.st.stm32cube.ide.mcu.externaltools.gnu-tools-for-stm32.10.3-2021.10.linux64_1.0.0.202111181127/tools/bin/../lib/gcc/arm-none-eabi/10.3.1/thumb/v7e-m+fp/hard/crtend.o
LOAD /home/vepbxer/st/stm32cubeide_1.10.1/plugins/com.st.stm32cube.ide.mcu.externaltools.gnu-tools-for-stm32.10.3-2021.10.linux64_1.0.0.202111181127/tools/bin/../lib/gcc/arm-none-eabi/10.3.1/thumb/v7e-m+fp/hard/crtn.o
                0x000000002000a000                _estack = (ORIGIN (RAM) + LENGTH (RAM))
                0x0000000000000200                _Min_Heap_Size = 0x200
                0x0000000000000400                _Min_Stack_Size = 0x400

.isr_vector     0x0000000008000000      0x188
                0x0000000008000000                . = ALIGN (0x4)
 *(.isr_vector)
 .isr_vector    0x0000000008000000      0x188 ./Core/Startup/startup_stm32f303vctx.o
                0x0000000008000000                g_pfnVectors
                0x0000000008000188                . = ALIGN (0x4)

.text           0x0000000008000188     0xdb80
                0x0000000008000188                . = ALIGN (0x4)
 *(.text)
 .text          0x0000000008000188       0x40 /home/vepbxer/st/stm32cubeide_1.10.1/plugins/com.st.stm32cube.ide.mcu.externaltools.gnu-tools-for-stm32.10.3-2021.10.linux64_1.0.0.202111181127/tools/bin/../lib/gcc/arm-none-eabi/10.3.1/thumb/v7e-m+fp/hard/crtbegin.o
 *(.text*)
 .text.MX_ADC1_Init
                0x00000000080001c8      0x138 ./Core/Src/adc.o
                0x00000000080001c8                MX_ADC1_Init
 .text.HAL_ADC_MspInit
                0x0000000008000300       0x7c ./Core/Src/adc.o
                0x0000000008000300                HAL_ADC_MspInit
 .text.MX_GPIO_Init
                0x000000000800037c       0xfc ./Core/Src/gpio.o
                0x000000000800037c                MX_GPIO_Init
 .text.MX_I2C1_Init
                0x0000000008000478       0x80 ./Core/Src/i2c.o
                0x0000000008000478                MX_I2C1_Init
 .text.HAL_I2C_MspInit
                0x00000000080004f8       0x88 ./Core/Src/i2c.o
                0x00000000080004f8                HAL_I2C_MspInit
 .text.main     0x0000000008000580       0x68 ./Core/Src/main.o
                0x0000000008000580                main
 .text.SystemClock_Config
                0x00000000080005e8       0xc8 ./Core/Src/main.o
                0x00000000080005e8                SystemClock_Config
 .text.Error_Handler
                0x00000000080006b0        0xa ./Core/Src/main.o
                0x00000000080006b0                Error_Handler
 .text.assert_failed
                0x00000000080006ba       0x16 ./Core/Src/main.o
                0x00000000080006ba                assert_failed
 .text.MX_SPI1_Init
                0x00000000080006d0       0x7c ./Core/Src/spi.o
                0x00000000080006d0                MX_SPI1_Init
 .text.HAL_SPI_MspInit
                0x000000000800074c       0x84 ./Core/Src/spi.o
                0x000000000800074c                HAL_SPI_MspInit
 .text.HAL_MspInit
                0x00000000080007d0       0x48 ./Core/Src/stm32f3xx_hal_msp.o
                0x00000000080007d0                HAL_MspInit
 .text.NMI_Handler
                0x0000000008000818        0x6 ./Core/Src/stm32f3xx_it.o
                0x0000000008000818                NMI_Handler
 .text.HardFault_Handler
                0x000000000800081e        0x6 ./Core/Src/stm32f3xx_it.o
                0x000000000800081e                HardFault_Handler
 .text.MemManage_Handler
                0x0000000008000824        0x6 ./Core/Src/stm32f3xx_it.o
                0x0000000008000824                MemManage_Handler
 .text.BusFault_Handler
                0x000000000800082a        0x6 ./Core/Src/stm32f3xx_it.o
                0x000000000800082a                BusFault_Handler
 .text.UsageFault_Handler
                0x0000000008000830        0x6 ./Core/Src/stm32f3xx_it.o
                0x0000000008000830                UsageFault_Handler
 .text.SVC_Handler
                0x0000000008000836        0xe ./Core/Src/stm32f3xx_it.o
                0x0000000008000836                SVC_Handler
 .text.DebugMon_Handler
                0x0000000008000844        0xe ./Core/Src/stm32f3xx_it.o
                0x0000000008000844                DebugMon_Handler
 .text.PendSV_Handler
                0x0000000008000852        0xe ./Core/Src/stm32f3xx_it.o
                0x0000000008000852                PendSV_Handler
 .text.SysTick_Handler
                0x0000000008000860        0xc ./Core/Src/stm32f3xx_it.o
                0x0000000008000860                SysTick_Handler
 .text.USB_LP_CAN_RX0_IRQHandler
                0x000000000800086c       0x14 ./Core/Src/stm32f3xx_it.o
                0x000000000800086c                USB_LP_CAN_RX0_IRQHandler
 .text.SystemInit
                0x0000000008000880       0x24 ./Core/Src/system_stm32f3xx.o
                0x0000000008000880                SystemInit
 .text.MX_TIM2_Init
                0x00000000080008a4       0xec ./Core/Src/tim.o
                0x00000000080008a4                MX_TIM2_Init
 .text.HAL_TIM_Base_MspInit
                0x0000000008000990       0x3c ./Core/Src/tim.o
                0x0000000008000990                HAL_TIM_Base_MspInit
 .text.HAL_TIM_MspPostInit
                0x00000000080009cc       0x6c ./Core/Src/tim.o
                0x00000000080009cc                HAL_TIM_MspPostInit
 .text.Reset_Handler
                0x0000000008000a38       0x50 ./Core/Startup/startup_stm32f303vctx.o
                0x0000000008000a38                Reset_Handler
 .text.Default_Handler
                0x0000000008000a88        0x2 ./Core/Startup/startup_stm32f303vctx.o
                0x0000000008000a88                RTC_Alarm_IRQHandler
                0x0000000008000a88                TIM8_TRG_COM_IRQHandler
                0x0000000008000a88                TIM8_CC_IRQHandler
                0x0000000008000a88                TIM1_CC_IRQHandler
                0x0000000008000a88                USB_HP_IRQHandler
                0x0000000008000a88                PVD_IRQHandler
                0x0000000008000a88                TAMP_STAMP_IRQHandler
                0x0000000008000a88                EXTI3_IRQHandler
                0x0000000008000a88                USB_HP_CAN_TX_IRQHandler
                0x0000000008000a88                EXTI0_IRQHandler
                0x0000000008000a88                I2C2_EV_IRQHandler
                0x0000000008000a88                FPU_IRQHandler
                0x0000000008000a88                TIM1_UP_TIM16_IRQHandler
                0x0000000008000a88                ADC1_2_IRQHandler
                0x0000000008000a88                SPI1_IRQHandler
                0x0000000008000a88                CAN_SCE_IRQHandler
                0x0000000008000a88                TIM6_DAC_IRQHandler
                0x0000000008000a88                TIM8_UP_IRQHandler
                0x0000000008000a88                DMA2_Channel2_IRQHandler
                0x0000000008000a88                DMA1_Channel4_IRQHandler
                0x0000000008000a88                USART3_IRQHandler
                0x0000000008000a88                DMA1_Channel7_IRQHandler
                0x0000000008000a88                UART5_IRQHandler
                0x0000000008000a88                ADC3_IRQHandler
                0x0000000008000a88                TIM4_IRQHandler
                0x0000000008000a88                CAN_RX1_IRQHandler
                0x0000000008000a88                DMA2_Channel1_IRQHandler
                0x0000000008000a88                I2C1_EV_IRQHandler
                0x0000000008000a88                DMA1_Channel6_IRQHandler
                0x0000000008000a88                UART4_IRQHandler
                0x0000000008000a88                DMA2_Channel4_IRQHandler
                0x0000000008000a88                TIM3_IRQHandler
                0x0000000008000a88                RCC_IRQHandler
                0x0000000008000a88                DMA1_Channel1_IRQHandler
                0x0000000008000a88                Default_Handler
                0x0000000008000a88                USBWakeUp_RMP_IRQHandler
                0x0000000008000a88                EXTI15_10_IRQHandler
                0x0000000008000a88                TIM7_IRQHandler
                0x0000000008000a88                EXTI9_5_IRQHandler
                0x0000000008000a88                RTC_WKUP_IRQHandler
                0x0000000008000a88                SPI2_IRQHandler
                0x0000000008000a88                DMA2_Channel5_IRQHandler
                0x0000000008000a88                DMA1_Channel5_IRQHandler
                0x0000000008000a88                USB_LP_IRQHandler
                0x0000000008000a88                EXTI4_IRQHandler
                0x0000000008000a88                TIM1_TRG_COM_TIM17_IRQHandler
                0x0000000008000a88                DMA1_Channel3_IRQHandler
                0x0000000008000a88                ADC4_IRQHandler
                0x0000000008000a88                WWDG_IRQHandler
                0x0000000008000a88                TIM2_IRQHandler
                0x0000000008000a88                COMP7_IRQHandler
                0x0000000008000a88                COMP1_2_3_IRQHandler
                0x0000000008000a88                EXTI1_IRQHandler
                0x0000000008000a88                USART2_IRQHandler
                0x0000000008000a88                COMP4_5_6_IRQHandler
                0x0000000008000a88                I2C2_ER_IRQHandler
                0x0000000008000a88                DMA1_Channel2_IRQHandler
                0x0000000008000a88                TIM8_BRK_IRQHandler
                0x0000000008000a88                FLASH_IRQHandler
                0x0000000008000a88                USART1_IRQHandler
                0x0000000008000a88                SPI3_IRQHandler
                0x0000000008000a88                I2C1_ER_IRQHandler
                0x0000000008000a88                USBWakeUp_IRQHandler
                0x0000000008000a88                DMA2_Channel3_IRQHandler
                0x0000000008000a88                EXTI2_TSC_IRQHandler
                0x0000000008000a88                TIM1_BRK_TIM15_IRQHandler
 *fill*         0x0000000008000a8a        0x2 
 .text.HAL_Init
                0x0000000008000a8c       0x2c ./Drivers/STM32F3xx_HAL_Driver/Src/stm32f3xx_hal.o
                0x0000000008000a8c                HAL_Init
 .text.HAL_InitTick
                0x0000000008000ab8       0x60 ./Drivers/STM32F3xx_HAL_Driver/Src/stm32f3xx_hal.o
                0x0000000008000ab8                HAL_InitTick
 .text.HAL_IncTick
                0x0000000008000b18       0x28 ./Drivers/STM32F3xx_HAL_Driver/Src/stm32f3xx_hal.o
                0x0000000008000b18                HAL_IncTick
 .text.HAL_GetTick
                0x0000000008000b40       0x18 ./Drivers/STM32F3xx_HAL_Driver/Src/stm32f3xx_hal.o
                0x0000000008000b40                HAL_GetTick
 .text.HAL_ADC_Init
                0x0000000008000b58      0x694 ./Drivers/STM32F3xx_HAL_Driver/Src/stm32f3xx_hal_adc_ex.o
                0x0000000008000b58                HAL_ADC_Init
 .text.HAL_ADC_Start
                0x00000000080011ec      0x268 ./Drivers/STM32F3xx_HAL_Driver/Src/stm32f3xx_hal_adc_ex.o
                0x00000000080011ec                HAL_ADC_Start
 .text.HAL_ADC_PollForConversion
                0x0000000008001454      0x23c ./Drivers/STM32F3xx_HAL_Driver/Src/stm32f3xx_hal_adc_ex.o
                0x0000000008001454                HAL_ADC_PollForConversion
 .text.HAL_ADC_GetValue
                0x0000000008001690       0x58 ./Drivers/STM32F3xx_HAL_Driver/Src/stm32f3xx_hal_adc_ex.o
                0x0000000008001690                HAL_ADC_GetValue
 .text.HAL_ADCEx_Calibration_Start
                0x00000000080016e8      0x13c ./Drivers/STM32F3xx_HAL_Driver/Src/stm32f3xx_hal_adc_ex.o
                0x00000000080016e8                HAL_ADCEx_Calibration_Start
 .text.HAL_ADC_ConfigChannel
                0x0000000008001824      0x8ec ./Drivers/STM32F3xx_HAL_Driver/Src/stm32f3xx_hal_adc_ex.o
                0x0000000008001824                HAL_ADC_ConfigChannel
 .text.HAL_ADCEx_InjectedConfigChannel
                0x0000000008002110      0xb20 ./Drivers/STM32F3xx_HAL_Driver/Src/stm32f3xx_hal_adc_ex.o
                0x0000000008002110                HAL_ADCEx_InjectedConfigChannel
 .text.HAL_ADCEx_MultiModeConfigChannel
                0x0000000008002c30      0x2f8 ./Drivers/STM32F3xx_HAL_Driver/Src/stm32f3xx_hal_adc_ex.o
                0x0000000008002c30                HAL_ADCEx_MultiModeConfigChannel
 .text.ADC_Enable
                0x0000000008002f28       0xc8 ./Drivers/STM32F3xx_HAL_Driver/Src/stm32f3xx_hal_adc_ex.o
 .text.ADC_Disable
                0x0000000008002ff0       0xcc ./Drivers/STM32F3xx_HAL_Driver/Src/stm32f3xx_hal_adc_ex.o
 .text.__NVIC_SetPriorityGrouping
                0x00000000080030bc       0x48 ./Drivers/STM32F3xx_HAL_Driver/Src/stm32f3xx_hal_cortex.o
 .text.__NVIC_GetPriorityGrouping
                0x0000000008003104       0x1c ./Drivers/STM32F3xx_HAL_Driver/Src/stm32f3xx_hal_cortex.o
 .text.__NVIC_EnableIRQ
                0x0000000008003120       0x3c ./Drivers/STM32F3xx_HAL_Driver/Src/stm32f3xx_hal_cortex.o
 .text.__NVIC_SetPriority
                0x000000000800315c       0x54 ./Drivers/STM32F3xx_HAL_Driver/Src/stm32f3xx_hal_cortex.o
 .text.NVIC_EncodePriority
                0x00000000080031b0       0x66 ./Drivers/STM32F3xx_HAL_Driver/Src/stm32f3xx_hal_cortex.o
 *fill*         0x0000000008003216        0x2 
 .text.SysTick_Config
                0x0000000008003218       0x44 ./Drivers/STM32F3xx_HAL_Driver/Src/stm32f3xx_hal_cortex.o
 .text.HAL_NVIC_SetPriorityGrouping
                0x000000000800325c       0x40 ./Drivers/STM32F3xx_HAL_Driver/Src/stm32f3xx_hal_cortex.o
                0x000000000800325c                HAL_NVIC_SetPriorityGrouping
 .text.HAL_NVIC_SetPriority
                0x000000000800329c       0x58 ./Drivers/STM32F3xx_HAL_Driver/Src/stm32f3xx_hal_cortex.o
                0x000000000800329c                HAL_NVIC_SetPriority
 .text.HAL_NVIC_EnableIRQ
                0x00000000080032f4       0x30 ./Drivers/STM32F3xx_HAL_Driver/Src/stm32f3xx_hal_cortex.o
                0x00000000080032f4                HAL_NVIC_EnableIRQ
 .text.HAL_SYSTICK_Config
                0x0000000008003324       0x18 ./Drivers/STM32F3xx_HAL_Driver/Src/stm32f3xx_hal_cortex.o
                0x0000000008003324                HAL_SYSTICK_Config
 .text.HAL_GPIO_Init
                0x000000000800333c      0x490 ./Drivers/STM32F3xx_HAL_Driver/Src/stm32f3xx_hal_gpio.o
                0x000000000800333c                HAL_GPIO_Init
 .text.HAL_GPIO_WritePin
                0x00000000080037cc       0x60 ./Drivers/STM32F3xx_HAL_Driver/Src/stm32f3xx_hal_gpio.o
                0x00000000080037cc                HAL_GPIO_WritePin
 .text.HAL_I2C_Init
                0x000000000800382c      0x228 ./Drivers/STM32F3xx_HAL_Driver/Src/stm32f3xx_hal_i2c.o
                0x000000000800382c                HAL_I2C_Init
 .text.HAL_I2CEx_ConfigAnalogFilter
                0x0000000008003a54       0xd0 ./Drivers/STM32F3xx_HAL_Driver/Src/stm32f3xx_hal_i2c_ex.o
                0x0000000008003a54                HAL_I2CEx_ConfigAnalogFilter
 .text.HAL_I2CEx_ConfigDigitalFilter
                0x0000000008003b24       0xcc ./Drivers/STM32F3xx_HAL_Driver/Src/stm32f3xx_hal_i2c_ex.o
                0x0000000008003b24                HAL_I2CEx_ConfigDigitalFilter
 .text.HAL_PCD_Init
                0x0000000008003bf0      0x1d8 ./Drivers/STM32F3xx_HAL_Driver/Src/stm32f3xx_hal_pcd.o
                0x0000000008003bf0                HAL_PCD_Init
 .text.HAL_PCD_Start
                0x0000000008003dc8       0x4c ./Drivers/STM32F3xx_HAL_Driver/Src/stm32f3xx_hal_pcd.o
                0x0000000008003dc8                HAL_PCD_Start
 .text.HAL_PCD_IRQHandler
                0x0000000008003e14      0x1ee ./Drivers/STM32F3xx_HAL_Driver/Src/stm32f3xx_hal_pcd.o
                0x0000000008003e14                HAL_PCD_IRQHandler
 .text.HAL_PCD_SetAddress
                0x0000000008004002       0x4a ./Drivers/STM32F3xx_HAL_Driver/Src/stm32f3xx_hal_pcd.o
                0x0000000008004002                HAL_PCD_SetAddress
 .text.HAL_PCD_EP_Open
                0x000000000800404c       0xcc ./Drivers/STM32F3xx_HAL_Driver/Src/stm32f3xx_hal_pcd.o
                0x000000000800404c                HAL_PCD_EP_Open
 .text.HAL_PCD_EP_Close
                0x0000000008004118       0x90 ./Drivers/STM32F3xx_HAL_Driver/Src/stm32f3xx_hal_pcd.o
                0x0000000008004118                HAL_PCD_EP_Close
 .text.HAL_PCD_EP_Receive
                0x00000000080041a8       0x7a ./Drivers/STM32F3xx_HAL_Driver/Src/stm32f3xx_hal_pcd.o
                0x00000000080041a8                HAL_PCD_EP_Receive
 .text.HAL_PCD_EP_GetRxCount
                0x0000000008004222       0x30 ./Drivers/STM32F3xx_HAL_Driver/Src/stm32f3xx_hal_pcd.o
                0x0000000008004222                HAL_PCD_EP_GetRxCount
 .text.HAL_PCD_EP_Transmit
                0x0000000008004252       0x86 ./Drivers/STM32F3xx_HAL_Driver/Src/stm32f3xx_hal_pcd.o
                0x0000000008004252                HAL_PCD_EP_Transmit
 .text.HAL_PCD_EP_SetStall
                0x00000000080042d8       0xa4 ./Drivers/STM32F3xx_HAL_Driver/Src/stm32f3xx_hal_pcd.o
                0x00000000080042d8                HAL_PCD_EP_SetStall
 .text.HAL_PCD_EP_ClrStall
                0x000000000800437c       0xa8 ./Drivers/STM32F3xx_HAL_Driver/Src/stm32f3xx_hal_pcd.o
                0x000000000800437c                HAL_PCD_EP_ClrStall
 .text.PCD_EP_ISR_Handler
                0x0000000008004424      0x77a ./Drivers/STM32F3xx_HAL_Driver/Src/stm32f3xx_hal_pcd.o
 .text.HAL_PCD_EP_DB_Receive
                0x0000000008004b9e      0x21a ./Drivers/STM32F3xx_HAL_Driver/Src/stm32f3xx_hal_pcd.o
 .text.HAL_PCD_EP_DB_Transmit
                0x0000000008004db8      0x7a4 ./Drivers/STM32F3xx_HAL_Driver/Src/stm32f3xx_hal_pcd.o
 .text.HAL_PCDEx_PMAConfig
                0x000000000800555c       0x86 ./Drivers/STM32F3xx_HAL_Driver/Src/stm32f3xx_hal_pcd_ex.o
                0x000000000800555c                HAL_PCDEx_PMAConfig
 *fill*         0x00000000080055e2        0x2 
 .text.HAL_RCC_OscConfig
                0x00000000080055e4     0x1368 ./Drivers/STM32F3xx_HAL_Driver/Src/stm32f3xx_hal_rcc.o
                0x00000000080055e4                HAL_RCC_OscConfig
 .text.HAL_RCC_ClockConfig
                0x000000000800694c      0x444 ./Drivers/STM32F3xx_HAL_Driver/Src/stm32f3xx_hal_rcc.o
                0x000000000800694c                HAL_RCC_ClockConfig
 .text.HAL_RCC_GetSysClockFreq
                0x0000000008006d90       0xd4 ./Drivers/STM32F3xx_HAL_Driver/Src/stm32f3xx_hal_rcc.o
                0x0000000008006d90                HAL_RCC_GetSysClockFreq
 .text.HAL_RCCEx_PeriphCLKConfig
                0x0000000008006e64      0x64c ./Drivers/STM32F3xx_HAL_Driver/Src/stm32f3xx_hal_rcc_ex.o
                0x0000000008006e64                HAL_RCCEx_PeriphCLKConfig
 .text.HAL_SPI_Init
                0x00000000080074b0      0x3ec ./Drivers/STM32F3xx_HAL_Driver/Src/stm32f3xx_hal_spi.o
                0x00000000080074b0                HAL_SPI_Init
 .text.HAL_TIM_Base_Init
                0x000000000800789c      0x1b8 ./Drivers/STM32F3xx_HAL_Driver/Src/stm32f3xx_hal_tim.o
                0x000000000800789c                HAL_TIM_Base_Init
 .text.HAL_TIM_PWM_Init
                0x0000000008007a54      0x1b8 ./Drivers/STM32F3xx_HAL_Driver/Src/stm32f3xx_hal_tim.o
                0x0000000008007a54                HAL_TIM_PWM_Init
 .text.HAL_TIM_PWM_MspInit
                0x0000000008007c0c       0x14 ./Drivers/STM32F3xx_HAL_Driver/Src/stm32f3xx_hal_tim.o
                0x0000000008007c0c                HAL_TIM_PWM_MspInit
 .text.HAL_TIM_PWM_Start
                0x0000000008007c20      0x320 ./Drivers/STM32F3xx_HAL_Driver/Src/stm32f3xx_hal_tim.o
                0x0000000008007c20                HAL_TIM_PWM_Start
 .text.HAL_TIM_PWM_ConfigChannel
                0x0000000008007f40      0x46c ./Drivers/STM32F3xx_HAL_Driver/Src/stm32f3xx_hal_tim.o
                0x0000000008007f40                HAL_TIM_PWM_ConfigChannel
 .text.HAL_TIM_ConfigClockSource
                0x00000000080083ac      0x638 ./Drivers/STM32F3xx_HAL_Driver/Src/stm32f3xx_hal_tim.o
                0x00000000080083ac                HAL_TIM_ConfigClockSource
 .text.TIM_Base_SetConfig
                0x00000000080089e4      0x120 ./Drivers/STM32F3xx_HAL_Driver/Src/stm32f3xx_hal_tim.o
                0x00000000080089e4                TIM_Base_SetConfig
 .text.TIM_OC1_SetConfig
                0x0000000008008b04      0x174 ./Drivers/STM32F3xx_HAL_Driver/Src/stm32f3xx_hal_tim.o
 .text.TIM_OC2_SetConfig
                0x0000000008008c78      0x164 ./Drivers/STM32F3xx_HAL_Driver/Src/stm32f3xx_hal_tim.o
                0x0000000008008c78                TIM_OC2_SetConfig
 .text.TIM_OC3_SetConfig
                0x0000000008008ddc      0x164 ./Drivers/STM32F3xx_HAL_Driver/Src/stm32f3xx_hal_tim.o
 .text.TIM_OC4_SetConfig
                0x0000000008008f40       0xf0 ./Drivers/STM32F3xx_HAL_Driver/Src/stm32f3xx_hal_tim.o
 .text.TIM_OC5_SetConfig
                0x0000000008009030       0xc8 ./Drivers/STM32F3xx_HAL_Driver/Src/stm32f3xx_hal_tim.o
 .text.TIM_OC6_SetConfig
                0x00000000080090f8       0xcc ./Drivers/STM32F3xx_HAL_Driver/Src/stm32f3xx_hal_tim.o
 .text.TIM_TI1_ConfigInputStage
                0x00000000080091c4       0x5e ./Drivers/STM32F3xx_HAL_Driver/Src/stm32f3xx_hal_tim.o
 .text.TIM_TI2_ConfigInputStage
                0x0000000008009222       0x60 ./Drivers/STM32F3xx_HAL_Driver/Src/stm32f3xx_hal_tim.o
 .text.TIM_ITRx_SetConfig
                0x0000000008009282       0x36 ./Drivers/STM32F3xx_HAL_Driver/Src/stm32f3xx_hal_tim.o
 .text.TIM_ETR_SetConfig
                0x00000000080092b8       0x40 ./Drivers/STM32F3xx_HAL_Driver/Src/stm32f3xx_hal_tim.o
                0x00000000080092b8                TIM_ETR_SetConfig
 .text.TIM_CCxChannelCmd
                0x00000000080092f8       0xe4 ./Drivers/STM32F3xx_HAL_Driver/Src/stm32f3xx_hal_tim.o
                0x00000000080092f8                TIM_CCxChannelCmd
 .text.HAL_TIMEx_MasterConfigSynchronization
                0x00000000080093dc      0x294 ./Drivers/STM32F3xx_HAL_Driver/Src/stm32f3xx_hal_tim_ex.o
                0x00000000080093dc                HAL_TIMEx_MasterConfigSynchronization
 .text.USB_EnableGlobalInt
                0x0000000008009670       0x2e ./Drivers/STM32F3xx_HAL_Driver/Src/stm32f3xx_ll_usb.o
                0x0000000008009670                USB_EnableGlobalInt
 .text.USB_DisableGlobalInt
                0x000000000800969e       0x36 ./Drivers/STM32F3xx_HAL_Driver/Src/stm32f3xx_ll_usb.o
                0x000000000800969e                USB_DisableGlobalInt
 .text.USB_DevInit
                0x00000000080096d4       0x42 ./Drivers/STM32F3xx_HAL_Driver/Src/stm32f3xx_ll_usb.o
                0x00000000080096d4                USB_DevInit
 *fill*         0x0000000008009716        0x2 
 .text.USB_ActivateEndpoint
                0x0000000008009718      0x728 ./Drivers/STM32F3xx_HAL_Driver/Src/stm32f3xx_ll_usb.o
                0x0000000008009718                USB_ActivateEndpoint
 .text.USB_DeactivateEndpoint
                0x0000000008009e40      0x3da ./Drivers/STM32F3xx_HAL_Driver/Src/stm32f3xx_ll_usb.o
                0x0000000008009e40                USB_DeactivateEndpoint
 .text.USB_EPStartXfer
                0x000000000800a21a     0x166c ./Drivers/STM32F3xx_HAL_Driver/Src/stm32f3xx_ll_usb.o
                0x000000000800a21a                USB_EPStartXfer
 .text.USB_EPSetStall
                0x000000000800b886       0xa2 ./Drivers/STM32F3xx_HAL_Driver/Src/stm32f3xx_ll_usb.o
                0x000000000800b886                USB_EPSetStall
 .text.USB_EPClearStall
                0x000000000800b928      0x15c ./Drivers/STM32F3xx_HAL_Driver/Src/stm32f3xx_ll_usb.o
                0x000000000800b928                USB_EPClearStall
 .text.USB_SetDevAddress
                0x000000000800ba84       0x28 ./Drivers/STM32F3xx_HAL_Driver/Src/stm32f3xx_ll_usb.o
                0x000000000800ba84                USB_SetDevAddress
 .text.USB_DevConnect
                0x000000000800baac       0x16 ./Drivers/STM32F3xx_HAL_Driver/Src/stm32f3xx_ll_usb.o
                0x000000000800baac                USB_DevConnect
 .text.USB_ReadInterrupts
                0x000000000800bac2       0x20 ./Drivers/STM32F3xx_HAL_Driver/Src/stm32f3xx_ll_usb.o
                0x000000000800bac2                USB_ReadInterrupts
 .text.USB_WritePMA
                0x000000000800bae2       0x8c ./Drivers/STM32F3xx_HAL_Driver/Src/stm32f3xx_ll_usb.o
                0x000000000800bae2                USB_WritePMA
 .text.USB_ReadPMA
                0x000000000800bb6e       0xa0 ./Drivers/STM32F3xx_HAL_Driver/Src/stm32f3xx_ll_usb.o
                0x000000000800bb6e                USB_ReadPMA
 .text.USBD_CDC_Init
                0x000000000800bc0e       0xf4 ./Middlewares/ST/STM32_USB_Device_Library/Class/CDC/Src/usbd_cdc.o
 .text.USBD_CDC_DeInit
                0x000000000800bd02       0x6e ./Middlewares/ST/STM32_USB_Device_Library/Class/CDC/Src/usbd_cdc.o
 .text.USBD_CDC_Setup
                0x000000000800bd70      0x146 ./Middlewares/ST/STM32_USB_Device_Library/Class/CDC/Src/usbd_cdc.o
 .text.USBD_CDC_DataIn
                0x000000000800beb6       0xa6 ./Middlewares/ST/STM32_USB_Device_Library/Class/CDC/Src/usbd_cdc.o
 .text.USBD_CDC_DataOut
                0x000000000800bf5c       0x56 ./Middlewares/ST/STM32_USB_Device_Library/Class/CDC/Src/usbd_cdc.o
 .text.USBD_CDC_EP0_RxReady
                0x000000000800bfb2       0x50 ./Middlewares/ST/STM32_USB_Device_Library/Class/CDC/Src/usbd_cdc.o
 *fill*         0x000000000800c002        0x2 
 .text.USBD_CDC_GetFSCfgDesc
                0x000000000800c004       0x20 ./Middlewares/ST/STM32_USB_Device_Library/Class/CDC/Src/usbd_cdc.o
 .text.USBD_CDC_GetHSCfgDesc
                0x000000000800c024       0x20 ./Middlewares/ST/STM32_USB_Device_Library/Class/CDC/Src/usbd_cdc.o
 .text.USBD_CDC_GetOtherSpeedCfgDesc
                0x000000000800c044       0x20 ./Middlewares/ST/STM32_USB_Device_Library/Class/CDC/Src/usbd_cdc.o
 .text.USBD_CDC_GetDeviceQualifierDescriptor
                0x000000000800c064       0x20 ./Middlewares/ST/STM32_USB_Device_Library/Class/CDC/Src/usbd_cdc.o
                0x000000000800c064                USBD_CDC_GetDeviceQualifierDescriptor
 .text.USBD_CDC_RegisterInterface
                0x000000000800c084       0x2e ./Middlewares/ST/STM32_USB_Device_Library/Class/CDC/Src/usbd_cdc.o
                0x000000000800c084                USBD_CDC_RegisterInterface
 .text.USBD_CDC_SetTxBuffer
                0x000000000800c0b2       0x34 ./Middlewares/ST/STM32_USB_Device_Library/Class/CDC/Src/usbd_cdc.o
                0x000000000800c0b2                USBD_CDC_SetTxBuffer
 .text.USBD_CDC_SetRxBuffer
                0x000000000800c0e6       0x28 ./Middlewares/ST/STM32_USB_Device_Library/Class/CDC/Src/usbd_cdc.o
                0x000000000800c0e6                USBD_CDC_SetRxBuffer
 .text.USBD_CDC_TransmitPacket
                0x000000000800c10e       0x5e ./Middlewares/ST/STM32_USB_Device_Library/Class/CDC/Src/usbd_cdc.o
                0x000000000800c10e                USBD_CDC_TransmitPacket
 .text.USBD_CDC_ReceivePacket
                0x000000000800c16c       0x54 ./Middlewares/ST/STM32_USB_Device_Library/Class/CDC/Src/usbd_cdc.o
                0x000000000800c16c                USBD_CDC_ReceivePacket
 .text.USBD_Init
                0x000000000800c1c0       0x56 ./Middlewares/ST/STM32_USB_Device_Library/Core/Src/usbd_core.o
                0x000000000800c1c0                USBD_Init
 .text.USBD_RegisterClass
                0x000000000800c216       0x34 ./Middlewares/ST/STM32_USB_Device_Library/Core/Src/usbd_core.o
                0x000000000800c216                USBD_RegisterClass
 .text.USBD_Start
                0x000000000800c24a       0x18 ./Middlewares/ST/STM32_USB_Device_Library/Core/Src/usbd_core.o
                0x000000000800c24a                USBD_Start
 .text.USBD_RunTestMode
                0x000000000800c262       0x16 ./Middlewares/ST/STM32_USB_Device_Library/Core/Src/usbd_core.o
                0x000000000800c262                USBD_RunTestMode
 .text.USBD_SetClassConfig
                0x000000000800c278       0x3e ./Middlewares/ST/STM32_USB_Device_Library/Core/Src/usbd_core.o
                0x000000000800c278                USBD_SetClassConfig
 .text.USBD_ClrClassConfig
                0x000000000800c2b6       0x26 ./Middlewares/ST/STM32_USB_Device_Library/Core/Src/usbd_core.o
                0x000000000800c2b6                USBD_ClrClassConfig
 .text.USBD_LL_SetupStage
                0x000000000800c2dc       0x9a ./Middlewares/ST/STM32_USB_Device_Library/Core/Src/usbd_core.o
                0x000000000800c2dc                USBD_LL_SetupStage
 .text.USBD_LL_DataOutStage
                0x000000000800c376       0xe2 ./Middlewares/ST/STM32_USB_Device_Library/Core/Src/usbd_core.o
                0x000000000800c376                USBD_LL_DataOutStage
 .text.USBD_LL_DataInStage
                0x000000000800c458      0x14a ./Middlewares/ST/STM32_USB_Device_Library/Core/Src/usbd_core.o
                0x000000000800c458                USBD_LL_DataInStage
 .text.USBD_LL_Reset
                0x000000000800c5a2       0x82 ./Middlewares/ST/STM32_USB_Device_Library/Core/Src/usbd_core.o
                0x000000000800c5a2                USBD_LL_Reset
 .text.USBD_LL_SetSpeed
                0x000000000800c624       0x20 ./Middlewares/ST/STM32_USB_Device_Library/Core/Src/usbd_core.o
                0x000000000800c624                USBD_LL_SetSpeed
 .text.USBD_LL_Suspend
                0x000000000800c644       0x2a ./Middlewares/ST/STM32_USB_Device_Library/Core/Src/usbd_core.o
                0x000000000800c644                USBD_LL_Suspend
 .text.USBD_LL_Resume
                0x000000000800c66e       0x2c ./Middlewares/ST/STM32_USB_Device_Library/Core/Src/usbd_core.o
                0x000000000800c66e                USBD_LL_Resume
 .text.USBD_LL_SOF
                0x000000000800c69a       0x34 ./Middlewares/ST/STM32_USB_Device_Library/Core/Src/usbd_core.o
                0x000000000800c69a                USBD_LL_SOF
 *fill*         0x000000000800c6ce        0x2 
 .text.USBD_StdDevReq
                0x000000000800c6d0       0xd4 ./Middlewares/ST/STM32_USB_Device_Library/Core/Src/usbd_ctlreq.o
                0x000000000800c6d0                USBD_StdDevReq
 .text.USBD_StdItfReq
                0x000000000800c7a4       0x90 ./Middlewares/ST/STM32_USB_Device_Library/Core/Src/usbd_ctlreq.o
                0x000000000800c7a4                USBD_StdItfReq
 .text.USBD_StdEPReq
                0x000000000800c834      0x2c6 ./Middlewares/ST/STM32_USB_Device_Library/Core/Src/usbd_ctlreq.o
                0x000000000800c834                USBD_StdEPReq
 *fill*         0x000000000800cafa        0x2 
 .text.USBD_GetDescriptor
                0x000000000800cafc      0x2d0 ./Middlewares/ST/STM32_USB_Device_Library/Core/Src/usbd_ctlreq.o
 .text.USBD_SetAddress
                0x000000000800cdcc       0x86 ./Middlewares/ST/STM32_USB_Device_Library/Core/Src/usbd_ctlreq.o
 *fill*         0x000000000800ce52        0x2 
 .text.USBD_SetConfig
                0x000000000800ce54      0x11c ./Middlewares/ST/STM32_USB_Device_Library/Core/Src/usbd_ctlreq.o
 .text.USBD_GetConfig
                0x000000000800cf70       0x6a ./Middlewares/ST/STM32_USB_Device_Library/Core/Src/usbd_ctlreq.o
 .text.USBD_GetStatus
                0x000000000800cfda       0x66 ./Middlewares/ST/STM32_USB_Device_Library/Core/Src/usbd_ctlreq.o
 .text.USBD_SetFeature
                0x000000000800d040       0x28 ./Middlewares/ST/STM32_USB_Device_Library/Core/Src/usbd_ctlreq.o
 .text.USBD_ClrFeature
                0x000000000800d068       0x42 ./Middlewares/ST/STM32_USB_Device_Library/Core/Src/usbd_ctlreq.o
 .text.USBD_ParseSetupRequest
                0x000000000800d0aa       0x7a ./Middlewares/ST/STM32_USB_Device_Library/Core/Src/usbd_ctlreq.o
                0x000000000800d0aa                USBD_ParseSetupRequest
 .text.USBD_CtlError
                0x000000000800d124       0x22 ./Middlewares/ST/STM32_USB_Device_Library/Core/Src/usbd_ctlreq.o
                0x000000000800d124                USBD_CtlError
 .text.USBD_GetString
                0x000000000800d146       0x84 ./Middlewares/ST/STM32_USB_Device_Library/Core/Src/usbd_ctlreq.o
                0x000000000800d146                USBD_GetString
 .text.USBD_GetLen
                0x000000000800d1ca       0x30 ./Middlewares/ST/STM32_USB_Device_Library/Core/Src/usbd_ctlreq.o
 .text.USBD_CtlSendData
                0x000000000800d1fa       0x38 ./Middlewares/ST/STM32_USB_Device_Library/Core/Src/usbd_ioreq.o
                0x000000000800d1fa                USBD_CtlSendData
 .text.USBD_CtlContinueSendData
                0x000000000800d232       0x24 ./Middlewares/ST/STM32_USB_Device_Library/Core/Src/usbd_ioreq.o
                0x000000000800d232                USBD_CtlContinueSendData
 .text.USBD_CtlPrepareRx
                0x000000000800d256       0x3c ./Middlewares/ST/STM32_USB_Device_Library/Core/Src/usbd_ioreq.o
                0x000000000800d256                USBD_CtlPrepareRx
 .text.USBD_CtlContinueRx
                0x000000000800d292       0x24 ./Middlewares/ST/STM32_USB_Device_Library/Core/Src/usbd_ioreq.o
                0x000000000800d292                USBD_CtlContinueRx
 .text.USBD_CtlSendStatus
                0x000000000800d2b6       0x26 ./Middlewares/ST/STM32_USB_Device_Library/Core/Src/usbd_ioreq.o
                0x000000000800d2b6                USBD_CtlSendStatus
 .text.USBD_CtlReceiveStatus
                0x000000000800d2dc       0x26 ./Middlewares/ST/STM32_USB_Device_Library/Core/Src/usbd_ioreq.o
                0x000000000800d2dc                USBD_CtlReceiveStatus
 *fill*         0x000000000800d302        0x2 
 .text.MX_USB_DEVICE_Init
                0x000000000800d304       0x60 ./USB_DEVICE/App/usb_device.o
                0x000000000800d304                MX_USB_DEVICE_Init
 .text.CDC_Init_FS
                0x000000000800d364       0x28 ./USB_DEVICE/App/usbd_cdc_if.o
 .text.CDC_DeInit_FS
                0x000000000800d38c       0x10 ./USB_DEVICE/App/usbd_cdc_if.o
 .text.CDC_Control_FS
                0x000000000800d39c       0xbc ./USB_DEVICE/App/usbd_cdc_if.o
 .text.CDC_Receive_FS
                0x000000000800d458       0x28 ./USB_DEVICE/App/usbd_cdc_if.o
 .text.CDC_Transmit_FS
                0x000000000800d480       0x4c ./USB_DEVICE/App/usbd_cdc_if.o
                0x000000000800d480                CDC_Transmit_FS
 .text.USBD_FS_DeviceDescriptor
                0x000000000800d4cc       0x24 ./USB_DEVICE/App/usbd_desc.o
                0x000000000800d4cc                USBD_FS_DeviceDescriptor
 .text.USBD_FS_LangIDStrDescriptor
                0x000000000800d4f0       0x24 ./USB_DEVICE/App/usbd_desc.o
                0x000000000800d4f0                USBD_FS_LangIDStrDescriptor
 .text.USBD_FS_ProductStrDescriptor
                0x000000000800d514       0x3c ./USB_DEVICE/App/usbd_desc.o
                0x000000000800d514                USBD_FS_ProductStrDescriptor
 .text.USBD_FS_ManufacturerStrDescriptor
                0x000000000800d550       0x28 ./USB_DEVICE/App/usbd_desc.o
                0x000000000800d550                USBD_FS_ManufacturerStrDescriptor
 .text.USBD_FS_SerialStrDescriptor
                0x000000000800d578       0x24 ./USB_DEVICE/App/usbd_desc.o
                0x000000000800d578                USBD_FS_SerialStrDescriptor
 .text.USBD_FS_ConfigStrDescriptor
                0x000000000800d59c       0x3c ./USB_DEVICE/App/usbd_desc.o
                0x000000000800d59c                USBD_FS_ConfigStrDescriptor
 .text.USBD_FS_InterfaceStrDescriptor
                0x000000000800d5d8       0x3c ./USB_DEVICE/App/usbd_desc.o
                0x000000000800d5d8                USBD_FS_InterfaceStrDescriptor
 .text.Get_SerialNum
                0x000000000800d614       0x58 ./USB_DEVICE/App/usbd_desc.o
 .text.IntToUnicode
                0x000000000800d66c       0x7e ./USB_DEVICE/App/usbd_desc.o
 *fill*         0x000000000800d6ea        0x2 
 .text.HAL_PCD_MspInit
                0x000000000800d6ec       0x98 ./USB_DEVICE/Target/usbd_conf.o
                0x000000000800d6ec                HAL_PCD_MspInit
 .text.HAL_PCD_SetupStageCallback
                0x000000000800d784       0x24 ./USB_DEVICE/Target/usbd_conf.o
                0x000000000800d784                HAL_PCD_SetupStageCallback
 .text.HAL_PCD_DataOutStageCallback
                0x000000000800d7a8       0x36 ./USB_DEVICE/Target/usbd_conf.o
                0x000000000800d7a8                HAL_PCD_DataOutStageCallback
 .text.HAL_PCD_DataInStageCallback
                0x000000000800d7de       0x34 ./USB_DEVICE/Target/usbd_conf.o
                0x000000000800d7de                HAL_PCD_DataInStageCallback
 .text.HAL_PCD_SOFCallback
                0x000000000800d812       0x1c ./USB_DEVICE/Target/usbd_conf.o
                0x000000000800d812                HAL_PCD_SOFCallback
 .text.HAL_PCD_ResetCallback
                0x000000000800d82e       0x3c ./USB_DEVICE/Target/usbd_conf.o
                0x000000000800d82e                HAL_PCD_ResetCallback
 *fill*         0x000000000800d86a        0x2 
 .text.HAL_PCD_SuspendCallback
                0x000000000800d86c       0x34 ./USB_DEVICE/Target/usbd_conf.o
                0x000000000800d86c                HAL_PCD_SuspendCallback
 .text.HAL_PCD_ResumeCallback
                0x000000000800d8a0       0x1c ./USB_DEVICE/Target/usbd_conf.o
                0x000000000800d8a0                HAL_PCD_ResumeCallback
 .text.USBD_LL_Init
                0x000000000800d8bc       0xb4 ./USB_DEVICE/Target/usbd_conf.o
                0x000000000800d8bc                USBD_LL_Init
 .text.USBD_LL_Start
                0x000000000800d970       0x36 ./USB_DEVICE/Target/usbd_conf.o
                0x000000000800d970                USBD_LL_Start
 .text.USBD_LL_OpenEP
                0x000000000800d9a6       0x4c ./USB_DEVICE/Target/usbd_conf.o
                0x000000000800d9a6                USBD_LL_OpenEP
 .text.USBD_LL_CloseEP
                0x000000000800d9f2       0x3e ./USB_DEVICE/Target/usbd_conf.o
                0x000000000800d9f2                USBD_LL_CloseEP
 .text.USBD_LL_StallEP
                0x000000000800da30       0x3e ./USB_DEVICE/Target/usbd_conf.o
                0x000000000800da30                USBD_LL_StallEP
 .text.USBD_LL_ClearStallEP
                0x000000000800da6e       0x3e ./USB_DEVICE/Target/usbd_conf.o
                0x000000000800da6e                USBD_LL_ClearStallEP
 .text.USBD_LL_IsStallEP
                0x000000000800daac       0x5a ./USB_DEVICE/Target/usbd_conf.o
                0x000000000800daac                USBD_LL_IsStallEP
 .text.USBD_LL_SetUSBAddress
                0x000000000800db06       0x3e ./USB_DEVICE/Target/usbd_conf.o
                0x000000000800db06                USBD_LL_SetUSBAddress
 .text.USBD_LL_Transmit
                0x000000000800db44       0x46 ./USB_DEVICE/Target/usbd_conf.o
                0x000000000800db44                USBD_LL_Transmit
 .text.USBD_LL_PrepareReceive
                0x000000000800db8a       0x46 ./USB_DEVICE/Target/usbd_conf.o
                0x000000000800db8a                USBD_LL_PrepareReceive
 .text.USBD_LL_GetRxDataSize
                0x000000000800dbd0       0x26 ./USB_DEVICE/Target/usbd_conf.o
                0x000000000800dbd0                USBD_LL_GetRxDataSize
 *fill*         0x000000000800dbf6        0x2 
 .text.USBD_static_malloc
                0x000000000800dbf8       0x1c ./USB_DEVICE/Target/usbd_conf.o
                0x000000000800dbf8                USBD_static_malloc
 .text.USBD_static_free
                0x000000000800dc14       0x14 ./USB_DEVICE/Target/usbd_conf.o
                0x000000000800dc14                USBD_static_free
 .text.HAL_PCDEx_SetConnectionState
                0x000000000800dc28       0x18 ./USB_DEVICE/Target/usbd_conf.o
                0x000000000800dc28                HAL_PCDEx_SetConnectionState
 .text.USBD_Get_USB_Status
                0x000000000800dc40       0x58 ./USB_DEVICE/Target/usbd_conf.o
 .text.__libc_init_array
                0x000000000800dc98       0x48 /home/vepbxer/st/stm32cubeide_1.10.1/plugins/com.st.stm32cube.ide.mcu.externaltools.gnu-tools-for-stm32.10.3-2021.10.linux64_1.0.0.202111181127/tools/bin/../lib/gcc/arm-none-eabi/10.3.1/../../../../arm-none-eabi/lib/thumb/v7e-m+fp/hard/libc_nano.a(lib_a-init.o)
                0x000000000800dc98                __libc_init_array
 .text.memset   0x000000000800dce0       0x10 /home/vepbxer/st/stm32cubeide_1.10.1/plugins/com.st.stm32cube.ide.mcu.externaltools.gnu-tools-for-stm32.10.3-2021.10.linux64_1.0.0.202111181127/tools/bin/../lib/gcc/arm-none-eabi/10.3.1/../../../../arm-none-eabi/lib/thumb/v7e-m+fp/hard/libc_nano.a(lib_a-memset.o)
                0x000000000800dce0                memset
 *(.glue_7)
 .glue_7        0x000000000800dcf0        0x0 linker stubs
 *(.glue_7t)
 .glue_7t       0x000000000800dcf0        0x0 linker stubs
 *(.eh_frame)
 .eh_frame      0x000000000800dcf0        0x0 /home/vepbxer/st/stm32cubeide_1.10.1/plugins/com.st.stm32cube.ide.mcu.externaltools.gnu-tools-for-stm32.10.3-2021.10.linux64_1.0.0.202111181127/tools/bin/../lib/gcc/arm-none-eabi/10.3.1/thumb/v7e-m+fp/hard/crtbegin.o
 *(.init)
 .init          0x000000000800dcf0        0x4 /home/vepbxer/st/stm32cubeide_1.10.1/plugins/com.st.stm32cube.ide.mcu.externaltools.gnu-tools-for-stm32.10.3-2021.10.linux64_1.0.0.202111181127/tools/bin/../lib/gcc/arm-none-eabi/10.3.1/thumb/v7e-m+fp/hard/crti.o
                0x000000000800dcf0                _init
 .init          0x000000000800dcf4        0x8 /home/vepbxer/st/stm32cubeide_1.10.1/plugins/com.st.stm32cube.ide.mcu.externaltools.gnu-tools-for-stm32.10.3-2021.10.linux64_1.0.0.202111181127/tools/bin/../lib/gcc/arm-none-eabi/10.3.1/thumb/v7e-m+fp/hard/crtn.o
 *(.fini)
 .fini          0x000000000800dcfc        0x4 /home/vepbxer/st/stm32cubeide_1.10.1/plugins/com.st.stm32cube.ide.mcu.externaltools.gnu-tools-for-stm32.10.3-2021.10.linux64_1.0.0.202111181127/tools/bin/../lib/gcc/arm-none-eabi/10.3.1/thumb/v7e-m+fp/hard/crti.o
                0x000000000800dcfc                _fini
 .fini          0x000000000800dd00        0x8 /home/vepbxer/st/stm32cubeide_1.10.1/plugins/com.st.stm32cube.ide.mcu.externaltools.gnu-tools-for-stm32.10.3-2021.10.linux64_1.0.0.202111181127/tools/bin/../lib/gcc/arm-none-eabi/10.3.1/thumb/v7e-m+fp/hard/crtn.o
                0x000000000800dd08                . = ALIGN (0x4)
                0x000000000800dd08                _etext = .

.vfp11_veneer   0x000000000800dd08        0x0
 .vfp11_veneer  0x000000000800dd08        0x0 linker stubs

.v4_bx          0x000000000800dd08        0x0
 .v4_bx         0x000000000800dd08        0x0 linker stubs

.iplt           0x000000000800dd08        0x0
 .iplt          0x000000000800dd08        0x0 /home/vepbxer/st/stm32cubeide_1.10.1/plugins/com.st.stm32cube.ide.mcu.externaltools.gnu-tools-for-stm32.10.3-2021.10.linux64_1.0.0.202111181127/tools/bin/../lib/gcc/arm-none-eabi/10.3.1/thumb/v7e-m+fp/hard/crtbegin.o

.rodata         0x000000000800dd08      0x318
                0x000000000800dd08                . = ALIGN (0x4)
 *(.rodata)
 .rodata        0x000000000800dd08       0x3b ./Drivers/STM32F3xx_HAL_Driver/Src/stm32f3xx_hal_adc_ex.o
 *fill*         0x000000000800dd43        0x1 
 .rodata        0x000000000800dd44       0x3b ./Drivers/STM32F3xx_HAL_Driver/Src/stm32f3xx_hal_cortex.o
 *fill*         0x000000000800dd7f        0x1 
 .rodata        0x000000000800dd80       0x39 ./Drivers/STM32F3xx_HAL_Driver/Src/stm32f3xx_hal_gpio.o
 *fill*         0x000000000800ddb9        0x3 
 .rodata        0x000000000800ddbc       0x38 ./Drivers/STM32F3xx_HAL_Driver/Src/stm32f3xx_hal_i2c.o
 .rodata        0x000000000800ddf4       0x3b ./Drivers/STM32F3xx_HAL_Driver/Src/stm32f3xx_hal_i2c_ex.o
 *fill*         0x000000000800de2f        0x1 
 .rodata        0x000000000800de30       0x38 ./Drivers/STM32F3xx_HAL_Driver/Src/stm32f3xx_hal_pcd.o
 .rodata        0x000000000800de68       0x38 ./Drivers/STM32F3xx_HAL_Driver/Src/stm32f3xx_hal_rcc.o
 .rodata        0x000000000800dea0       0x5c ./Drivers/STM32F3xx_HAL_Driver/Src/stm32f3xx_hal_rcc_ex.o
 .rodata        0x000000000800defc       0x38 ./Drivers/STM32F3xx_HAL_Driver/Src/stm32f3xx_hal_spi.o
 .rodata        0x000000000800df34       0x38 ./Drivers/STM32F3xx_HAL_Driver/Src/stm32f3xx_hal_tim.o
 .rodata        0x000000000800df6c       0x3b ./Drivers/STM32F3xx_HAL_Driver/Src/stm32f3xx_hal_tim_ex.o
 *fill*         0x000000000800dfa7        0x1 
 .rodata        0x000000000800dfa8       0x46 ./USB_DEVICE/App/usbd_desc.o
 *(.rodata*)
 *fill*         0x000000000800dfee        0x2 
 .rodata.AHBPrescTable
                0x000000000800dff0       0x10 ./Core/Src/system_stm32f3xx.o
                0x000000000800dff0                AHBPrescTable
 .rodata.aPLLMULFactorTable
                0x000000000800e000       0x10 ./Drivers/STM32F3xx_HAL_Driver/Src/stm32f3xx_hal_rcc.o
                0x000000000800e000                aPLLMULFactorTable
 .rodata.aPredivFactorTable
                0x000000000800e010       0x10 ./Drivers/STM32F3xx_HAL_Driver/Src/stm32f3xx_hal_rcc.o
                0x000000000800e010                aPredivFactorTable
                0x000000000800e020                . = ALIGN (0x4)

.rel.dyn        0x000000000800e020        0x0
 .rel.iplt      0x000000000800e020        0x0 /home/vepbxer/st/stm32cubeide_1.10.1/plugins/com.st.stm32cube.ide.mcu.externaltools.gnu-tools-for-stm32.10.3-2021.10.linux64_1.0.0.202111181127/tools/bin/../lib/gcc/arm-none-eabi/10.3.1/thumb/v7e-m+fp/hard/crtbegin.o

.ARM.extab      0x000000000800e020        0x0
                0x000000000800e020                . = ALIGN (0x4)
 *(.ARM.extab* .gnu.linkonce.armextab.*)
                0x000000000800e020                . = ALIGN (0x4)

.ARM            0x000000000800e020        0x0
                0x000000000800e020                . = ALIGN (0x4)
                0x000000000800e020                __exidx_start = .
 *(.ARM.exidx*)
                0x000000000800e020                __exidx_end = .
                0x000000000800e020                . = ALIGN (0x4)

.preinit_array  0x000000000800e020        0x0
                0x000000000800e020                . = ALIGN (0x4)
                0x000000000800e020                PROVIDE (__preinit_array_start = .)
 *(.preinit_array*)
                0x000000000800e020                PROVIDE (__preinit_array_end = .)
                0x000000000800e020                . = ALIGN (0x4)

.init_array     0x000000000800e020        0x4
                0x000000000800e020                . = ALIGN (0x4)
                0x000000000800e020                PROVIDE (__init_array_start = .)
 *(SORT_BY_NAME(.init_array.*))
 *(.init_array*)
 .init_array    0x000000000800e020        0x4 /home/vepbxer/st/stm32cubeide_1.10.1/plugins/com.st.stm32cube.ide.mcu.externaltools.gnu-tools-for-stm32.10.3-2021.10.linux64_1.0.0.202111181127/tools/bin/../lib/gcc/arm-none-eabi/10.3.1/thumb/v7e-m+fp/hard/crtbegin.o
                0x000000000800e024                PROVIDE (__init_array_end = .)
                0x000000000800e024                . = ALIGN (0x4)

.fini_array     0x000000000800e024        0x4
                0x000000000800e024                . = ALIGN (0x4)
                [!provide]                        PROVIDE (__fini_array_start = .)
 *(SORT_BY_NAME(.fini_array.*))
 *(.fini_array*)
 .fini_array    0x000000000800e024        0x4 /home/vepbxer/st/stm32cubeide_1.10.1/plugins/com.st.stm32cube.ide.mcu.externaltools.gnu-tools-for-stm32.10.3-2021.10.linux64_1.0.0.202111181127/tools/bin/../lib/gcc/arm-none-eabi/10.3.1/thumb/v7e-m+fp/hard/crtbegin.o
                [!provide]                        PROVIDE (__fini_array_end = .)
                0x000000000800e028                . = ALIGN (0x4)
                0x000000000800e028                _sidata = LOADADDR (.data)

.data           0x0000000020000000      0x17c load address 0x000000000800e028
                0x0000000020000000                . = ALIGN (0x4)
                0x0000000020000000                _sdata = .
 *(.data)
 *(.data*)
 .data.SystemCoreClock
                0x0000000020000000        0x4 ./Core/Src/system_stm32f3xx.o
                0x0000000020000000                SystemCoreClock
 .data.uwTickPrio
                0x0000000020000004        0x4 ./Drivers/STM32F3xx_HAL_Driver/Src/stm32f3xx_hal.o
                0x0000000020000004                uwTickPrio
 .data.uwTickFreq
                0x0000000020000008        0x1 ./Drivers/STM32F3xx_HAL_Driver/Src/stm32f3xx_hal.o
                0x0000000020000008                uwTickFreq
 *fill*         0x0000000020000009        0x3 
 .data.USBD_CDC_DeviceQualifierDesc
                0x000000002000000c        0xa ./Middlewares/ST/STM32_USB_Device_Library/Class/CDC/Src/usbd_cdc.o
 *fill*         0x0000000020000016        0x2 
 .data.USBD_CDC
                0x0000000020000018       0x38 ./Middlewares/ST/STM32_USB_Device_Library/Class/CDC/Src/usbd_cdc.o
                0x0000000020000018                USBD_CDC
 .data.USBD_CDC_CfgHSDesc
                0x0000000020000050       0x43 ./Middlewares/ST/STM32_USB_Device_Library/Class/CDC/Src/usbd_cdc.o
                0x0000000020000050                USBD_CDC_CfgHSDesc
 *fill*         0x0000000020000093        0x1 
 .data.USBD_CDC_CfgFSDesc
                0x0000000020000094       0x43 ./Middlewares/ST/STM32_USB_Device_Library/Class/CDC/Src/usbd_cdc.o
                0x0000000020000094                USBD_CDC_CfgFSDesc
 *fill*         0x00000000200000d7        0x1 
 .data.USBD_CDC_OtherSpeedCfgDesc
                0x00000000200000d8       0x43 ./Middlewares/ST/STM32_USB_Device_Library/Class/CDC/Src/usbd_cdc.o
                0x00000000200000d8                USBD_CDC_OtherSpeedCfgDesc
 *fill*         0x000000002000011b        0x1 
 .data.USBD_Interface_fops_FS
                0x000000002000011c       0x10 ./USB_DEVICE/App/usbd_cdc_if.o
                0x000000002000011c                USBD_Interface_fops_FS
 .data.FS_Desc  0x000000002000012c       0x1c ./USB_DEVICE/App/usbd_desc.o
                0x000000002000012c                FS_Desc
 .data.USBD_FS_DeviceDesc
                0x0000000020000148       0x12 ./USB_DEVICE/App/usbd_desc.o
                0x0000000020000148                USBD_FS_DeviceDesc
 *fill*         0x000000002000015a        0x2 
 .data.USBD_LangIDDesc
                0x000000002000015c        0x4 ./USB_DEVICE/App/usbd_desc.o
                0x000000002000015c                USBD_LangIDDesc
 .data.USBD_StringSerial
                0x0000000020000160       0x1a ./USB_DEVICE/App/usbd_desc.o
                0x0000000020000160                USBD_StringSerial
 *(.RamFunc)
 *(.RamFunc*)
                0x000000002000017c                . = ALIGN (0x4)
 *fill*         0x000000002000017a        0x2 
                0x000000002000017c                _edata = .
                0x000000000800e1a4                _siccmram = LOADADDR (.ccmram)

.igot.plt       0x000000002000017c        0x0 load address 0x000000000800e1a4
 .igot.plt      0x000000002000017c        0x0 /home/vepbxer/st/stm32cubeide_1.10.1/plugins/com.st.stm32cube.ide.mcu.externaltools.gnu-tools-for-stm32.10.3-2021.10.linux64_1.0.0.202111181127/tools/bin/../lib/gcc/arm-none-eabi/10.3.1/thumb/v7e-m+fp/hard/crtbegin.o

.ccmram         0x0000000010000000        0x0 load address 0x000000000800e1a4
                0x0000000010000000                . = ALIGN (0x4)
                0x0000000010000000                _sccmram = .
 *(.ccmram)
 *(.ccmram*)
                0x0000000010000000                . = ALIGN (0x4)
                0x0000000010000000                _eccmram = .
                0x0000000010000000                . = ALIGN (0x4)

.bss            0x000000002000017c     0x1310
                0x000000002000017c                _sbss = .
                0x000000002000017c                __bss_start__ = _sbss
 *(.bss)
 .bss           0x000000002000017c       0x1c /home/vepbxer/st/stm32cubeide_1.10.1/plugins/com.st.stm32cube.ide.mcu.externaltools.gnu-tools-for-stm32.10.3-2021.10.linux64_1.0.0.202111181127/tools/bin/../lib/gcc/arm-none-eabi/10.3.1/thumb/v7e-m+fp/hard/crtbegin.o
 *(.bss*)
 .bss.hadc1     0x0000000020000198       0x50 ./Core/Src/adc.o
                0x0000000020000198                hadc1
 .bss.hi2c1     0x00000000200001e8       0x4c ./Core/Src/i2c.o
                0x00000000200001e8                hi2c1
 .bss.hspi1     0x0000000020000234       0x64 ./Core/Src/spi.o
                0x0000000020000234                hspi1
 .bss.htim2     0x0000000020000298       0x4c ./Core/Src/tim.o
                0x0000000020000298                htim2
 .bss.uwTick    0x00000000200002e4        0x4 ./Drivers/STM32F3xx_HAL_Driver/Src/stm32f3xx_hal.o
                0x00000000200002e4                uwTick
 .bss.cfgidx.0  0x00000000200002e8        0x1 ./Middlewares/ST/STM32_USB_Device_Library/Core/Src/usbd_ctlreq.o
 *fill*         0x00000000200002e9        0x3 
 .bss.hUsbDeviceFS
                0x00000000200002ec      0x2c4 ./USB_DEVICE/App/usb_device.o
                0x00000000200002ec                hUsbDeviceFS
 .bss.UserRxBufferFS
                0x00000000200005b0      0x3e8 ./USB_DEVICE/App/usbd_cdc_if.o
                0x00000000200005b0                UserRxBufferFS
 .bss.UserTxBufferFS
                0x0000000020000998      0x3e8 ./USB_DEVICE/App/usbd_cdc_if.o
                0x0000000020000998                UserTxBufferFS
 .bss.USBD_StrDesc
                0x0000000020000d80      0x200 ./USB_DEVICE/App/usbd_desc.o
                0x0000000020000d80                USBD_StrDesc
 .bss.hpcd_USB_FS
                0x0000000020000f80      0x2ec ./USB_DEVICE/Target/usbd_conf.o
                0x0000000020000f80                hpcd_USB_FS
 .bss.mem.0     0x000000002000126c      0x220 ./USB_DEVICE/Target/usbd_conf.o
 *(COMMON)
                0x000000002000148c                . = ALIGN (0x4)
                0x000000002000148c                _ebss = .
                0x000000002000148c                __bss_end__ = _ebss

._user_heap_stack
                0x000000002000148c      0x604
                0x0000000020001490                . = ALIGN (0x8)
 *fill*         0x000000002000148c        0x4 
                [!provide]                        PROVIDE (end = .)
                0x0000000020001490                PROVIDE (_end = .)
                0x0000000020001690                . = (. + _Min_Heap_Size)
 *fill*         0x0000000020001490      0x200 
                0x0000000020001a90                . = (. + _Min_Stack_Size)
 *fill*         0x0000000020001690      0x400 
                0x0000000020001a90                . = ALIGN (0x8)

/DISCARD/
 libc.a(*)
 libm.a(*)
 libgcc.a(*)

.ARM.attributes
                0x0000000000000000       0x30
 *(.ARM.attributes)
 .ARM.attributes
                0x0000000000000000       0x1e /home/vepbxer/st/stm32cubeide_1.10.1/plugins/com.st.stm32cube.ide.mcu.externaltools.gnu-tools-for-stm32.10.3-2021.10.linux64_1.0.0.202111181127/tools/bin/../lib/gcc/arm-none-eabi/10.3.1/thumb/v7e-m+fp/hard/crti.o
 .ARM.attributes
                0x000000000000001e       0x34 /home/vepbxer/st/stm32cubeide_1.10.1/plugins/com.st.stm32cube.ide.mcu.externaltools.gnu-tools-for-stm32.10.3-2021.10.linux64_1.0.0.202111181127/tools/bin/../lib/gcc/arm-none-eabi/10.3.1/thumb/v7e-m+fp/hard/crtbegin.o
 .ARM.attributes
                0x0000000000000052       0x34 ./Core/Src/adc.o
 .ARM.attributes
                0x0000000000000086       0x34 ./Core/Src/gpio.o
 .ARM.attributes
                0x00000000000000ba       0x34 ./Core/Src/i2c.o
 .ARM.attributes
                0x00000000000000ee       0x34 ./Core/Src/main.o
 .ARM.attributes
                0x0000000000000122       0x34 ./Core/Src/spi.o
 .ARM.attributes
                0x0000000000000156       0x34 ./Core/Src/stm32f3xx_hal_msp.o
 .ARM.attributes
                0x000000000000018a       0x34 ./Core/Src/stm32f3xx_it.o
 .ARM.attributes
                0x00000000000001be       0x34 ./Core/Src/system_stm32f3xx.o
 .ARM.attributes
                0x00000000000001f2       0x34 ./Core/Src/tim.o
 .ARM.attributes
                0x0000000000000226       0x21 ./Core/Startup/startup_stm32f303vctx.o
 .ARM.attributes
                0x0000000000000247       0x34 ./Drivers/STM32F3xx_HAL_Driver/Src/stm32f3xx_hal.o
 .ARM.attributes
                0x000000000000027b       0x34 ./Drivers/STM32F3xx_HAL_Driver/Src/stm32f3xx_hal_adc_ex.o
 .ARM.attributes
                0x00000000000002af       0x34 ./Drivers/STM32F3xx_HAL_Driver/Src/stm32f3xx_hal_cortex.o
 .ARM.attributes
                0x00000000000002e3       0x34 ./Drivers/STM32F3xx_HAL_Driver/Src/stm32f3xx_hal_gpio.o
 .ARM.attributes
                0x0000000000000317       0x34 ./Drivers/STM32F3xx_HAL_Driver/Src/stm32f3xx_hal_i2c.o
 .ARM.attributes
                0x000000000000034b       0x34 ./Drivers/STM32F3xx_HAL_Driver/Src/stm32f3xx_hal_i2c_ex.o
 .ARM.attributes
                0x000000000000037f       0x34 ./Drivers/STM32F3xx_HAL_Driver/Src/stm32f3xx_hal_pcd.o
 .ARM.attributes
                0x00000000000003b3       0x34 ./Drivers/STM32F3xx_HAL_Driver/Src/stm32f3xx_hal_pcd_ex.o
 .ARM.attributes
                0x00000000000003e7       0x34 ./Drivers/STM32F3xx_HAL_Driver/Src/stm32f3xx_hal_rcc.o
 .ARM.attributes
                0x000000000000041b       0x34 ./Drivers/STM32F3xx_HAL_Driver/Src/stm32f3xx_hal_rcc_ex.o
 .ARM.attributes
                0x000000000000044f       0x34 ./Drivers/STM32F3xx_HAL_Driver/Src/stm32f3xx_hal_spi.o
 .ARM.attributes
                0x0000000000000483       0x34 ./Drivers/STM32F3xx_HAL_Driver/Src/stm32f3xx_hal_tim.o
 .ARM.attributes
                0x00000000000004b7       0x34 ./Drivers/STM32F3xx_HAL_Driver/Src/stm32f3xx_hal_tim_ex.o
 .ARM.attributes
                0x00000000000004eb       0x34 ./Drivers/STM32F3xx_HAL_Driver/Src/stm32f3xx_ll_usb.o
 .ARM.attributes
                0x000000000000051f       0x34 ./Middlewares/ST/STM32_USB_Device_Library/Class/CDC/Src/usbd_cdc.o
 .ARM.attributes
                0x0000000000000553       0x34 ./Middlewares/ST/STM32_USB_Device_Library/Core/Src/usbd_core.o
 .ARM.attributes
                0x0000000000000587       0x34 ./Middlewares/ST/STM32_USB_Device_Library/Core/Src/usbd_ctlreq.o
 .ARM.attributes
                0x00000000000005bb       0x34 ./Middlewares/ST/STM32_USB_Device_Library/Core/Src/usbd_ioreq.o
 .ARM.attributes
                0x00000000000005ef       0x34 ./USB_DEVICE/App/usb_device.o
 .ARM.attributes
                0x0000000000000623       0x34 ./USB_DEVICE/App/usbd_cdc_if.o
 .ARM.attributes
                0x0000000000000657       0x34 ./USB_DEVICE/App/usbd_desc.o
 .ARM.attributes
                0x000000000000068b       0x34 ./USB_DEVICE/Target/usbd_conf.o
 .ARM.attributes
                0x00000000000006bf       0x34 /home/vepbxer/st/stm32cubeide_1.10.1/plugins/com.st.stm32cube.ide.mcu.externaltools.gnu-tools-for-stm32.10.3-2021.10.linux64_1.0.0.202111181127/tools/bin/../lib/gcc/arm-none-eabi/10.3.1/../../../../arm-none-eabi/lib/thumb/v7e-m+fp/hard/libc_nano.a(lib_a-init.o)
 .ARM.attributes
                0x00000000000006f3       0x34 /home/vepbxer/st/stm32cubeide_1.10.1/plugins/com.st.stm32cube.ide.mcu.externaltools.gnu-tools-for-stm32.10.3-2021.10.linux64_1.0.0.202111181127/tools/bin/../lib/gcc/arm-none-eabi/10.3.1/../../../../arm-none-eabi/lib/thumb/v7e-m+fp/hard/libc_nano.a(lib_a-memset.o)
 .ARM.attributes
                0x0000000000000727       0x1e /home/vepbxer/st/stm32cubeide_1.10.1/plugins/com.st.stm32cube.ide.mcu.externaltools.gnu-tools-for-stm32.10.3-2021.10.linux64_1.0.0.202111181127/tools/bin/../lib/gcc/arm-none-eabi/10.3.1/thumb/v7e-m+fp/hard/crtn.o
OUTPUT(APPSC.elf elf32-littlearm)
LOAD linker stubs
LOAD /home/vepbxer/st/stm32cubeide_1.10.1/plugins/com.st.stm32cube.ide.mcu.externaltools.gnu-tools-for-stm32.10.3-2021.10.linux64_1.0.0.202111181127/tools/bin/../lib/gcc/arm-none-eabi/10.3.1/../../../../arm-none-eabi/lib/thumb/v7e-m+fp/hard/libc.a
LOAD /home/vepbxer/st/stm32cubeide_1.10.1/plugins/com.st.stm32cube.ide.mcu.externaltools.gnu-tools-for-stm32.10.3-2021.10.linux64_1.0.0.202111181127/tools/bin/../lib/gcc/arm-none-eabi/10.3.1/../../../../arm-none-eabi/lib/thumb/v7e-m+fp/hard/libm.a
LOAD /home/vepbxer/st/stm32cubeide_1.10.1/plugins/com.st.stm32cube.ide.mcu.externaltools.gnu-tools-for-stm32.10.3-2021.10.linux64_1.0.0.202111181127/tools/bin/../lib/gcc/arm-none-eabi/10.3.1/thumb/v7e-m+fp/hard/libgcc.a

.debug_info     0x0000000000000000    0x1abfa
 .debug_info    0x0000000000000000      0xba4 ./Core/Src/adc.o
 .debug_info    0x0000000000000ba4      0x3a0 ./Core/Src/gpio.o
 .debug_info    0x0000000000000f44      0x935 ./Core/Src/i2c.o
 .debug_info    0x0000000000001879      0xebb ./Core/Src/main.o
 .debug_info    0x0000000000002734      0x8d7 ./Core/Src/spi.o
 .debug_info    0x000000000000300b      0x1bd ./Core/Src/stm32f3xx_hal_msp.o
 .debug_info    0x00000000000031c8      0x652 ./Core/Src/stm32f3xx_it.o
 .debug_info    0x000000000000381a      0x416 ./Core/Src/system_stm32f3xx.o
 .debug_info    0x0000000000003c30      0xb63 ./Core/Src/tim.o
 .debug_info    0x0000000000004793       0x22 ./Core/Startup/startup_stm32f303vctx.o
 .debug_info    0x00000000000047b5      0x83d ./Drivers/STM32F3xx_HAL_Driver/Src/stm32f3xx_hal.o
 .debug_info    0x0000000000004ff2     0x16d0 ./Drivers/STM32F3xx_HAL_Driver/Src/stm32f3xx_hal_adc_ex.o
 .debug_info    0x00000000000066c2      0xdbb ./Drivers/STM32F3xx_HAL_Driver/Src/stm32f3xx_hal_cortex.o
 .debug_info    0x000000000000747d      0x6c0 ./Drivers/STM32F3xx_HAL_Driver/Src/stm32f3xx_hal_gpio.o
 .debug_info    0x0000000000007b3d     0x2166 ./Drivers/STM32F3xx_HAL_Driver/Src/stm32f3xx_hal_i2c.o
 .debug_info    0x0000000000009ca3      0x8a9 ./Drivers/STM32F3xx_HAL_Driver/Src/stm32f3xx_hal_i2c_ex.o
 .debug_info    0x000000000000a54c     0x1724 ./Drivers/STM32F3xx_HAL_Driver/Src/stm32f3xx_hal_pcd.o
 .debug_info    0x000000000000bc70      0x719 ./Drivers/STM32F3xx_HAL_Driver/Src/stm32f3xx_hal_pcd_ex.o
 .debug_info    0x000000000000c389     0x15a4 ./Drivers/STM32F3xx_HAL_Driver/Src/stm32f3xx_hal_rcc.o
 .debug_info    0x000000000000d92d      0x63b ./Drivers/STM32F3xx_HAL_Driver/Src/stm32f3xx_hal_rcc_ex.o
 .debug_info    0x000000000000df68     0x17a4 ./Drivers/STM32F3xx_HAL_Driver/Src/stm32f3xx_hal_spi.o
 .debug_info    0x000000000000f70c     0x2cd9 ./Drivers/STM32F3xx_HAL_Driver/Src/stm32f3xx_hal_tim.o
 .debug_info    0x00000000000123e5     0x16af ./Drivers/STM32F3xx_HAL_Driver/Src/stm32f3xx_hal_tim_ex.o
 .debug_info    0x0000000000013a94     0x163c ./Drivers/STM32F3xx_HAL_Driver/Src/stm32f3xx_ll_usb.o
 .debug_info    0x00000000000150d0     0x10e2 ./Middlewares/ST/STM32_USB_Device_Library/Class/CDC/Src/usbd_cdc.o
 .debug_info    0x00000000000161b2      0xb02 ./Middlewares/ST/STM32_USB_Device_Library/Core/Src/usbd_core.o
 .debug_info    0x0000000000016cb4      0x9b6 ./Middlewares/ST/STM32_USB_Device_Library/Core/Src/usbd_ctlreq.o
 .debug_info    0x000000000001766a      0x715 ./Middlewares/ST/STM32_USB_Device_Library/Core/Src/usbd_ioreq.o
 .debug_info    0x0000000000017d7f      0x679 ./USB_DEVICE/App/usb_device.o
 .debug_info    0x00000000000183f8      0x828 ./USB_DEVICE/App/usbd_cdc_if.o
 .debug_info    0x0000000000018c20      0x484 ./USB_DEVICE/App/usbd_desc.o
 .debug_info    0x00000000000190a4     0x1b56 ./USB_DEVICE/Target/usbd_conf.o

.debug_abbrev   0x0000000000000000     0x417c
 .debug_abbrev  0x0000000000000000      0x1f7 ./Core/Src/adc.o
 .debug_abbrev  0x00000000000001f7      0x146 ./Core/Src/gpio.o
 .debug_abbrev  0x000000000000033d      0x202 ./Core/Src/i2c.o
 .debug_abbrev  0x000000000000053f      0x25f ./Core/Src/main.o
 .debug_abbrev  0x000000000000079e      0x1e0 ./Core/Src/spi.o
 .debug_abbrev  0x000000000000097e       0xde ./Core/Src/stm32f3xx_hal_msp.o
 .debug_abbrev  0x0000000000000a5c      0x188 ./Core/Src/stm32f3xx_it.o
 .debug_abbrev  0x0000000000000be4      0x116 ./Core/Src/system_stm32f3xx.o
 .debug_abbrev  0x0000000000000cfa      0x204 ./Core/Src/tim.o
 .debug_abbrev  0x0000000000000efe       0x12 ./Core/Startup/startup_stm32f303vctx.o
 .debug_abbrev  0x0000000000000f10      0x217 ./Drivers/STM32F3xx_HAL_Driver/Src/stm32f3xx_hal.o
 .debug_abbrev  0x0000000000001127      0x271 ./Drivers/STM32F3xx_HAL_Driver/Src/stm32f3xx_hal_adc_ex.o
 .debug_abbrev  0x0000000000001398      0x332 ./Drivers/STM32F3xx_HAL_Driver/Src/stm32f3xx_hal_cortex.o
 .debug_abbrev  0x00000000000016ca      0x1d7 ./Drivers/STM32F3xx_HAL_Driver/Src/stm32f3xx_hal_gpio.o
 .debug_abbrev  0x00000000000018a1      0x258 ./Drivers/STM32F3xx_HAL_Driver/Src/stm32f3xx_hal_i2c.o
 .debug_abbrev  0x0000000000001af9      0x1c5 ./Drivers/STM32F3xx_HAL_Driver/Src/stm32f3xx_hal_i2c_ex.o
 .debug_abbrev  0x0000000000001cbe      0x2d5 ./Drivers/STM32F3xx_HAL_Driver/Src/stm32f3xx_hal_pcd.o
 .debug_abbrev  0x0000000000001f93      0x17f ./Drivers/STM32F3xx_HAL_Driver/Src/stm32f3xx_hal_pcd_ex.o
 .debug_abbrev  0x0000000000002112      0x30c ./Drivers/STM32F3xx_HAL_Driver/Src/stm32f3xx_hal_rcc.o
 .debug_abbrev  0x000000000000241e      0x255 ./Drivers/STM32F3xx_HAL_Driver/Src/stm32f3xx_hal_rcc_ex.o
 .debug_abbrev  0x0000000000002673      0x269 ./Drivers/STM32F3xx_HAL_Driver/Src/stm32f3xx_hal_spi.o
 .debug_abbrev  0x00000000000028dc      0x25d ./Drivers/STM32F3xx_HAL_Driver/Src/stm32f3xx_hal_tim.o
 .debug_abbrev  0x0000000000002b39      0x265 ./Drivers/STM32F3xx_HAL_Driver/Src/stm32f3xx_hal_tim_ex.o
 .debug_abbrev  0x0000000000002d9e      0x22f ./Drivers/STM32F3xx_HAL_Driver/Src/stm32f3xx_ll_usb.o
 .debug_abbrev  0x0000000000002fcd      0x2c0 ./Middlewares/ST/STM32_USB_Device_Library/Class/CDC/Src/usbd_cdc.o
 .debug_abbrev  0x000000000000328d      0x236 ./Middlewares/ST/STM32_USB_Device_Library/Core/Src/usbd_core.o
 .debug_abbrev  0x00000000000034c3      0x257 ./Middlewares/ST/STM32_USB_Device_Library/Core/Src/usbd_ctlreq.o
 .debug_abbrev  0x000000000000371a      0x183 ./Middlewares/ST/STM32_USB_Device_Library/Core/Src/usbd_ioreq.o
 .debug_abbrev  0x000000000000389d      0x183 ./USB_DEVICE/App/usb_device.o
 .debug_abbrev  0x0000000000003a20      0x252 ./USB_DEVICE/App/usbd_cdc_if.o
 .debug_abbrev  0x0000000000003c72      0x1fa ./USB_DEVICE/App/usbd_desc.o
 .debug_abbrev  0x0000000000003e6c      0x310 ./USB_DEVICE/Target/usbd_conf.o

.debug_aranges  0x0000000000000000     0x1690
 .debug_aranges
                0x0000000000000000       0x30 ./Core/Src/adc.o
 .debug_aranges
                0x0000000000000030       0x20 ./Core/Src/gpio.o
 .debug_aranges
                0x0000000000000050       0x30 ./Core/Src/i2c.o
 .debug_aranges
                0x0000000000000080       0x38 ./Core/Src/main.o
 .debug_aranges
                0x00000000000000b8       0x30 ./Core/Src/spi.o
 .debug_aranges
                0x00000000000000e8       0x20 ./Core/Src/stm32f3xx_hal_msp.o
 .debug_aranges
                0x0000000000000108       0x68 ./Core/Src/stm32f3xx_it.o
 .debug_aranges
                0x0000000000000170       0x28 ./Core/Src/system_stm32f3xx.o
 .debug_aranges
                0x0000000000000198       0x38 ./Core/Src/tim.o
 .debug_aranges
                0x00000000000001d0       0x28 ./Core/Startup/startup_stm32f303vctx.o
 .debug_aranges
                0x00000000000001f8       0xe0 ./Drivers/STM32F3xx_HAL_Driver/Src/stm32f3xx_hal.o
 .debug_aranges
                0x00000000000002d8      0x168 ./Drivers/STM32F3xx_HAL_Driver/Src/stm32f3xx_hal_adc_ex.o
 .debug_aranges
                0x0000000000000440      0x118 ./Drivers/STM32F3xx_HAL_Driver/Src/stm32f3xx_hal_cortex.o
 .debug_aranges
                0x0000000000000558       0x58 ./Drivers/STM32F3xx_HAL_Driver/Src/stm32f3xx_hal_gpio.o
 .debug_aranges
                0x00000000000005b0      0x290 ./Drivers/STM32F3xx_HAL_Driver/Src/stm32f3xx_hal_i2c.o
 .debug_aranges
                0x0000000000000840       0x48 ./Drivers/STM32F3xx_HAL_Driver/Src/stm32f3xx_hal_i2c_ex.o
 .debug_aranges
                0x0000000000000888      0x138 ./Drivers/STM32F3xx_HAL_Driver/Src/stm32f3xx_hal_pcd.o
 .debug_aranges
                0x00000000000009c0       0x38 ./Drivers/STM32F3xx_HAL_Driver/Src/stm32f3xx_hal_pcd_ex.o
 .debug_aranges
                0x00000000000009f8       0x88 ./Drivers/STM32F3xx_HAL_Driver/Src/stm32f3xx_hal_rcc.o
 .debug_aranges
                0x0000000000000a80       0x38 ./Drivers/STM32F3xx_HAL_Driver/Src/stm32f3xx_hal_rcc_ex.o
 .debug_aranges
                0x0000000000000ab8      0x1d8 ./Drivers/STM32F3xx_HAL_Driver/Src/stm32f3xx_hal_spi.o
 .debug_aranges
                0x0000000000000c90      0x3e0 ./Drivers/STM32F3xx_HAL_Driver/Src/stm32f3xx_hal_tim.o
 .debug_aranges
                0x0000000000001070      0x178 ./Drivers/STM32F3xx_HAL_Driver/Src/stm32f3xx_hal_tim_ex.o
 .debug_aranges
                0x00000000000011e8       0xb0 ./Drivers/STM32F3xx_HAL_Driver/Src/stm32f3xx_ll_usb.o
 .debug_aranges
                0x0000000000001298       0x90 ./Middlewares/ST/STM32_USB_Device_Library/Class/CDC/Src/usbd_cdc.o
 .debug_aranges
                0x0000000000001328       0xb8 ./Middlewares/ST/STM32_USB_Device_Library/Core/Src/usbd_core.o
 .debug_aranges
                0x00000000000013e0       0x88 ./Middlewares/ST/STM32_USB_Device_Library/Core/Src/usbd_ctlreq.o
 .debug_aranges
                0x0000000000001468       0x50 ./Middlewares/ST/STM32_USB_Device_Library/Core/Src/usbd_ioreq.o
 .debug_aranges
                0x00000000000014b8       0x20 ./USB_DEVICE/App/usb_device.o
 .debug_aranges
                0x00000000000014d8       0x40 ./USB_DEVICE/App/usbd_cdc_if.o
 .debug_aranges
                0x0000000000001518       0x60 ./USB_DEVICE/App/usbd_desc.o
 .debug_aranges
                0x0000000000001578      0x118 ./USB_DEVICE/Target/usbd_conf.o

.debug_ranges   0x0000000000000000     0x1498
 .debug_ranges  0x0000000000000000       0x20 ./Core/Src/adc.o
 .debug_ranges  0x0000000000000020       0x10 ./Core/Src/gpio.o
 .debug_ranges  0x0000000000000030       0x20 ./Core/Src/i2c.o
 .debug_ranges  0x0000000000000050       0x28 ./Core/Src/main.o
 .debug_ranges  0x0000000000000078       0x20 ./Core/Src/spi.o
 .debug_ranges  0x0000000000000098       0x10 ./Core/Src/stm32f3xx_hal_msp.o
 .debug_ranges  0x00000000000000a8       0x58 ./Core/Src/stm32f3xx_it.o
 .debug_ranges  0x0000000000000100       0x18 ./Core/Src/system_stm32f3xx.o
 .debug_ranges  0x0000000000000118       0x28 ./Core/Src/tim.o
 .debug_ranges  0x0000000000000140       0x20 ./Core/Startup/startup_stm32f303vctx.o
 .debug_ranges  0x0000000000000160       0xd0 ./Drivers/STM32F3xx_HAL_Driver/Src/stm32f3xx_hal.o
 .debug_ranges  0x0000000000000230      0x158 ./Drivers/STM32F3xx_HAL_Driver/Src/stm32f3xx_hal_adc_ex.o
 .debug_ranges  0x0000000000000388      0x108 ./Drivers/STM32F3xx_HAL_Driver/Src/stm32f3xx_hal_cortex.o
 .debug_ranges  0x0000000000000490       0x48 ./Drivers/STM32F3xx_HAL_Driver/Src/stm32f3xx_hal_gpio.o
 .debug_ranges  0x00000000000004d8      0x280 ./Drivers/STM32F3xx_HAL_Driver/Src/stm32f3xx_hal_i2c.o
 .debug_ranges  0x0000000000000758       0x38 ./Drivers/STM32F3xx_HAL_Driver/Src/stm32f3xx_hal_i2c_ex.o
 .debug_ranges  0x0000000000000790      0x128 ./Drivers/STM32F3xx_HAL_Driver/Src/stm32f3xx_hal_pcd.o
 .debug_ranges  0x00000000000008b8       0x28 ./Drivers/STM32F3xx_HAL_Driver/Src/stm32f3xx_hal_pcd_ex.o
 .debug_ranges  0x00000000000008e0       0x78 ./Drivers/STM32F3xx_HAL_Driver/Src/stm32f3xx_hal_rcc.o
 .debug_ranges  0x0000000000000958       0x28 ./Drivers/STM32F3xx_HAL_Driver/Src/stm32f3xx_hal_rcc_ex.o
 .debug_ranges  0x0000000000000980      0x1c8 ./Drivers/STM32F3xx_HAL_Driver/Src/stm32f3xx_hal_spi.o
 .debug_ranges  0x0000000000000b48      0x3d0 ./Drivers/STM32F3xx_HAL_Driver/Src/stm32f3xx_hal_tim.o
 .debug_ranges  0x0000000000000f18      0x168 ./Drivers/STM32F3xx_HAL_Driver/Src/stm32f3xx_hal_tim_ex.o
 .debug_ranges  0x0000000000001080       0xa0 ./Drivers/STM32F3xx_HAL_Driver/Src/stm32f3xx_ll_usb.o
 .debug_ranges  0x0000000000001120       0x80 ./Middlewares/ST/STM32_USB_Device_Library/Class/CDC/Src/usbd_cdc.o
 .debug_ranges  0x00000000000011a0       0xa8 ./Middlewares/ST/STM32_USB_Device_Library/Core/Src/usbd_core.o
 .debug_ranges  0x0000000000001248       0x78 ./Middlewares/ST/STM32_USB_Device_Library/Core/Src/usbd_ctlreq.o
 .debug_ranges  0x00000000000012c0       0x40 ./Middlewares/ST/STM32_USB_Device_Library/Core/Src/usbd_ioreq.o
 .debug_ranges  0x0000000000001300       0x10 ./USB_DEVICE/App/usb_device.o
 .debug_ranges  0x0000000000001310       0x30 ./USB_DEVICE/App/usbd_cdc_if.o
 .debug_ranges  0x0000000000001340       0x50 ./USB_DEVICE/App/usbd_desc.o
 .debug_ranges  0x0000000000001390      0x108 ./USB_DEVICE/Target/usbd_conf.o

.debug_macro    0x0000000000000000    0x22d10
 .debug_macro   0x0000000000000000      0x22e ./Core/Src/adc.o
 .debug_macro   0x000000000000022e      0xa78 ./Core/Src/adc.o
 .debug_macro   0x0000000000000ca6      0x16a ./Core/Src/adc.o
 .debug_macro   0x0000000000000e10       0x2e ./Core/Src/adc.o
 .debug_macro   0x0000000000000e3e       0x28 ./Core/Src/adc.o
 .debug_macro   0x0000000000000e66       0x22 ./Core/Src/adc.o
 .debug_macro   0x0000000000000e88       0x8e ./Core/Src/adc.o
 .debug_macro   0x0000000000000f16       0x51 ./Core/Src/adc.o
 .debug_macro   0x0000000000000f67      0x103 ./Core/Src/adc.o
 .debug_macro   0x000000000000106a       0x6a ./Core/Src/adc.o
 .debug_macro   0x00000000000010d4      0x1df ./Core/Src/adc.o
 .debug_macro   0x00000000000012b3       0x1c ./Core/Src/adc.o
 .debug_macro   0x00000000000012cf       0x22 ./Core/Src/adc.o
 .debug_macro   0x00000000000012f1       0xd9 ./Core/Src/adc.o
 .debug_macro   0x00000000000013ca     0x102d ./Core/Src/adc.o
 .debug_macro   0x00000000000023f7      0x11f ./Core/Src/adc.o
 .debug_macro   0x0000000000002516    0x12a3a ./Core/Src/adc.o
 .debug_macro   0x0000000000014f50       0x6d ./Core/Src/adc.o
 .debug_macro   0x0000000000014fbd     0x3540 ./Core/Src/adc.o
 .debug_macro   0x00000000000184fd      0x174 ./Core/Src/adc.o
 .debug_macro   0x0000000000018671       0x55 ./Core/Src/adc.o
 .debug_macro   0x00000000000186c6      0x962 ./Core/Src/adc.o
 .debug_macro   0x0000000000019028      0x5fe ./Core/Src/adc.o
 .debug_macro   0x0000000000019626      0x1b6 ./Core/Src/adc.o
 .debug_macro   0x00000000000197dc      0x1fb ./Core/Src/adc.o
 .debug_macro   0x00000000000199d7      0x1dc ./Core/Src/adc.o
 .debug_macro   0x0000000000019bb3      0x1bc ./Core/Src/adc.o
 .debug_macro   0x0000000000019d6f       0x30 ./Core/Src/adc.o
 .debug_macro   0x0000000000019d9f       0x3c ./Core/Src/adc.o
 .debug_macro   0x0000000000019ddb      0x236 ./Core/Src/adc.o
 .debug_macro   0x000000000001a011      0x9b1 ./Core/Src/adc.o
 .debug_macro   0x000000000001a9c2       0x77 ./Core/Src/adc.o
 .debug_macro   0x000000000001aa39       0xc5 ./Core/Src/adc.o
 .debug_macro   0x000000000001aafe      0x21d ./Core/Src/adc.o
 .debug_macro   0x000000000001ad1b      0x22c ./Core/Src/adc.o
 .debug_macro   0x000000000001af47       0x5b ./Core/Src/adc.o
 .debug_macro   0x000000000001afa2       0xa5 ./Core/Src/adc.o
 .debug_macro   0x000000000001b047       0x65 ./Core/Src/adc.o
 .debug_macro   0x000000000001b0ac      0x249 ./Core/Src/adc.o
 .debug_macro   0x000000000001b2f5       0x81 ./Core/Src/adc.o
 .debug_macro   0x000000000001b376       0xd3 ./Core/Src/adc.o
 .debug_macro   0x000000000001b449      0x2fe ./Core/Src/adc.o
 .debug_macro   0x000000000001b747      0xa3d ./Core/Src/adc.o
 .debug_macro   0x000000000001c184       0x89 ./Core/Src/adc.o
 .debug_macro   0x000000000001c20d      0x275 ./Core/Src/adc.o
 .debug_macro   0x000000000001c482      0x160 ./Core/Src/adc.o
 .debug_macro   0x000000000001c5e2      0x22e ./Core/Src/gpio.o
 .debug_macro   0x000000000001c810      0x22e ./Core/Src/i2c.o
 .debug_macro   0x000000000001ca3e      0x445 ./Core/Src/main.o
 .debug_macro   0x000000000001ce83       0x52 ./Core/Src/main.o
 .debug_macro   0x000000000001ced5       0x1e ./Core/Src/main.o
 .debug_macro   0x000000000001cef3       0x3c ./Core/Src/main.o
 .debug_macro   0x000000000001cf2f       0x34 ./Core/Src/main.o
 .debug_macro   0x000000000001cf63       0x16 ./Core/Src/main.o
 .debug_macro   0x000000000001cf79       0x35 ./Core/Src/main.o
 .debug_macro   0x000000000001cfae      0x341 ./Core/Src/main.o
 .debug_macro   0x000000000001d2ef       0x10 ./Core/Src/main.o
 .debug_macro   0x000000000001d2ff       0x16 ./Core/Src/main.o
 .debug_macro   0x000000000001d315       0x43 ./Core/Src/main.o
 .debug_macro   0x000000000001d358       0x34 ./Core/Src/main.o
 .debug_macro   0x000000000001d38c       0x10 ./Core/Src/main.o
 .debug_macro   0x000000000001d39c       0x58 ./Core/Src/main.o
 .debug_macro   0x000000000001d3f4       0x71 ./Core/Src/main.o
 .debug_macro   0x000000000001d465       0x1c ./Core/Src/main.o
 .debug_macro   0x000000000001d481      0x12a ./Core/Src/main.o
 .debug_macro   0x000000000001d5ab       0x10 ./Core/Src/main.o
 .debug_macro   0x000000000001d5bb       0x1c ./Core/Src/main.o
 .debug_macro   0x000000000001d5d7       0x52 ./Core/Src/main.o
 .debug_macro   0x000000000001d629       0x22 ./Core/Src/main.o
 .debug_macro   0x000000000001d64b       0x10 ./Core/Src/main.o
 .debug_macro   0x000000000001d65b       0x52 ./Core/Src/main.o
 .debug_macro   0x000000000001d6ad       0xd5 ./Core/Src/main.o
 .debug_macro   0x000000000001d782       0x1c ./Core/Src/main.o
 .debug_macro   0x000000000001d79e       0x3d ./Core/Src/main.o
 .debug_macro   0x000000000001d7db       0x16 ./Core/Src/main.o
 .debug_macro   0x000000000001d7f1      0x145 ./Core/Src/main.o
 .debug_macro   0x000000000001d936       0x16 ./Core/Src/main.o
 .debug_macro   0x000000000001d94c       0x16 ./Core/Src/main.o
 .debug_macro   0x000000000001d962       0x29 ./Core/Src/main.o
 .debug_macro   0x000000000001d98b       0x16 ./Core/Src/main.o
 .debug_macro   0x000000000001d9a1       0x20 ./Core/Src/main.o
 .debug_macro   0x000000000001d9c1       0x59 ./Core/Src/main.o
 .debug_macro   0x000000000001da1a      0x1c8 ./Core/Src/main.o
 .debug_macro   0x000000000001dbe2      0x22e ./Core/Src/spi.o
 .debug_macro   0x000000000001de10      0x224 ./Core/Src/stm32f3xx_hal_msp.o
 .debug_macro   0x000000000001e034      0x22e ./Core/Src/stm32f3xx_it.o
 .debug_macro   0x000000000001e262      0x215 ./Core/Src/system_stm32f3xx.o
 .debug_macro   0x000000000001e477      0x22e ./Core/Src/tim.o
 .debug_macro   0x000000000001e6a5      0x239 ./Drivers/STM32F3xx_HAL_Driver/Src/stm32f3xx_hal.o
 .debug_macro   0x000000000001e8de      0x23f ./Drivers/STM32F3xx_HAL_Driver/Src/stm32f3xx_hal_adc_ex.o
 .debug_macro   0x000000000001eb1d      0x215 ./Drivers/STM32F3xx_HAL_Driver/Src/stm32f3xx_hal_cortex.o
 .debug_macro   0x000000000001ed32      0x21c ./Drivers/STM32F3xx_HAL_Driver/Src/stm32f3xx_hal_gpio.o
 .debug_macro   0x000000000001ef4e      0x2da ./Drivers/STM32F3xx_HAL_Driver/Src/stm32f3xx_hal_i2c.o
 .debug_macro   0x000000000001f228      0x215 ./Drivers/STM32F3xx_HAL_Driver/Src/stm32f3xx_hal_i2c_ex.o
 .debug_macro   0x000000000001f43d      0x221 ./Drivers/STM32F3xx_HAL_Driver/Src/stm32f3xx_hal_pcd.o
 .debug_macro   0x000000000001f65e      0x215 ./Drivers/STM32F3xx_HAL_Driver/Src/stm32f3xx_hal_pcd_ex.o
 .debug_macro   0x000000000001f873      0x239 ./Drivers/STM32F3xx_HAL_Driver/Src/stm32f3xx_hal_rcc.o
 .debug_macro   0x000000000001faac      0x215 ./Drivers/STM32F3xx_HAL_Driver/Src/stm32f3xx_hal_rcc_ex.o
 .debug_macro   0x000000000001fcc1      0x21d ./Drivers/STM32F3xx_HAL_Driver/Src/stm32f3xx_hal_spi.o
 .debug_macro   0x000000000001fede      0x216 ./Drivers/STM32F3xx_HAL_Driver/Src/stm32f3xx_hal_tim.o
 .debug_macro   0x00000000000200f4      0x215 ./Drivers/STM32F3xx_HAL_Driver/Src/stm32f3xx_hal_tim_ex.o
 .debug_macro   0x0000000000020309      0x215 ./Drivers/STM32F3xx_HAL_Driver/Src/stm32f3xx_ll_usb.o
 .debug_macro   0x000000000002051e      0x43a ./Middlewares/ST/STM32_USB_Device_Library/Class/CDC/Src/usbd_cdc.o
 .debug_macro   0x0000000000020958       0x97 ./Middlewares/ST/STM32_USB_Device_Library/Class/CDC/Src/usbd_cdc.o
 .debug_macro   0x00000000000209ef       0xfd ./Middlewares/ST/STM32_USB_Device_Library/Class/CDC/Src/usbd_cdc.o
 .debug_macro   0x0000000000020aec       0x4f ./Middlewares/ST/STM32_USB_Device_Library/Class/CDC/Src/usbd_cdc.o
 .debug_macro   0x0000000000020b3b       0x8f ./Middlewares/ST/STM32_USB_Device_Library/Class/CDC/Src/usbd_cdc.o
 .debug_macro   0x0000000000020bca      0x421 ./Middlewares/ST/STM32_USB_Device_Library/Core/Src/usbd_core.o
 .debug_macro   0x0000000000020feb      0x1ce ./Middlewares/ST/STM32_USB_Device_Library/Core/Src/usbd_core.o
 .debug_macro   0x00000000000211b9      0x42b ./Middlewares/ST/STM32_USB_Device_Library/Core/Src/usbd_ctlreq.o
 .debug_macro   0x00000000000215e4      0x427 ./Middlewares/ST/STM32_USB_Device_Library/Core/Src/usbd_ioreq.o
 .debug_macro   0x0000000000021a0b      0x45a ./USB_DEVICE/App/usb_device.o
 .debug_macro   0x0000000000021e65      0x166 ./USB_DEVICE/App/usb_device.o
 .debug_macro   0x0000000000021fcb       0x22 ./USB_DEVICE/App/usb_device.o
 .debug_macro   0x0000000000021fed       0x16 ./USB_DEVICE/App/usb_device.o
 .debug_macro   0x0000000000022003      0x445 ./USB_DEVICE/App/usbd_cdc_if.o
 .debug_macro   0x0000000000022448       0x10 ./USB_DEVICE/App/usbd_cdc_if.o
 .debug_macro   0x0000000000022458      0x45e ./USB_DEVICE/App/usbd_desc.o
 .debug_macro   0x00000000000228b6       0x1c ./USB_DEVICE/App/usbd_desc.o
 .debug_macro   0x00000000000228d2      0x43e ./USB_DEVICE/Target/usbd_conf.o

.debug_line     0x0000000000000000    0x23a97
 .debug_line    0x0000000000000000      0x828 ./Core/Src/adc.o
 .debug_line    0x0000000000000828      0x781 ./Core/Src/gpio.o
 .debug_line    0x0000000000000fa9      0x7d9 ./Core/Src/i2c.o
 .debug_line    0x0000000000001782      0xb10 ./Core/Src/main.o
 .debug_line    0x0000000000002292      0x7d5 ./Core/Src/spi.o
 .debug_line    0x0000000000002a67      0x75d ./Core/Src/stm32f3xx_hal_msp.o
 .debug_line    0x00000000000031c4      0x837 ./Core/Src/stm32f3xx_it.o
 .debug_line    0x00000000000039fb      0x7d3 ./Core/Src/system_stm32f3xx.o
 .debug_line    0x00000000000041ce      0x818 ./Core/Src/tim.o
 .debug_line    0x00000000000049e6       0x88 ./Core/Startup/startup_stm32f303vctx.o
 .debug_line    0x0000000000004a6e      0xa1c ./Drivers/STM32F3xx_HAL_Driver/Src/stm32f3xx_hal.o
 .debug_line    0x000000000000548a     0x31a7 ./Drivers/STM32F3xx_HAL_Driver/Src/stm32f3xx_hal_adc_ex.o
 .debug_line    0x0000000000008631      0xe6e ./Drivers/STM32F3xx_HAL_Driver/Src/stm32f3xx_hal_cortex.o
 .debug_line    0x000000000000949f      0xcc1 ./Drivers/STM32F3xx_HAL_Driver/Src/stm32f3xx_hal_gpio.o
 .debug_line    0x000000000000a160     0x3597 ./Drivers/STM32F3xx_HAL_Driver/Src/stm32f3xx_hal_i2c.o
 .debug_line    0x000000000000d6f7      0xa21 ./Drivers/STM32F3xx_HAL_Driver/Src/stm32f3xx_hal_i2c_ex.o
 .debug_line    0x000000000000e118     0x1343 ./Drivers/STM32F3xx_HAL_Driver/Src/stm32f3xx_hal_pcd.o
 .debug_line    0x000000000000f45b      0x7d6 ./Drivers/STM32F3xx_HAL_Driver/Src/stm32f3xx_hal_pcd_ex.o
 .debug_line    0x000000000000fc31     0x15af ./Drivers/STM32F3xx_HAL_Driver/Src/stm32f3xx_hal_rcc.o
 .debug_line    0x00000000000111e0      0xee0 ./Drivers/STM32F3xx_HAL_Driver/Src/stm32f3xx_hal_rcc_ex.o
 .debug_line    0x00000000000120c0     0x218f ./Drivers/STM32F3xx_HAL_Driver/Src/stm32f3xx_hal_spi.o
 .debug_line    0x000000000001424f     0x5dc6 ./Drivers/STM32F3xx_HAL_Driver/Src/stm32f3xx_hal_tim.o
 .debug_line    0x000000000001a015     0x22f3 ./Drivers/STM32F3xx_HAL_Driver/Src/stm32f3xx_hal_tim_ex.o
 .debug_line    0x000000000001c308      0xfbc ./Drivers/STM32F3xx_HAL_Driver/Src/stm32f3xx_ll_usb.o
 .debug_line    0x000000000001d2c4      0xde7 ./Middlewares/ST/STM32_USB_Device_Library/Class/CDC/Src/usbd_cdc.o
 .debug_line    0x000000000001e0ab      0xe67 ./Middlewares/ST/STM32_USB_Device_Library/Core/Src/usbd_core.o
 .debug_line    0x000000000001ef12     0x1089 ./Middlewares/ST/STM32_USB_Device_Library/Core/Src/usbd_ctlreq.o
 .debug_line    0x000000000001ff9b      0xafd ./Middlewares/ST/STM32_USB_Device_Library/Core/Src/usbd_ioreq.o
 .debug_line    0x0000000000020a98      0xabd ./USB_DEVICE/App/usb_device.o
 .debug_line    0x0000000000021555      0xb05 ./USB_DEVICE/App/usbd_cdc_if.o
 .debug_line    0x000000000002205a      0xb86 ./USB_DEVICE/App/usbd_desc.o
 .debug_line    0x0000000000022be0      0xeb7 ./USB_DEVICE/Target/usbd_conf.o

.debug_str      0x0000000000000000    0xc3338
 .debug_str     0x0000000000000000    0xb8472 ./Core/Src/adc.o
                                      0xb8bfd (size before relaxing)
 .debug_str     0x00000000000b8472       0x68 ./Core/Src/gpio.o
                                      0xb856a (size before relaxing)
 .debug_str     0x00000000000b84da      0x2ac ./Core/Src/i2c.o
                                      0xb8a7b (size before relaxing)
 .debug_str     0x00000000000b8786     0x4e3e ./Core/Src/main.o
                                      0xbd82e (size before relaxing)
 .debug_str     0x00000000000bd5c4      0x207 ./Core/Src/spi.o
                                      0xb899c (size before relaxing)
 .debug_str     0x00000000000bd7cb       0x49 ./Core/Src/stm32f3xx_hal_msp.o
                                      0xb84bc (size before relaxing)
 .debug_str     0x00000000000bd814      0x373 ./Core/Src/stm32f3xx_it.o
                                      0xb888c (size before relaxing)
 .debug_str     0x00000000000bdb87       0xdf ./Core/Src/system_stm32f3xx.o
                                      0xb8044 (size before relaxing)
 .debug_str     0x00000000000bdc66      0x1f0 ./Core/Src/tim.o
                                      0xb8c74 (size before relaxing)
 .debug_str     0x00000000000bde56       0x36 ./Core/Startup/startup_stm32f303vctx.o
                                         0x6b (size before relaxing)
 .debug_str     0x00000000000bde8c      0x6b3 ./Drivers/STM32F3xx_HAL_Driver/Src/stm32f3xx_hal.o
                                      0xb88a2 (size before relaxing)
 .debug_str     0x00000000000be53f      0x6d1 ./Drivers/STM32F3xx_HAL_Driver/Src/stm32f3xx_hal_adc_ex.o
                                      0xb8d48 (size before relaxing)
 .debug_str     0x00000000000bec10      0x347 ./Drivers/STM32F3xx_HAL_Driver/Src/stm32f3xx_hal_cortex.o
                                      0xb88f6 (size before relaxing)
 .debug_str     0x00000000000bef57      0x130 ./Drivers/STM32F3xx_HAL_Driver/Src/stm32f3xx_hal_gpio.o
                                      0xb81d1 (size before relaxing)
 .debug_str     0x00000000000bf087      0xdcb ./Drivers/STM32F3xx_HAL_Driver/Src/stm32f3xx_hal_i2c.o
                                      0xb92bb (size before relaxing)
 .debug_str     0x00000000000bfe52       0xb8 ./Drivers/STM32F3xx_HAL_Driver/Src/stm32f3xx_hal_i2c_ex.o
                                      0xb855d (size before relaxing)
 .debug_str     0x00000000000bff0a      0x4f9 ./Drivers/STM32F3xx_HAL_Driver/Src/stm32f3xx_hal_pcd.o
                                      0xb8854 (size before relaxing)
 .debug_str     0x00000000000c0403      0x170 ./Drivers/STM32F3xx_HAL_Driver/Src/stm32f3xx_hal_pcd_ex.o
                                      0xb843f (size before relaxing)
 .debug_str     0x00000000000c0573      0x2c6 ./Drivers/STM32F3xx_HAL_Driver/Src/stm32f3xx_hal_rcc.o
                                      0xb84f2 (size before relaxing)
 .debug_str     0x00000000000c0839       0xbe ./Drivers/STM32F3xx_HAL_Driver/Src/stm32f3xx_hal_rcc_ex.o
                                      0xb82b6 (size before relaxing)
 .debug_str     0x00000000000c08f7      0x572 ./Drivers/STM32F3xx_HAL_Driver/Src/stm32f3xx_hal_spi.o
                                      0xb8978 (size before relaxing)
 .debug_str     0x00000000000c0e69      0xd91 ./Drivers/STM32F3xx_HAL_Driver/Src/stm32f3xx_hal_tim.o
                                      0xb948b (size before relaxing)
 .debug_str     0x00000000000c1bfa      0x4dc ./Drivers/STM32F3xx_HAL_Driver/Src/stm32f3xx_hal_tim_ex.o
                                      0xb8ce1 (size before relaxing)
 .debug_str     0x00000000000c20d6       0xd2 ./Drivers/STM32F3xx_HAL_Driver/Src/stm32f3xx_ll_usb.o
                                      0xb83aa (size before relaxing)
 .debug_str     0x00000000000c21a8      0x957 ./Middlewares/ST/STM32_USB_Device_Library/Class/CDC/Src/usbd_cdc.o
                                      0xbda00 (size before relaxing)
 .debug_str     0x00000000000c2aff      0x288 ./Middlewares/ST/STM32_USB_Device_Library/Core/Src/usbd_core.o
                                      0xbd33b (size before relaxing)
 .debug_str     0x00000000000c2d87      0x120 ./Middlewares/ST/STM32_USB_Device_Library/Core/Src/usbd_ctlreq.o