Archive member included to satisfy reference by file (symbol)

c:/st/stm32cubeide_1.11.0/stm32cubeide/plugins/com.st.stm32cube.ide.mcu.externaltools.gnu-tools-for-stm32.10.3-2021.10.win32_1.0.100.202210260954/tools/bin/../lib/gcc/arm-none-eabi/10.3.1/../../../../arm-none-eabi/lib/thumb/v7e-m+fp/hard\libc_nano.a(lib_a-ctype_.o)
                              ./Core/Src/lcd5110.o (_ctype_)
c:/st/stm32cubeide_1.11.0/stm32cubeide/plugins/com.st.stm32cube.ide.mcu.externaltools.gnu-tools-for-stm32.10.3-2021.10.win32_1.0.100.202210260954/tools/bin/../lib/gcc/arm-none-eabi/10.3.1/../../../../arm-none-eabi/lib/thumb/v7e-m+fp/hard\libc_nano.a(lib_a-errno.o)
                              ./Core/Src/syscalls.o (__errno)
c:/st/stm32cubeide_1.11.0/stm32cubeide/plugins/com.st.stm32cube.ide.mcu.externaltools.gnu-tools-for-stm32.10.3-2021.10.win32_1.0.100.202210260954/tools/bin/../lib/gcc/arm-none-eabi/10.3.1/../../../../arm-none-eabi/lib/thumb/v7e-m+fp/hard\libc_nano.a(lib_a-exit.o)
                              c:/st/stm32cubeide_1.11.0/stm32cubeide/plugins/com.st.stm32cube.ide.mcu.externaltools.gnu-tools-for-stm32.10.3-2021.10.win32_1.0.100.202210260954/tools/bin/../lib/gcc/arm-none-eabi/10.3.1/../../../../arm-none-eabi/lib/thumb/v7e-m+fp/hard/crt0.o (exit)
c:/st/stm32cubeide_1.11.0/stm32cubeide/plugins/com.st.stm32cube.ide.mcu.externaltools.gnu-tools-for-stm32.10.3-2021.10.win32_1.0.100.202210260954/tools/bin/../lib/gcc/arm-none-eabi/10.3.1/../../../../arm-none-eabi/lib/thumb/v7e-m+fp/hard\libc_nano.a(lib_a-impure.o)
                              c:/st/stm32cubeide_1.11.0/stm32cubeide/plugins/com.st.stm32cube.ide.mcu.externaltools.gnu-tools-for-stm32.10.3-2021.10.win32_1.0.100.202210260954/tools/bin/../lib/gcc/arm-none-eabi/10.3.1/../../../../arm-none-eabi/lib/thumb/v7e-m+fp/hard\libc_nano.a(lib_a-exit.o) (_global_impure_ptr)
c:/st/stm32cubeide_1.11.0/stm32cubeide/plugins/com.st.stm32cube.ide.mcu.externaltools.gnu-tools-for-stm32.10.3-2021.10.win32_1.0.100.202210260954/tools/bin/../lib/gcc/arm-none-eabi/10.3.1/../../../../arm-none-eabi/lib/thumb/v7e-m+fp/hard\libc_nano.a(lib_a-init.o)
                              c:/st/stm32cubeide_1.11.0/stm32cubeide/plugins/com.st.stm32cube.ide.mcu.externaltools.gnu-tools-for-stm32.10.3-2021.10.win32_1.0.100.202210260954/tools/bin/../lib/gcc/arm-none-eabi/10.3.1/../../../../arm-none-eabi/lib/thumb/v7e-m+fp/hard/crt0.o (__libc_init_array)
c:/st/stm32cubeide_1.11.0/stm32cubeide/plugins/com.st.stm32cube.ide.mcu.externaltools.gnu-tools-for-stm32.10.3-2021.10.win32_1.0.100.202210260954/tools/bin/../lib/gcc/arm-none-eabi/10.3.1/../../../../arm-none-eabi/lib/thumb/v7e-m+fp/hard\libc_nano.a(lib_a-itoa.o)
                              ./Core/Src/lcd5110.o (itoa)
c:/st/stm32cubeide_1.11.0/stm32cubeide/plugins/com.st.stm32cube.ide.mcu.externaltools.gnu-tools-for-stm32.10.3-2021.10.win32_1.0.100.202210260954/tools/bin/../lib/gcc/arm-none-eabi/10.3.1/../../../../arm-none-eabi/lib/thumb/v7e-m+fp/hard\libc_nano.a(lib_a-memset.o)
                              c:/st/stm32cubeide_1.11.0/stm32cubeide/plugins/com.st.stm32cube.ide.mcu.externaltools.gnu-tools-for-stm32.10.3-2021.10.win32_1.0.100.202210260954/tools/bin/../lib/gcc/arm-none-eabi/10.3.1/../../../../arm-none-eabi/lib/thumb/v7e-m+fp/hard/crt0.o (memset)
c:/st/stm32cubeide_1.11.0/stm32cubeide/plugins/com.st.stm32cube.ide.mcu.externaltools.gnu-tools-for-stm32.10.3-2021.10.win32_1.0.100.202210260954/tools/bin/../lib/gcc/arm-none-eabi/10.3.1/../../../../arm-none-eabi/lib/thumb/v7e-m+fp/hard\libc_nano.a(lib_a-utoa.o)
                              c:/st/stm32cubeide_1.11.0/stm32cubeide/plugins/com.st.stm32cube.ide.mcu.externaltools.gnu-tools-for-stm32.10.3-2021.10.win32_1.0.100.202210260954/tools/bin/../lib/gcc/arm-none-eabi/10.3.1/../../../../arm-none-eabi/lib/thumb/v7e-m+fp/hard\libc_nano.a(lib_a-itoa.o) (__utoa)
c:/st/stm32cubeide_1.11.0/stm32cubeide/plugins/com.st.stm32cube.ide.mcu.externaltools.gnu-tools-for-stm32.10.3-2021.10.win32_1.0.100.202210260954/tools/bin/../lib/gcc/arm-none-eabi/10.3.1/../../../../arm-none-eabi/lib/thumb/v7e-m+fp/hard\libc_nano.a(lib_a-vsnprintf.o)
                              ./Core/Src/lcd5110.o (vsnprintf)
c:/st/stm32cubeide_1.11.0/stm32cubeide/plugins/com.st.stm32cube.ide.mcu.externaltools.gnu-tools-for-stm32.10.3-2021.10.win32_1.0.100.202210260954/tools/bin/../lib/gcc/arm-none-eabi/10.3.1/../../../../arm-none-eabi/lib/thumb/v7e-m+fp/hard\libc_nano.a(lib_a-nano-svfprintf.o)
                              c:/st/stm32cubeide_1.11.0/stm32cubeide/plugins/com.st.stm32cube.ide.mcu.externaltools.gnu-tools-for-stm32.10.3-2021.10.win32_1.0.100.202210260954/tools/bin/../lib/gcc/arm-none-eabi/10.3.1/../../../../arm-none-eabi/lib/thumb/v7e-m+fp/hard\libc_nano.a(lib_a-vsnprintf.o) (_svfprintf_r)
[...]
Memory Configuration

Name             Origin             Length             Attributes
CCMRAM           0x0000000010000000 0x0000000000002000 xrw
RAM              0x0000000020000000 0x000000000000a000 xrw
FLASH            0x0000000008000000 0x0000000000040000 xr
*default*        0x0000000000000000 0xffffffffffffffff

Linker script and memory map

LOAD c:/st/stm32cubeide_1.11.0/stm32cubeide/plugins/com.st.stm32cube.ide.mcu.externaltools.gnu-tools-for-stm32.10.3-2021.10.win32_1.0.100.202210260954/tools/bin/../lib/gcc/arm-none-eabi/10.3.1/thumb/v7e-m+fp/hard/crti.o
LOAD c:/st/stm32cubeide_1.11.0/stm32cubeide/plugins/com.st.stm32cube.ide.mcu.externaltools.gnu-tools-for-stm32.10.3-2021.10.win32_1.0.100.202210260954/tools/bin/../lib/gcc/arm-none-eabi/10.3.1/thumb/v7e-m+fp/hard/crtbegin.o
LOAD c:/st/stm32cubeide_1.11.0/stm32cubeide/plugins/com.st.stm32cube.ide.mcu.externaltools.gnu-tools-for-stm32.10.3-2021.10.win32_1.0.100.202210260954/tools/bin/../lib/gcc/arm-none-eabi/10.3.1/../../../../arm-none-eabi/lib/thumb/v7e-m+fp/hard/crt0.o
LOAD ./Core/Src/gpio.o
LOAD ./Core/Src/i2c.o
LOAD ./Core/Src/i2c_config.o
LOAD ./Core/Src/i2c_lcd.o
LOAD ./Core/Src/lcd5110.o
LOAD ./Core/Src/lcd5110_hal.o
LOAD ./Core/Src/lcd5110_ll.o
LOAD ./Core/Src/main.o
LOAD ./Core/Src/spi.o
LOAD ./Core/Src/stm32f3xx_hal_msp.o
LOAD ./Core/Src/stm32f3xx_it.o
LOAD ./Core/Src/syscalls.o
LOAD ./Core/Src/sysmem.o
LOAD ./Core/Src/system_stm32f3xx.o
LOAD ./Core/Src/tim.o
LOAD ./Core/Src/usb.o
LOAD ./Core/Startup/startup_stm32f303vctx.o
LOAD ./Drivers/STM32F3xx_HAL_Driver/Src/stm32f3xx_hal.o
LOAD ./Drivers/STM32F3xx_HAL_Driver/Src/stm32f3xx_hal_cortex.o
LOAD ./Drivers/STM32F3xx_HAL_Driver/Src/stm32f3xx_hal_dma.o
LOAD ./Drivers/STM32F3xx_HAL_Driver/Src/stm32f3xx_hal_exti.o
LOAD ./Drivers/STM32F3xx_HAL_Driver/Src/stm32f3xx_hal_flash.o
LOAD ./Drivers/STM32F3xx_HAL_Driver/Src/stm32f3xx_hal_flash_ex.o
LOAD ./Drivers/STM32F3xx_HAL_Driver/Src/stm32f3xx_hal_gpio.o
LOAD ./Drivers/STM32F3xx_HAL_Driver/Src/stm32f3xx_hal_i2c.o
LOAD ./Drivers/STM32F3xx_HAL_Driver/Src/stm32f3xx_hal_i2c_ex.o
LOAD ./Drivers/STM32F3xx_HAL_Driver/Src/stm32f3xx_hal_pcd.o
LOAD ./Drivers/STM32F3xx_HAL_Driver/Src/stm32f3xx_hal_pcd_ex.o
LOAD ./Drivers/STM32F3xx_HAL_Driver/Src/stm32f3xx_hal_pwr.o
LOAD ./Drivers/STM32F3xx_HAL_Driver/Src/stm32f3xx_hal_pwr_ex.o
LOAD ./Drivers/STM32F3xx_HAL_Driver/Src/stm32f3xx_hal_rcc.o
LOAD ./Drivers/STM32F3xx_HAL_Driver/Src/stm32f3xx_hal_rcc_ex.o
LOAD ./Drivers/STM32F3xx_HAL_Driver/Src/stm32f3xx_hal_spi.o
LOAD ./Drivers/STM32F3xx_HAL_Driver/Src/stm32f3xx_hal_spi_ex.o
LOAD ./Drivers/STM32F3xx_HAL_Driver/Src/stm32f3xx_hal_tim.o
LOAD ./Drivers/STM32F3xx_HAL_Driver/Src/stm32f3xx_hal_tim_ex.o
LOAD ./Drivers/STM32F3xx_HAL_Driver/Src/stm32f3xx_ll_usb.o
START GROUP
LOAD c:/st/stm32cubeide_1.11.0/stm32cubeide/plugins/com.st.stm32cube.ide.mcu.externaltools.gnu-tools-for-stm32.10.3-2021.10.win32_1.0.100.202210260954/tools/bin/../lib/gcc/arm-none-eabi/10.3.1/../../../../arm-none-eabi/lib/thumb/v7e-m+fp/hard\libc_nano.a
LOAD c:/st/stm32cubeide_1.11.0/stm32cubeide/plugins/com.st.stm32cube.ide.mcu.externaltools.gnu-tools-for-stm32.10.3-2021.10.win32_1.0.100.202210260954/tools/bin/../lib/gcc/arm-none-eabi/10.3.1/../../../../arm-none-eabi/lib/thumb/v7e-m+fp/hard\libm.a
END GROUP
START GROUP
LOAD c:/st/stm32cubeide_1.11.0/stm32cubeide/plugins/com.st.stm32cube.ide.mcu.externaltools.gnu-tools-for-stm32.10.3-2021.10.win32_1.0.100.202210260954/tools/bin/../lib/gcc/arm-none-eabi/10.3.1/thumb/v7e-m+fp/hard\libgcc.a
LOAD c:/st/stm32cubeide_1.11.0/stm32cubeide/plugins/com.st.stm32cube.ide.mcu.externaltools.gnu-tools-for-stm32.10.3-2021.10.win32_1.0.100.202210260954/tools/bin/../lib/gcc/arm-none-eabi/10.3.1/../../../../arm-none-eabi/lib/thumb/v7e-m+fp/hard\libc_nano.a
END GROUP
START GROUP
LOAD c:/st/stm32cubeide_1.11.0/stm32cubeide/plugins/com.st.stm32cube.ide.mcu.externaltools.gnu-tools-for-stm32.10.3-2021.10.win32_1.0.100.202210260954/tools/bin/../lib/gcc/arm-none-eabi/10.3.1/thumb/v7e-m+fp/hard\libgcc.a
LOAD c:/st/stm32cubeide_1.11.0/stm32cubeide/plugins/com.st.stm32cube.ide.mcu.externaltools.gnu-tools-for-stm32.10.3-2021.10.win32_1.0.100.202210260954/tools/bin/../lib/gcc/arm-none-eabi/10.3.1/../../../../arm-none-eabi/lib/thumb/v7e-m+fp/hard\libc_nano.a
LOAD c:/st/stm32cubeide_1.11.0/stm32cubeide/plugins/com.st.stm32cube.ide.mcu.externaltools.gnu-tools-for-stm32.10.3-2021.10.win32_1.0.100.202210260954/tools/bin/../lib/gcc/arm-none-eabi/10.3.1/../../../../arm-none-eabi/lib/thumb/v7e-m+fp/hard\libnosys.a
END GROUP
START GROUP
LOAD c:/st/stm32cubeide_1.11.0/stm32cubeide/plugins/com.st.stm32cube.ide.mcu.externaltools.gnu-tools-for-stm32.10.3-2021.10.win32_1.0.100.202210260954/tools/bin/../lib/gcc/arm-none-eabi/10.3.1/thumb/v7e-m+fp/hard\libgcc.a
LOAD c:/st/stm32cubeide_1.11.0/stm32cubeide/plugins/com.st.stm32cube.ide.mcu.externaltools.gnu-tools-for-stm32.10.3-2021.10.win32_1.0.100.202210260954/tools/bin/../lib/gcc/arm-none-eabi/10.3.1/../../../../arm-none-eabi/lib/thumb/v7e-m+fp/hard\libc_nano.a
LOAD c:/st/stm32cubeide_1.11.0/stm32cubeide/plugins/com.st.stm32cube.ide.mcu.externaltools.gnu-tools-for-stm32.10.3-2021.10.win32_1.0.100.202210260954/tools/bin/../lib/gcc/arm-none-eabi/10.3.1/../../../../arm-none-eabi/lib/thumb/v7e-m+fp/hard\libnosys.a
END GROUP
LOAD c:/st/stm32cubeide_1.11.0/stm32cubeide/plugins/com.st.stm32cube.ide.mcu.externaltools.gnu-tools-for-stm32.10.3-2021.10.win32_1.0.100.202210260954/tools/bin/../lib/gcc/arm-none-eabi/10.3.1/thumb/v7e-m+fp/hard/crtend.o
LOAD c:/st/stm32cubeide_1.11.0/stm32cubeide/plugins/com.st.stm32cube.ide.mcu.externaltools.gnu-tools-for-stm32.10.3-2021.10.win32_1.0.100.202210260954/tools/bin/../lib/gcc/arm-none-eabi/10.3.1/thumb/v7e-m+fp/hard/crtn.o
                0x000000002000a000                _estack = (ORIGIN (RAM) + LENGTH (RAM))
                0x0000000000000200                _Min_Heap_Size = 0x200
                0x0000000000000400                _Min_Stack_Size = 0x400

.isr_vector     0x0000000008000000      0x188
                0x0000000008000000                . = ALIGN (0x4)
 *(.isr_vector)
 .isr_vector    0x0000000008000000      0x188 ./Core/Startup/startup_stm32f303vctx.o
                0x0000000008000000                g_pfnVectors
                0x0000000008000188                . = ALIGN (0x4)

.text           0x0000000008000190     0x53d8
                0x0000000008000190                . = ALIGN (0x4)
 *(.text)
 .text          0x0000000008000190       0x40 c:/st/stm32cubeide_1.11.0/stm32cubeide/plugins/com.st.stm32cube.ide.mcu.externaltools.gnu-tools-for-stm32.10.3-2021.10.win32_1.0.100.202210260954/tools/bin/../lib/gcc/arm-none-eabi/10.3.1/thumb/v7e-m+fp/hard/crtbegin.o
 .text          0x00000000080001d0       0xa0 c:/st/stm32cubeide_1.11.0/stm32cubeide/plugins/com.st.stm32cube.ide.mcu.externaltools.gnu-tools-for-stm32.10.3-2021.10.win32_1.0.100.202210260954/tools/bin/../lib/gcc/arm-none-eabi/10.3.1/../../../../arm-none-eabi/lib/thumb/v7e-m+fp/hard\libc_nano.a(lib_a-memchr.o)
                0x00000000080001d0                memchr
 *(.text*)
 .text.MX_GPIO_Init
                0x0000000008000270      0x184 ./Core/Src/gpio.o
                0x0000000008000270                MX_GPIO_Init
 .text.MX_I2C1_Init
                0x00000000080003f4       0x80 ./Core/Src/i2c.o
                0x00000000080003f4                MX_I2C1_Init
 .text.HAL_I2C_MspInit
                0x0000000008000474       0x88 ./Core/Src/i2c.o
                0x0000000008000474                HAL_I2C_MspInit
 .text.LCD5110_refresh
                0x00000000080004fc       0x18 ./Core/Src/lcd5110.o
                0x00000000080004fc                LCD5110_refresh
 .text.LCD5110_set_cursor
                0x0000000008000514       0x24 ./Core/Src/lcd5110.o
                0x0000000008000514                LCD5110_set_cursor
 .text.LCD5110_clear_scr
                0x0000000008000538       0x22 ./Core/Src/lcd5110.o
                0x0000000008000538                LCD5110_clear_scr
 .text.LCD5110_print
                0x000000000800055a       0x24 ./Core/Src/lcd5110.o
                0x000000000800055a                LCD5110_print
 *fill*         0x000000000800057e        0x2 
 .text.LCD5110_wputchar
                0x0000000008000580       0xb0 ./Core/Src/lcd5110.o
                0x0000000008000580                LCD5110_wputchar
 .text.LCD5110_wset_cursor
                0x0000000008000630       0x2a ./Core/Src/lcd5110.o
                0x0000000008000630                LCD5110_wset_cursor
 .text.LCD5110_wendl
                0x000000000800065a       0x40 ./Core/Src/lcd5110.o
                0x000000000800065a                LCD5110_wendl
 *fill*         0x000000000800069a        0x2 
 .text.LCD5110_wprint
                0x000000000800069c       0xd0 ./Core/Src/lcd5110.o
                0x000000000800069c                LCD5110_wprint
 .text.LCD5110_printf
                0x000000000800076c       0x52 ./Core/Src/lcd5110.o
                0x000000000800076c                LCD5110_printf
 .text.xy_to_pix
                0x00000000080007be       0x48 ./Core/Src/lcd5110_hal.o
 .text.LCD5110_clrscr
                0x0000000008000806       0x36 ./Core/Src/lcd5110_hal.o
                0x0000000008000806                LCD5110_clrscr
 .text.LCD5110_putpix
                0x000000000800083c       0x80 ./Core/Src/lcd5110_hal.o
                0x000000000800083c                LCD5110_putpix
 .text.LCD5110_drawBitmap
                0x00000000080008bc       0xac ./Core/Src/lcd5110_hal.o
                0x00000000080008bc                LCD5110_drawBitmap
 .text.send_byte_to_LCD5110
                0x0000000008000968       0x26 ./Core/Src/lcd5110_ll.o
 .text.send_data_to_LCD5110
                0x000000000800098e       0x28 ./Core/Src/lcd5110_ll.o
 .text.LCD5110_CE_off
                0x00000000080009b6       0x20 ./Core/Src/lcd5110_ll.o
 .text.LCD5110_DC_on
                0x00000000080009d6       0x20 ./Core/Src/lcd5110_ll.o
 .text.LCD5110_DC_off
                0x00000000080009f6       0x20 ./Core/Src/lcd5110_ll.o
 .text.LCD5110_RST_on
                0x0000000008000a16       0x20 ./Core/Src/lcd5110_ll.o
 .text.LCD5110_RST_off
                0x0000000008000a36       0x20 ./Core/Src/lcd5110_ll.o
 .text.LCD5110_set_function
                0x0000000008000a56       0x34 ./Core/Src/lcd5110_ll.o
 .text.LCD5110_set_mode_base
                0x0000000008000a8a       0x2e ./Core/Src/lcd5110_ll.o
 .text.LCD5110_set_voltage_ext
                0x0000000008000ab8       0x32 ./Core/Src/lcd5110_ll.o
 .text.LCD5110_set_temp_coef_ext
                0x0000000008000aea       0x30 ./Core/Src/lcd5110_ll.o
 .text.LCD5110_set_bias_ext
                0x0000000008000b1a       0x30 ./Core/Src/lcd5110_ll.o
 .text.LCD5110_set_X_base
                0x0000000008000b4a       0x3e ./Core/Src/lcd5110_ll.o
 .text.LCD5110_set_Y_base
                0x0000000008000b88       0x3e ./Core/Src/lcd5110_ll.o
 .text.LCD5110_set_XY_base
                0x0000000008000bc6       0x4a ./Core/Src/lcd5110_ll.o
 .text.SPI_enable
                0x0000000008000c10       0x28 ./Core/Src/lcd5110_ll.o
 .text.LCD5110_init
                0x0000000008000c38       0x8a ./Core/Src/lcd5110_ll.o
                0x0000000008000c38                LCD5110_init
 .text.LCD5110_refresh_ll
                0x0000000008000cc2       0x3c ./Core/Src/lcd5110_ll.o
                0x0000000008000cc2                LCD5110_refresh_ll
 *fill*         0x0000000008000cfe        0x2 
 .text.print_score
                0x0000000008000d00       0x60 ./Core/Src/main.o
                0x0000000008000d00                print_score
 .text.print_score_text
                0x0000000008000d60       0x32 ./Core/Src/main.o
                0x0000000008000d60                print_score_text
 *fill*         0x0000000008000d92        0x2 
 .text.update_score
                0x0000000008000d94      0x11c ./Core/Src/main.o
                0x0000000008000d94                update_score
 .text.main     0x0000000008000eb0       0x9c ./Core/Src/main.o
                0x0000000008000eb0                main
 .text.SystemClock_Config
                0x0000000008000f4c       0xc8 ./Core/Src/main.o
                0x0000000008000f4c                SystemClock_Config
 .text.HAL_GPIO_EXTI_Callback
                0x0000000008001014       0x30 ./Core/Src/main.o
                0x0000000008001014                HAL_GPIO_EXTI_Callback
 .text.HAL_TIM_PeriodElapsedCallback
                0x0000000008001044      0x25c ./Core/Src/main.o
                0x0000000008001044                HAL_TIM_PeriodElapsedCallback
 .text.Error_Handler
                0x00000000080012a0        0xe ./Core/Src/main.o
                0x00000000080012a0                Error_Handler
 *fill*         0x00000000080012ae        0x2 
 .text.MX_SPI1_Init
                0x00000000080012b0       0x7c ./Core/Src/spi.o
                0x00000000080012b0                MX_SPI1_Init
 .text.MX_SPI2_Init
                0x000000000800132c       0x7c ./Core/Src/spi.o
                0x000000000800132c                MX_SPI2_Init
 .text.HAL_SPI_MspInit
                0x00000000080013a8      0x128 ./Core/Src/spi.o
                0x00000000080013a8                HAL_SPI_MspInit
 .text.HAL_MspInit
                0x00000000080014d0       0x48 ./Core/Src/stm32f3xx_hal_msp.o
                0x00000000080014d0                HAL_MspInit
 .text.NMI_Handler
                0x0000000008001518        0x6 ./Core/Src/stm32f3xx_it.o
                0x0000000008001518                NMI_Handler
 .text.HardFault_Handler
                0x000000000800151e        0x6 ./Core/Src/stm32f3xx_it.o
                0x000000000800151e                HardFault_Handler
 .text.MemManage_Handler
                0x0000000008001524        0x6 ./Core/Src/stm32f3xx_it.o
                0x0000000008001524                MemManage_Handler
 .text.BusFault_Handler
                0x000000000800152a        0x6 ./Core/Src/stm32f3xx_it.o
                0x000000000800152a                BusFault_Handler
 .text.UsageFault_Handler
                0x0000000008001530        0x6 ./Core/Src/stm32f3xx_it.o
                0x0000000008001530                UsageFault_Handler
 .text.SVC_Handler
                0x0000000008001536        0xe ./Core/Src/stm32f3xx_it.o
                0x0000000008001536                SVC_Handler
 .text.DebugMon_Handler
                0x0000000008001544        0xe ./Core/Src/stm32f3xx_it.o
                0x0000000008001544                DebugMon_Handler
 .text.PendSV_Handler
                0x0000000008001552        0xe ./Core/Src/stm32f3xx_it.o
                0x0000000008001552                PendSV_Handler
 .text.SysTick_Handler
                0x0000000008001560        0xc ./Core/Src/stm32f3xx_it.o
                0x0000000008001560                SysTick_Handler
 .text.EXTI9_5_IRQHandler
                0x000000000800156c       0x10 ./Core/Src/stm32f3xx_it.o
                0x000000000800156c                EXTI9_5_IRQHandler
 .text.TIM1_BRK_TIM15_IRQHandler
                0x000000000800157c       0x14 ./Core/Src/stm32f3xx_it.o
                0x000000000800157c                TIM1_BRK_TIM15_IRQHandler
 .text.TIM1_UP_TIM16_IRQHandler
                0x0000000008001590       0x14 ./Core/Src/stm32f3xx_it.o
                0x0000000008001590                TIM1_UP_TIM16_IRQHandler
 .text.TIM1_TRG_COM_TIM17_IRQHandler
                0x00000000080015a4       0x14 ./Core/Src/stm32f3xx_it.o
                0x00000000080015a4                TIM1_TRG_COM_TIM17_IRQHandler
 .text.TIM1_CC_IRQHandler
                0x00000000080015b8       0x14 ./Core/Src/stm32f3xx_it.o
                0x00000000080015b8                TIM1_CC_IRQHandler
 .text.EXTI15_10_IRQHandler
                0x00000000080015cc       0x10 ./Core/Src/stm32f3xx_it.o
                0x00000000080015cc                EXTI15_10_IRQHandler
 .text._sbrk    0x00000000080015dc       0x6c ./Core/Src/sysmem.o
                0x00000000080015dc                _sbrk
 .text.SystemInit
                0x0000000008001648       0x24 ./Core/Src/system_stm32f3xx.o
                0x0000000008001648                SystemInit
 .text.MX_TIM1_Init
                0x000000000800166c       0xa8 ./Core/Src/tim.o
                0x000000000800166c                MX_TIM1_Init
 .text.HAL_TIM_Base_MspInit
                0x0000000008001714       0x7c ./Core/Src/tim.o
                0x0000000008001714                HAL_TIM_Base_MspInit
 .text.MX_USB_PCD_Init
                0x0000000008001790       0x44 ./Core/Src/usb.o
                0x0000000008001790                MX_USB_PCD_Init
 .text.HAL_PCD_MspInit
                0x00000000080017d4       0x88 ./Core/Src/usb.o
                0x00000000080017d4                HAL_PCD_MspInit
 .text.Reset_Handler
                0x000000000800185c       0x50 ./Core/Startup/startup_stm32f303vctx.o
                0x000000000800185c                Reset_Handler
 .text.Default_Handler
                0x00000000080018ac        0x2 ./Core/Startup/startup_stm32f303vctx.o
                0x00000000080018ac                RTC_Alarm_IRQHandler
                0x00000000080018ac                TIM8_TRG_COM_IRQHandler
                0x00000000080018ac                TIM8_CC_IRQHandler
                0x00000000080018ac                USB_HP_IRQHandler
                0x00000000080018ac                PVD_IRQHandler
                0x00000000080018ac                TAMP_STAMP_IRQHandler
                0x00000000080018ac                EXTI3_IRQHandler
                0x00000000080018ac                USB_HP_CAN_TX_IRQHandler
                0x00000000080018ac                EXTI0_IRQHandler
                0x00000000080018ac                I2C2_EV_IRQHandler
                0x00000000080018ac                FPU_IRQHandler
                0x00000000080018ac                ADC1_2_IRQHandler
                0x00000000080018ac                SPI1_IRQHandler
                0x00000000080018ac                CAN_SCE_IRQHandler
                0x00000000080018ac                TIM6_DAC_IRQHandler
                0x00000000080018ac                TIM8_UP_IRQHandler
                0x00000000080018ac                DMA2_Channel2_IRQHandler
                0x00000000080018ac                DMA1_Channel4_IRQHandler
                0x00000000080018ac                USART3_IRQHandler
                0x00000000080018ac                DMA1_Channel7_IRQHandler
                0x00000000080018ac                UART5_IRQHandler
                0x00000000080018ac                ADC3_IRQHandler
                0x00000000080018ac                TIM4_IRQHandler
                0x00000000080018ac                CAN_RX1_IRQHandler
                0x00000000080018ac                DMA2_Channel1_IRQHandler
                0x00000000080018ac                I2C1_EV_IRQHandler
                0x00000000080018ac                DMA1_Channel6_IRQHandler
                0x00000000080018ac                UART4_IRQHandler
                0x00000000080018ac                DMA2_Channel4_IRQHandler
                0x00000000080018ac                TIM3_IRQHandler
                0x00000000080018ac                RCC_IRQHandler
                0x00000000080018ac                DMA1_Channel1_IRQHandler
                0x00000000080018ac                Default_Handler
                0x00000000080018ac                USBWakeUp_RMP_IRQHandler
                0x00000000080018ac                TIM7_IRQHandler
                0x00000000080018ac                RTC_WKUP_IRQHandler
                0x00000000080018ac                SPI2_IRQHandler
                0x00000000080018ac                USB_LP_CAN_RX0_IRQHandler
                0x00000000080018ac                DMA2_Channel5_IRQHandler
                0x00000000080018ac                DMA1_Channel5_IRQHandler
                0x00000000080018ac                USB_LP_IRQHandler
                0x00000000080018ac                EXTI4_IRQHandler
                0x00000000080018ac                DMA1_Channel3_IRQHandler
                0x00000000080018ac                ADC4_IRQHandler
                0x00000000080018ac                WWDG_IRQHandler
                0x00000000080018ac                TIM2_IRQHandler
                0x00000000080018ac                COMP7_IRQHandler
                0x00000000080018ac                COMP1_2_3_IRQHandler
                0x00000000080018ac                EXTI1_IRQHandler
                0x00000000080018ac                USART2_IRQHandler
                0x00000000080018ac                COMP4_5_6_IRQHandler
                0x00000000080018ac                I2C2_ER_IRQHandler
                0x00000000080018ac                DMA1_Channel2_IRQHandler
                0x00000000080018ac                TIM8_BRK_IRQHandler
                0x00000000080018ac                FLASH_IRQHandler
                0x00000000080018ac                USART1_IRQHandler
                0x00000000080018ac                SPI3_IRQHandler
                0x00000000080018ac                I2C1_ER_IRQHandler
                0x00000000080018ac                USBWakeUp_IRQHandler
                0x00000000080018ac                DMA2_Channel3_IRQHandler
                0x00000000080018ac                EXTI2_TSC_IRQHandler
 *fill*         0x00000000080018ae        0x2 
 .text.HAL_Init
                0x00000000080018b0       0x2c ./Drivers/STM32F3xx_HAL_Driver/Src/stm32f3xx_hal.o
                0x00000000080018b0                HAL_Init
 .text.HAL_InitTick
                0x00000000080018dc       0x60 ./Drivers/STM32F3xx_HAL_Driver/Src/stm32f3xx_hal.o
                0x00000000080018dc                HAL_InitTick
 .text.HAL_IncTick
                0x000000000800193c       0x28 ./Drivers/STM32F3xx_HAL_Driver/Src/stm32f3xx_hal.o
                0x000000000800193c                HAL_IncTick
 .text.HAL_GetTick
                0x0000000008001964       0x18 ./Drivers/STM32F3xx_HAL_Driver/Src/stm32f3xx_hal.o
                0x0000000008001964                HAL_GetTick
 .text.__NVIC_SetPriorityGrouping
                0x000000000800197c       0x48 ./Drivers/STM32F3xx_HAL_Driver/Src/stm32f3xx_hal_cortex.o
 .text.__NVIC_GetPriorityGrouping
                0x00000000080019c4       0x1c ./Drivers/STM32F3xx_HAL_Driver/Src/stm32f3xx_hal_cortex.o
 .text.__NVIC_EnableIRQ
                0x00000000080019e0       0x3c ./Drivers/STM32F3xx_HAL_Driver/Src/stm32f3xx_hal_cortex.o
 .text.__NVIC_SetPriority
                0x0000000008001a1c       0x54 ./Drivers/STM32F3xx_HAL_Driver/Src/stm32f3xx_hal_cortex.o
 .text.NVIC_EncodePriority
                0x0000000008001a70       0x66 ./Drivers/STM32F3xx_HAL_Driver/Src/stm32f3xx_hal_cortex.o
 *fill*         0x0000000008001ad6        0x2 
 .text.SysTick_Config
                0x0000000008001ad8       0x44 ./Drivers/STM32F3xx_HAL_Driver/Src/stm32f3xx_hal_cortex.o
 .text.HAL_NVIC_SetPriorityGrouping
                0x0000000008001b1c       0x16 ./Drivers/STM32F3xx_HAL_Driver/Src/stm32f3xx_hal_cortex.o
                0x0000000008001b1c                HAL_NVIC_SetPriorityGrouping
 .text.HAL_NVIC_SetPriority
                0x0000000008001b32       0x38 ./Drivers/STM32F3xx_HAL_Driver/Src/stm32f3xx_hal_cortex.o
                0x0000000008001b32                HAL_NVIC_SetPriority
 .text.HAL_NVIC_EnableIRQ
                0x0000000008001b6a       0x1c ./Drivers/STM32F3xx_HAL_Driver/Src/stm32f3xx_hal_cortex.o
                0x0000000008001b6a                HAL_NVIC_EnableIRQ
 .text.HAL_SYSTICK_Config
                0x0000000008001b86       0x18 ./Drivers/STM32F3xx_HAL_Driver/Src/stm32f3xx_hal_cortex.o
                0x0000000008001b86                HAL_SYSTICK_Config
 *fill*         0x0000000008001b9e        0x2 
 .text.HAL_GPIO_Init
                0x0000000008001ba0      0x2f4 ./Drivers/STM32F3xx_HAL_Driver/Src/stm32f3xx_hal_gpio.o
                0x0000000008001ba0                HAL_GPIO_Init
 .text.HAL_GPIO_ReadPin
                0x0000000008001e94       0x30 ./Drivers/STM32F3xx_HAL_Driver/Src/stm32f3xx_hal_gpio.o
                0x0000000008001e94                HAL_GPIO_ReadPin
 .text.HAL_GPIO_WritePin
                0x0000000008001ec4       0x30 ./Drivers/STM32F3xx_HAL_Driver/Src/stm32f3xx_hal_gpio.o
                0x0000000008001ec4                HAL_GPIO_WritePin
 .text.HAL_GPIO_EXTI_IRQHandler
                0x0000000008001ef4       0x30 ./Drivers/STM32F3xx_HAL_Driver/Src/stm32f3xx_hal_gpio.o
                0x0000000008001ef4                HAL_GPIO_EXTI_IRQHandler
 .text.HAL_I2C_Init
                0x0000000008001f24      0x11e ./Drivers/STM32F3xx_HAL_Driver/Src/stm32f3xx_hal_i2c.o
                0x0000000008001f24                HAL_I2C_Init
 .text.HAL_I2CEx_ConfigAnalogFilter
                0x0000000008002042       0x96 ./Drivers/STM32F3xx_HAL_Driver/Src/stm32f3xx_hal_i2c_ex.o
                0x0000000008002042                HAL_I2CEx_ConfigAnalogFilter
 .text.HAL_I2CEx_ConfigDigitalFilter
                0x00000000080020d8       0x98 ./Drivers/STM32F3xx_HAL_Driver/Src/stm32f3xx_hal_i2c_ex.o
                0x00000000080020d8                HAL_I2CEx_ConfigDigitalFilter
 .text.HAL_PCD_Init
                0x0000000008002170      0x1bc ./Drivers/STM32F3xx_HAL_Driver/Src/stm32f3xx_hal_pcd.o
                0x0000000008002170                HAL_PCD_Init
 .text.HAL_RCC_OscConfig
                0x000000000800232c     0x107c ./Drivers/STM32F3xx_HAL_Driver/Src/stm32f3xx_hal_rcc.o
                0x000000000800232c                HAL_RCC_OscConfig
 .text.HAL_RCC_ClockConfig
                0x00000000080033a8      0x2f8 ./Drivers/STM32F3xx_HAL_Driver/Src/stm32f3xx_hal_rcc.o
                0x00000000080033a8                HAL_RCC_ClockConfig
 .text.HAL_RCC_GetSysClockFreq
                0x00000000080036a0       0xd4 ./Drivers/STM32F3xx_HAL_Driver/Src/stm32f3xx_hal_rcc.o
                0x00000000080036a0                HAL_RCC_GetSysClockFreq
 .text.HAL_RCCEx_PeriphCLKConfig
                0x0000000008003774      0x360 ./Drivers/STM32F3xx_HAL_Driver/Src/stm32f3xx_hal_rcc_ex.o
                0x0000000008003774                HAL_RCCEx_PeriphCLKConfig
 .text.HAL_SPI_Init
                0x0000000008003ad4      0x156 ./Drivers/STM32F3xx_HAL_Driver/Src/stm32f3xx_hal_spi.o
                0x0000000008003ad4                HAL_SPI_Init
 .text.HAL_SPI_Transmit
                0x0000000008003c2a      0x2dc ./Drivers/STM32F3xx_HAL_Driver/Src/stm32f3xx_hal_spi.o
                0x0000000008003c2a                HAL_SPI_Transmit
 *fill*         0x0000000008003f06        0x2 
 .text.SPI_WaitFlagStateUntilTimeout
                0x0000000008003f08      0x110 ./Drivers/STM32F3xx_HAL_Driver/Src/stm32f3xx_hal_spi.o
 .text.SPI_WaitFifoStateUntilTimeout
                0x0000000008004018      0x12c ./Drivers/STM32F3xx_HAL_Driver/Src/stm32f3xx_hal_spi.o
 .text.SPI_EndRxTxTransaction
                0x0000000008004144       0x8c ./Drivers/STM32F3xx_HAL_Driver/Src/stm32f3xx_hal_spi.o
 .text.HAL_TIM_Base_Init
                0x00000000080041d0       0xae ./Drivers/STM32F3xx_HAL_Driver/Src/stm32f3xx_hal_tim.o
                0x00000000080041d0                HAL_TIM_Base_Init
 *fill*         0x000000000800427e        0x2 
 .text.HAL_TIM_Base_Start_IT
                0x0000000008004280       0xd4 ./Drivers/STM32F3xx_HAL_Driver/Src/stm32f3xx_hal_tim.o
                0x0000000008004280                HAL_TIM_Base_Start_IT
 .text.HAL_TIM_Base_Stop_IT
                0x0000000008004354       0x5e ./Drivers/STM32F3xx_HAL_Driver/Src/stm32f3xx_hal_tim.o
                0x0000000008004354                HAL_TIM_Base_Stop_IT
 .text.HAL_TIM_IRQHandler
                0x00000000080043b2      0x23e ./Drivers/STM32F3xx_HAL_Driver/Src/stm32f3xx_hal_tim.o
                0x00000000080043b2                HAL_TIM_IRQHandler
 .text.HAL_TIM_ConfigClockSource
                0x00000000080045f0      0x192 ./Drivers/STM32F3xx_HAL_Driver/Src/stm32f3xx_hal_tim.o
                0x00000000080045f0                HAL_TIM_ConfigClockSource
 .text.HAL_TIM_OC_DelayElapsedCallback
                0x0000000008004782       0x14 ./Drivers/STM32F3xx_HAL_Driver/Src/stm32f3xx_hal_tim.o
                0x0000000008004782                HAL_TIM_OC_DelayElapsedCallback
 .text.HAL_TIM_IC_CaptureCallback
                0x0000000008004796       0x14 ./Drivers/STM32F3xx_HAL_Driver/Src/stm32f3xx_hal_tim.o
                0x0000000008004796                HAL_TIM_IC_CaptureCallback
 .text.HAL_TIM_PWM_PulseFinishedCallback
                0x00000000080047aa       0x14 ./Drivers/STM32F3xx_HAL_Driver/Src/stm32f3xx_hal_tim.o
                0x00000000080047aa                HAL_TIM_PWM_PulseFinishedCallback
 .text.HAL_TIM_TriggerCallback
                0x00000000080047be       0x14 ./Drivers/STM32F3xx_HAL_Driver/Src/stm32f3xx_hal_tim.o
                0x00000000080047be                HAL_TIM_TriggerCallback
 *fill*         0x00000000080047d2        0x2 
 .text.TIM_Base_SetConfig
                0x00000000080047d4      0x120 ./Drivers/STM32F3xx_HAL_Driver/Src/stm32f3xx_hal_tim.o
                0x00000000080047d4                TIM_Base_SetConfig
 .text.TIM_TI1_ConfigInputStage
                0x00000000080048f4       0x5e ./Drivers/STM32F3xx_HAL_Driver/Src/stm32f3xx_hal_tim.o
 .text.TIM_TI2_ConfigInputStage
                0x0000000008004952       0x60 ./Drivers/STM32F3xx_HAL_Driver/Src/stm32f3xx_hal_tim.o
 .text.TIM_ITRx_SetConfig
                0x00000000080049b2       0x36 ./Drivers/STM32F3xx_HAL_Driver/Src/stm32f3xx_hal_tim.o
 .text.TIM_ETR_SetConfig
                0x00000000080049e8       0x40 ./Drivers/STM32F3xx_HAL_Driver/Src/stm32f3xx_hal_tim.o
                0x00000000080049e8                TIM_ETR_SetConfig
 .text.HAL_TIMEx_MasterConfigSynchronization
                0x0000000008004a28      0x100 ./Drivers/STM32F3xx_HAL_Driver/Src/stm32f3xx_hal_tim_ex.o
                0x0000000008004a28                HAL_TIMEx_MasterConfigSynchronization
 .text.HAL_TIMEx_CommutCallback
                0x0000000008004b28       0x14 ./Drivers/STM32F3xx_HAL_Driver/Src/stm32f3xx_hal_tim_ex.o
                0x0000000008004b28                HAL_TIMEx_CommutCallback
 .text.HAL_TIMEx_BreakCallback
                0x0000000008004b3c       0x14 ./Drivers/STM32F3xx_HAL_Driver/Src/stm32f3xx_hal_tim_ex.o
                0x0000000008004b3c                HAL_TIMEx_BreakCallback
 .text.HAL_TIMEx_Break2Callback
                0x0000000008004b50       0x14 ./Drivers/STM32F3xx_HAL_Driver/Src/stm32f3xx_hal_tim_ex.o
                0x0000000008004b50                HAL_TIMEx_Break2Callback
 .text.USB_DisableGlobalInt
                0x0000000008004b64       0x36 ./Drivers/STM32F3xx_HAL_Driver/Src/stm32f3xx_ll_usb.o
                0x0000000008004b64                USB_DisableGlobalInt
 .text.USB_DevInit
                0x0000000008004b9a       0x42 ./Drivers/STM32F3xx_HAL_Driver/Src/stm32f3xx_ll_usb.o
                0x0000000008004b9a                USB_DevInit
 .text.__errno  0x0000000008004bdc        0xc c:/st/stm32cubeide_1.11.0/stm32cubeide/plugins/com.st.stm32cube.ide.mcu.externaltools.gnu-tools-for-stm32.10.3-2021.10.win32_1.0.100.202210260954/tools/bin/../lib/gcc/arm-none-eabi/10.3.1/../../../../arm-none-eabi/lib/thumb/v7e-m+fp/hard\libc_nano.a(lib_a-errno.o)
                0x0000000008004bdc                __errno
 .text.__libc_init_array
                0x0000000008004be8       0x48 c:/st/stm32cubeide_1.11.0/stm32cubeide/plugins/com.st.stm32cube.ide.mcu.externaltools.gnu-tools-for-stm32.10.3-2021.10.win32_1.0.100.202210260954/tools/bin/../lib/gcc/arm-none-eabi/10.3.1/../../../../arm-none-eabi/lib/thumb/v7e-m+fp/hard\libc_nano.a(lib_a-init.o)
                0x0000000008004be8                __libc_init_array
 .text.memset   0x0000000008004c30       0x10 c:/st/stm32cubeide_1.11.0/stm32cubeide/plugins/com.st.stm32cube.ide.mcu.externaltools.gnu-tools-for-stm32.10.3-2021.10.win32_1.0.100.202210260954/tools/bin/../lib/gcc/arm-none-eabi/10.3.1/../../../../arm-none-eabi/lib/thumb/v7e-m+fp/hard\libc_nano.a(lib_a-memset.o)
                0x0000000008004c30                memset
 .text._vsnprintf_r
                0x0000000008004c40       0x56 c:/st/stm32cubeide_1.11.0/stm32cubeide/plugins/com.st.stm32cube.ide.mcu.externaltools.gnu-tools-for-stm32.10.3-2021.10.win32_1.0.100.202210260954/tools/bin/../lib/gcc/arm-none-eabi/10.3.1/../../../../arm-none-eabi/lib/thumb/v7e-m+fp/hard\libc_nano.a(lib_a-vsnprintf.o)
                0x0000000008004c40                _vsniprintf_r
                0x0000000008004c40                _vsnprintf_r
 *fill*         0x0000000008004c96        0x2 
 .text.vsnprintf
                0x0000000008004c98       0x1c c:/st/stm32cubeide_1.11.0/stm32cubeide/plugins/com.st.stm32cube.ide.mcu.externaltools.gnu-tools-for-stm32.10.3-2021.10.win32_1.0.100.202210260954/tools/bin/../lib/gcc/arm-none-eabi/10.3.1/../../../../arm-none-eabi/lib/thumb/v7e-m+fp/hard\libc_nano.a(lib_a-vsnprintf.o)
                0x0000000008004c98                vsniprintf
                0x0000000008004c98                vsnprintf
 .text.__ssputs_r
                0x0000000008004cb4       0xb6 c:/st/stm32cubeide_1.11.0/stm32cubeide/plugins/com.st.stm32cube.ide.mcu.externaltools.gnu-tools-for-stm32.10.3-2021.10.win32_1.0.100.202210260954/tools/bin/../lib/gcc/arm-none-eabi/10.3.1/../../../../arm-none-eabi/lib/thumb/v7e-m+fp/hard\libc_nano.a(lib_a-nano-svfprintf.o)
                0x0000000008004cb4                __ssputs_r
 *fill*         0x0000000008004d6a        0x2 
 .text._svfprintf_r
                0x0000000008004d6c      0x200 c:/st/stm32cubeide_1.11.0/stm32cubeide/plugins/com.st.stm32cube.ide.mcu.externaltools.gnu-tools-for-stm32.10.3-2021.10.win32_1.0.100.202210260954/tools/bin/../lib/gcc/arm-none-eabi/10.3.1/../../../../arm-none-eabi/lib/thumb/v7e-m+fp/hard\libc_nano.a(lib_a-nano-svfprintf.o)
                0x0000000008004d6c                _svfiprintf_r
                0x0000000008004d6c                _svfprintf_r
 .text._printf_common
                0x0000000008004f6c       0xda c:/st/stm32cubeide_1.11.0/stm32cubeide/plugins/com.st.stm32cube.ide.mcu.externaltools.gnu-tools-for-stm32.10.3-2021.10.win32_1.0.100.202210260954/tools/bin/../lib/gcc/arm-none-eabi/10.3.1/../../../../arm-none-eabi/lib/thumb/v7e-m+fp/hard\libc_nano.a(lib_a-nano-vfprintf_i.o)
                0x0000000008004f6c                _printf_common
 *fill*         0x0000000008005046        0x2 
 .text._printf_i
                0x0000000008005048      0x24c c:/st/stm32cubeide_1.11.0/stm32cubeide/plugins/com.st.stm32cube.ide.mcu.externaltools.gnu-tools-for-stm32.10.3-2021.10.win32_1.0.100.202210260954/tools/bin/../lib/gcc/arm-none-eabi/10.3.1/../../../../arm-none-eabi/lib/thumb/v7e-m+fp/hard\libc_nano.a(lib_a-nano-vfprintf_i.o)
                0x0000000008005048                _printf_i
 .text.memcpy   0x0000000008005294       0x1c c:/st/stm32cubeide_1.11.0/stm32cubeide/plugins/com.st.stm32cube.ide.mcu.externaltools.gnu-tools-for-stm32.10.3-2021.10.win32_1.0.100.202210260954/tools/bin/../lib/gcc/arm-none-eabi/10.3.1/../../../../arm-none-eabi/lib/thumb/v7e-m+fp/hard\libc_nano.a(lib_a-memcpy-stub.o)
                0x0000000008005294                memcpy
 .text.memmove  0x00000000080052b0       0x34 c:/st/stm32cubeide_1.11.0/stm32cubeide/plugins/com.st.stm32cube.ide.mcu.externaltools.gnu-tools-for-stm32.10.3-2021.10.win32_1.0.100.202210260954/tools/bin/../lib/gcc/arm-none-eabi/10.3.1/../../../../arm-none-eabi/lib/thumb/v7e-m+fp/hard\libc_nano.a(lib_a-memmove.o)
                0x00000000080052b0                memmove
 .text._free_r  0x00000000080052e4       0x98 c:/st/stm32cubeide_1.11.0/stm32cubeide/plugins/com.st.stm32cube.ide.mcu.externaltools.gnu-tools-for-stm32.10.3-2021.10.win32_1.0.100.202210260954/tools/bin/../lib/gcc/arm-none-eabi/10.3.1/../../../../arm-none-eabi/lib/thumb/v7e-m+fp/hard\libc_nano.a(lib_a-nano-freer.o)
                0x00000000080052e4                _free_r
 .text.sbrk_aligned
                0x000000000800537c       0x40 c:/st/stm32cubeide_1.11.0/stm32cubeide/plugins/com.st.stm32cube.ide.mcu.externaltools.gnu-tools-for-stm32.10.3-2021.10.win32_1.0.100.202210260954/tools/bin/../lib/gcc/arm-none-eabi/10.3.1/../../../../arm-none-eabi/lib/thumb/v7e-m+fp/hard\libc_nano.a(lib_a-nano-mallocr.o)
 .text._malloc_r
                0x00000000080053bc       0xe8 c:/st/stm32cubeide_1.11.0/stm32cubeide/plugins/com.st.stm32cube.ide.mcu.externaltools.gnu-tools-for-stm32.10.3-2021.10.win32_1.0.100.202210260954/tools/bin/../lib/gcc/arm-none-eabi/10.3.1/../../../../arm-none-eabi/lib/thumb/v7e-m+fp/hard\libc_nano.a(lib_a-nano-mallocr.o)
                0x00000000080053bc                _malloc_r
 .text._realloc_r
                0x00000000080054a4       0x5e c:/st/stm32cubeide_1.11.0/stm32cubeide/plugins/com.st.stm32cube.ide.mcu.externaltools.gnu-tools-for-stm32.10.3-2021.10.win32_1.0.100.202210260954/tools/bin/../lib/gcc/arm-none-eabi/10.3.1/../../../../arm-none-eabi/lib/thumb/v7e-m+fp/hard\libc_nano.a(lib_a-nano-reallocr.o)
                0x00000000080054a4                _realloc_r
 *fill*         0x0000000008005502        0x2 
 .text._sbrk_r  0x0000000008005504       0x20 c:/st/stm32cubeide_1.11.0/stm32cubeide/plugins/com.st.stm32cube.ide.mcu.externaltools.gnu-tools-for-stm32.10.3-2021.10.win32_1.0.100.202210260954/tools/bin/../lib/gcc/arm-none-eabi/10.3.1/../../../../arm-none-eabi/lib/thumb/v7e-m+fp/hard\libc_nano.a(lib_a-sbrkr.o)
                0x0000000008005504                _sbrk_r
 .text.__malloc_lock
                0x0000000008005524        0xc c:/st/stm32cubeide_1.11.0/stm32cubeide/plugins/com.st.stm32cube.ide.mcu.externaltools.gnu-tools-for-stm32.10.3-2021.10.win32_1.0.100.202210260954/tools/bin/../lib/gcc/arm-none-eabi/10.3.1/../../../../arm-none-eabi/lib/thumb/v7e-m+fp/hard\libc_nano.a(lib_a-mlock.o)
                0x0000000008005524                __malloc_lock
 .text.__malloc_unlock
                0x0000000008005530        0xc c:/st/stm32cubeide_1.11.0/stm32cubeide/plugins/com.st.stm32cube.ide.mcu.externaltools.gnu-tools-for-stm32.10.3-2021.10.win32_1.0.100.202210260954/tools/bin/../lib/gcc/arm-none-eabi/10.3.1/../../../../arm-none-eabi/lib/thumb/v7e-m+fp/hard\libc_nano.a(lib_a-mlock.o)
                0x0000000008005530                __malloc_unlock
 .text._malloc_usable_size_r
                0x000000000800553c       0x10 c:/st/stm32cubeide_1.11.0/stm32cubeide/plugins/com.st.stm32cube.ide.mcu.externaltools.gnu-tools-for-stm32.10.3-2021.10.win32_1.0.100.202210260954/tools/bin/../lib/gcc/arm-none-eabi/10.3.1/../../../../arm-none-eabi/lib/thumb/v7e-m+fp/hard\libc_nano.a(lib_a-nano-msizer.o)
                0x000000000800553c                _malloc_usable_size_r
 .text.__retarget_lock_acquire_recursive
                0x000000000800554c        0x2 c:/st/stm32cubeide_1.11.0/stm32cubeide/plugins/com.st.stm32cube.ide.mcu.externaltools.gnu-tools-for-stm32.10.3-2021.10.win32_1.0.100.202210260954/tools/bin/../lib/gcc/arm-none-eabi/10.3.1/../../../../arm-none-eabi/lib/thumb/v7e-m+fp/hard\libc_nano.a(lib_a-lock.o)
                0x000000000800554c                __retarget_lock_acquire_recursive
 .text.__retarget_lock_release_recursive
                0x000000000800554e        0x2 c:/st/stm32cubeide_1.11.0/stm32cubeide/plugins/com.st.stm32cube.ide.mcu.externaltools.gnu-tools-for-stm32.10.3-2021.10.win32_1.0.100.202210260954/tools/bin/../lib/gcc/arm-none-eabi/10.3.1/../../../../arm-none-eabi/lib/thumb/v7e-m+fp/hard\libc_nano.a(lib_a-lock.o)
                0x000000000800554e                __retarget_lock_release_recursive
 *(.glue_7)
 .glue_7        0x0000000008005550        0x0 linker stubs
 *(.glue_7t)
 .glue_7t       0x0000000008005550        0x0 linker stubs
 *(.eh_frame)
 .eh_frame      0x0000000008005550        0x0 c:/st/stm32cubeide_1.11.0/stm32cubeide/plugins/com.st.stm32cube.ide.mcu.externaltools.gnu-tools-for-stm32.10.3-2021.10.win32_1.0.100.202210260954/tools/bin/../lib/gcc/arm-none-eabi/10.3.1/thumb/v7e-m+fp/hard/crtbegin.o
 *(.init)
 .init          0x0000000008005550        0x4 c:/st/stm32cubeide_1.11.0/stm32cubeide/plugins/com.st.stm32cube.ide.mcu.externaltools.gnu-tools-for-stm32.10.3-2021.10.win32_1.0.100.202210260954/tools/bin/../lib/gcc/arm-none-eabi/10.3.1/thumb/v7e-m+fp/hard/crti.o
                0x0000000008005550                _init
 .init          0x0000000008005554        0x8 c:/st/stm32cubeide_1.11.0/stm32cubeide/plugins/com.st.stm32cube.ide.mcu.externaltools.gnu-tools-for-stm32.10.3-2021.10.win32_1.0.100.202210260954/tools/bin/../lib/gcc/arm-none-eabi/10.3.1/thumb/v7e-m+fp/hard/crtn.o
 *(.fini)
 .fini          0x000000000800555c        0x4 c:/st/stm32cubeide_1.11.0/stm32cubeide/plugins/com.st.stm32cube.ide.mcu.externaltools.gnu-tools-for-stm32.10.3-2021.10.win32_1.0.100.202210260954/tools/bin/../lib/gcc/arm-none-eabi/10.3.1/thumb/v7e-m+fp/hard/crti.o
                0x000000000800555c                _fini
 .fini          0x0000000008005560        0x8 c:/st/stm32cubeide_1.11.0/stm32cubeide/plugins/com.st.stm32cube.ide.mcu.externaltools.gnu-tools-for-stm32.10.3-2021.10.win32_1.0.100.202210260954/tools/bin/../lib/gcc/arm-none-eabi/10.3.1/thumb/v7e-m+fp/hard/crtn.o
                0x0000000008005568                . = ALIGN (0x4)
                0x0000000008005568                _etext = .

.vfp11_veneer   0x0000000008005568        0x0
 .vfp11_veneer  0x0000000008005568        0x0 linker stubs

.v4_bx          0x0000000008005568        0x0
 .v4_bx         0x0000000008005568        0x0 linker stubs

.iplt           0x0000000008005568        0x0
 .iplt          0x0000000008005568        0x0 c:/st/stm32cubeide_1.11.0/stm32cubeide/plugins/com.st.stm32cube.ide.mcu.externaltools.gnu-tools-for-stm32.10.3-2021.10.win32_1.0.100.202210260954/tools/bin/../lib/gcc/arm-none-eabi/10.3.1/thumb/v7e-m+fp/hard/crtbegin.o

.rodata         0x0000000008005568      0x7f4
                0x0000000008005568                . = ALIGN (0x4)
 *(.rodata)
 .rodata        0x0000000008005568       0x80 ./Core/Src/main.o
 *(.rodata*)
 .rodata.base_font
                0x00000000080055e8      0x600 ./Core/Src/lcd5110.o
 .rodata.lcd5110_def_scr
                0x0000000008005be8        0xe ./Core/Src/lcd5110.o
                0x0000000008005be8                lcd5110_def_scr
 *fill*         0x0000000008005bf6        0x2 
 .rodata.AHBPrescTable
                0x0000000008005bf8       0x10 ./Core/Src/system_stm32f3xx.o
                0x0000000008005bf8                AHBPrescTable
 .rodata.aPLLMULFactorTable
                0x0000000008005c08       0x10 ./Drivers/STM32F3xx_HAL_Driver/Src/stm32f3xx_hal_rcc.o
                0x0000000008005c08                aPLLMULFactorTable
 .rodata.aPredivFactorTable
                0x0000000008005c18       0x10 ./Drivers/STM32F3xx_HAL_Driver/Src/stm32f3xx_hal_rcc.o
                0x0000000008005c18                aPredivFactorTable
 .rodata._ctype_
                0x0000000008005c28      0x101 c:/st/stm32cubeide_1.11.0/stm32cubeide/plugins/com.st.stm32cube.ide.mcu.externaltools.gnu-tools-for-stm32.10.3-2021.10.win32_1.0.100.202210260954/tools/bin/../lib/gcc/arm-none-eabi/10.3.1/../../../../arm-none-eabi/lib/thumb/v7e-m+fp/hard\libc_nano.a(lib_a-ctype_.o)
                0x0000000008005c28                _ctype_
 .rodata._svfprintf_r.str1.1
                0x0000000008005d29       0x11 c:/st/stm32cubeide_1.11.0/stm32cubeide/plugins/com.st.stm32cube.ide.mcu.externaltools.gnu-tools-for-stm32.10.3-2021.10.win32_1.0.100.202210260954/tools/bin/../lib/gcc/arm-none-eabi/10.3.1/../../../../arm-none-eabi/lib/thumb/v7e-m+fp/hard\libc_nano.a(lib_a-nano-svfprintf.o)
 .rodata._printf_i.str1.1
                0x0000000008005d3a       0x22 c:/st/stm32cubeide_1.11.0/stm32cubeide/plugins/com.st.stm32cube.ide.mcu.externaltools.gnu-tools-for-stm32.10.3-2021.10.win32_1.0.100.202210260954/tools/bin/../lib/gcc/arm-none-eabi/10.3.1/../../../../arm-none-eabi/lib/thumb/v7e-m+fp/hard\libc_nano.a(lib_a-nano-vfprintf_i.o)
                0x0000000008005d5c                . = ALIGN (0x4)

.rel.dyn        0x0000000008005d5c        0x0
 .rel.iplt      0x0000000008005d5c        0x0 c:/st/stm32cubeide_1.11.0/stm32cubeide/plugins/com.st.stm32cube.ide.mcu.externaltools.gnu-tools-for-stm32.10.3-2021.10.win32_1.0.100.202210260954/tools/bin/../lib/gcc/arm-none-eabi/10.3.1/thumb/v7e-m+fp/hard/crtbegin.o

.ARM.extab      0x0000000008005d5c        0x0
                0x0000000008005d5c                . = ALIGN (0x4)
 *(.ARM.extab* .gnu.linkonce.armextab.*)
                0x0000000008005d5c                . = ALIGN (0x4)

.ARM            0x0000000008005d5c        0x0
                0x0000000008005d5c                . = ALIGN (0x4)
                0x0000000008005d5c                __exidx_start = .
 *(.ARM.exidx*)
                0x0000000008005d5c                __exidx_end = .
                0x0000000008005d5c                . = ALIGN (0x4)

.preinit_array  0x0000000008005d5c        0x0
                0x0000000008005d5c                . = ALIGN (0x4)
                0x0000000008005d5c                PROVIDE (__preinit_array_start = .)
 *(.preinit_array*)
                0x0000000008005d5c                PROVIDE (__preinit_array_end = .)
                0x0000000008005d5c                . = ALIGN (0x4)

.init_array     0x0000000008005d5c        0x4
                0x0000000008005d5c                . = ALIGN (0x4)
                0x0000000008005d5c                PROVIDE (__init_array_start = .)
 *(SORT_BY_NAME(.init_array.*))
 *(.init_array*)
 .init_array    0x0000000008005d5c        0x4 c:/st/stm32cubeide_1.11.0/stm32cubeide/plugins/com.st.stm32cube.ide.mcu.externaltools.gnu-tools-for-stm32.10.3-2021.10.win32_1.0.100.202210260954/tools/bin/../lib/gcc/arm-none-eabi/10.3.1/thumb/v7e-m+fp/hard/crtbegin.o
                0x0000000008005d60                PROVIDE (__init_array_end = .)
                0x0000000008005d60                . = ALIGN (0x4)

.fini_array     0x0000000008005d60        0x4
                0x0000000008005d60                . = ALIGN (0x4)
                [!provide]                        PROVIDE (__fini_array_start = .)
 *(SORT_BY_NAME(.fini_array.*))
 *(.fini_array*)
 .fini_array    0x0000000008005d60        0x4 c:/st/stm32cubeide_1.11.0/stm32cubeide/plugins/com.st.stm32cube.ide.mcu.externaltools.gnu-tools-for-stm32.10.3-2021.10.win32_1.0.100.202210260954/tools/bin/../lib/gcc/arm-none-eabi/10.3.1/thumb/v7e-m+fp/hard/crtbegin.o
                [!provide]                        PROVIDE (__fini_array_end = .)
                0x0000000008005d64                . = ALIGN (0x4)
                0x0000000008005d64                _sidata = LOADADDR (.data)

.data           0x0000000020000000       0x74 load address 0x0000000008005d64
                0x0000000020000000                . = ALIGN (0x4)
                0x0000000020000000                _sdata = .
 *(.data)
 *(.data*)
 .data.listening
                0x0000000020000000        0x1 ./Core/Src/main.o
                0x0000000020000000                listening
 *fill*         0x0000000020000001        0x3 
 .data.SystemCoreClock
                0x0000000020000004        0x4 ./Core/Src/system_stm32f3xx.o
                0x0000000020000004                SystemCoreClock
 .data.uwTickPrio
                0x0000000020000008        0x4 ./Drivers/STM32F3xx_HAL_Driver/Src/stm32f3xx_hal.o
                0x0000000020000008                uwTickPrio
 .data.uwTickFreq
                0x000000002000000c        0x1 ./Drivers/STM32F3xx_HAL_Driver/Src/stm32f3xx_hal.o
                0x000000002000000c                uwTickFreq
 *fill*         0x000000002000000d        0x3 
 .data._impure_ptr
                0x0000000020000010        0x4 c:/st/stm32cubeide_1.11.0/stm32cubeide/plugins/com.st.stm32cube.ide.mcu.externaltools.gnu-tools-for-stm32.10.3-2021.10.win32_1.0.100.202210260954/tools/bin/../lib/gcc/arm-none-eabi/10.3.1/../../../../arm-none-eabi/lib/thumb/v7e-m+fp/hard\libc_nano.a(lib_a-impure.o)
                0x0000000020000010                _impure_ptr
 .data.impure_data
                0x0000000020000014       0x60 c:/st/stm32cubeide_1.11.0/stm32cubeide/plugins/com.st.stm32cube.ide.mcu.externaltools.gnu-tools-for-stm32.10.3-2021.10.win32_1.0.100.202210260954/tools/bin/../lib/gcc/arm-none-eabi/10.3.1/../../../../arm-none-eabi/lib/thumb/v7e-m+fp/hard\libc_nano.a(lib_a-impure.o)
 *(.RamFunc)
 *(.RamFunc*)
                0x0000000020000074                . = ALIGN (0x4)
                0x0000000020000074                _edata = .
                0x0000000008005dd8                _siccmram = LOADADDR (.ccmram)

.igot.plt       0x0000000020000074        0x0 load address 0x0000000008005dd8
 .igot.plt      0x0000000020000074        0x0 c:/st/stm32cubeide_1.11.0/stm32cubeide/plugins/com.st.stm32cube.ide.mcu.externaltools.gnu-tools-for-stm32.10.3-2021.10.win32_1.0.100.202210260954/tools/bin/../lib/gcc/arm-none-eabi/10.3.1/thumb/v7e-m+fp/hard/crtbegin.o

.ccmram         0x0000000010000000        0x0 load address 0x0000000008005dd8
                0x0000000010000000                . = ALIGN (0x4)
                0x0000000010000000                _sccmram = .
 *(.ccmram)
 *(.ccmram*)
                0x0000000010000000                . = ALIGN (0x4)
                0x0000000010000000                _eccmram = .
                0x0000000010000000                . = ALIGN (0x4)

.bss            0x0000000020000074      0x6a8
                0x0000000020000074                _sbss = .
                0x0000000020000074                __bss_start__ = _sbss
 *(.bss)
 .bss           0x0000000020000074       0x1c c:/st/stm32cubeide_1.11.0/stm32cubeide/plugins/com.st.stm32cube.ide.mcu.externaltools.gnu-tools-for-stm32.10.3-2021.10.win32_1.0.100.202210260954/tools/bin/../lib/gcc/arm-none-eabi/10.3.1/thumb/v7e-m+fp/hard/crtbegin.o
 *(.bss*)
 .bss.hi2c1     0x0000000020000090       0x4c ./Core/Src/i2c.o
                0x0000000020000090                hi2c1
 .bss.state     0x00000000200000dc        0x1 ./Core/Src/main.o
                0x00000000200000dc                state
 .bss.server    0x00000000200000dd        0x1 ./Core/Src/main.o
                0x00000000200000dd                server
 .bss.l_score   0x00000000200000de        0x1 ./Core/Src/main.o
                0x00000000200000de                l_score
 .bss.r_score   0x00000000200000df        0x1 ./Core/Src/main.o
                0x00000000200000df                r_score
 .bss.lcd1      0x00000000200000e0      0x224 ./Core/Src/main.o
                0x00000000200000e0                lcd1
 .bss.hspi1     0x0000000020000304       0x64 ./Core/Src/spi.o
                0x0000000020000304                hspi1
 .bss.hspi2     0x0000000020000368       0x64 ./Core/Src/spi.o
                0x0000000020000368                hspi2
 .bss.__sbrk_heap_end
                0x00000000200003cc        0x4 ./Core/Src/sysmem.o
 .bss.htim1     0x00000000200003d0       0x4c ./Core/Src/tim.o
                0x00000000200003d0                htim1
 .bss.hpcd_USB_FS
                0x000000002000041c      0x2ec ./Core/Src/usb.o
                0x000000002000041c                hpcd_USB_FS
 .bss.uwTick    0x0000000020000708        0x4 ./Drivers/STM32F3xx_HAL_Driver/Src/stm32f3xx_hal.o
                0x0000000020000708                uwTick
 .bss.__malloc_free_list
                0x000000002000070c        0x4 c:/st/stm32cubeide_1.11.0/stm32cubeide/plugins/com.st.stm32cube.ide.mcu.externaltools.gnu-tools-for-stm32.10.3-2021.10.win32_1.0.100.202210260954/tools/bin/../lib/gcc/arm-none-eabi/10.3.1/../../../../arm-none-eabi/lib/thumb/v7e-m+fp/hard\libc_nano.a(lib_a-nano-mallocr.o)
                0x000000002000070c                __malloc_free_list
 .bss.__malloc_sbrk_start
                0x0000000020000710        0x4 c:/st/stm32cubeide_1.11.0/stm32cubeide/plugins/com.st.stm32cube.ide.mcu.externaltools.gnu-tools-for-stm32.10.3-2021.10.win32_1.0.100.202210260954/tools/bin/../lib/gcc/arm-none-eabi/10.3.1/../../../../arm-none-eabi/lib/thumb/v7e-m+fp/hard\libc_nano.a(lib_a-nano-mallocr.o)
                0x0000000020000710                __malloc_sbrk_start
 .bss.errno     0x0000000020000714        0x4 c:/st/stm32cubeide_1.11.0/stm32cubeide/plugins/com.st.stm32cube.ide.mcu.externaltools.gnu-tools-for-stm32.10.3-2021.10.win32_1.0.100.202210260954/tools/bin/../lib/gcc/arm-none-eabi/10.3.1/../../../../arm-none-eabi/lib/thumb/v7e-m+fp/hard\libc_nano.a(lib_a-reent.o)
                0x0000000020000714                errno
 .bss.__lock___malloc_recursive_mutex
                0x0000000020000718        0x1 c:/st/stm32cubeide_1.11.0/stm32cubeide/plugins/com.st.stm32cube.ide.mcu.externaltools.gnu-tools-for-stm32.10.3-2021.10.win32_1.0.100.202210260954/tools/bin/../lib/gcc/arm-none-eabi/10.3.1/../../../../arm-none-eabi/lib/thumb/v7e-m+fp/hard\libc_nano.a(lib_a-lock.o)
                0x0000000020000718                __lock___malloc_recursive_mutex
 *(COMMON)
                0x000000002000071c                . = ALIGN (0x4)
 *fill*         0x0000000020000719        0x3 
                0x000000002000071c                _ebss = .
                0x000000002000071c                __bss_end__ = _ebss

._user_heap_stack
                0x000000002000071c      0x604
                0x0000000020000720                . = ALIGN (0x8)
 *fill*         0x000000002000071c        0x4 
                [!provide]                        PROVIDE (end = .)
                0x0000000020000720                PROVIDE (_end = .)
                0x0000000020000920                . = (. + _Min_Heap_Size)
 *fill*         0x0000000020000720      0x200 
                0x0000000020000d20                . = (. + _Min_Stack_Size)
 *fill*         0x0000000020000920      0x400 
                0x0000000020000d20                . = ALIGN (0x8)

/DISCARD/
 libc.a(*)
 libm.a(*)
 libgcc.a(*)

.ARM.attributes
                0x0000000000000000       0x30
 *(.ARM.attributes)
 .ARM.attributes
                0x0000000000000000       0x1e c:/st/stm32cubeide_1.11.0/stm32cubeide/plugins/com.st.stm32cube.ide.mcu.externaltools.gnu-tools-for-stm32.10.3-2021.10.win32_1.0.100.202210260954/tools/bin/../lib/gcc/arm-none-eabi/10.3.1/thumb/v7e-m+fp/hard/crti.o
 .ARM.attributes
                0x000000000000001e       0x34 c:/st/stm32cubeide_1.11.0/stm32cubeide/plugins/com.st.stm32cube.ide.mcu.externaltools.gnu-tools-for-stm32.10.3-2021.10.win32_1.0.100.202210260954/tools/bin/../lib/gcc/arm-none-eabi/10.3.1/thumb/v7e-m+fp/hard/crtbegin.o
 .ARM.attributes
                0x0000000000000052       0x34 ./Core/Src/gpio.o
 .ARM.attributes
                0x0000000000000086       0x34 ./Core/Src/i2c.o
 .ARM.attributes
                0x00000000000000ba       0x34 ./Core/Src/lcd5110.o
 .ARM.attributes
                0x00000000000000ee       0x34 ./Core/Src/lcd5110_hal.o
 .ARM.attributes
                0x0000000000000122       0x34 ./Core/Src/lcd5110_ll.o
 .ARM.attributes
                0x0000000000000156       0x34 ./Core/Src/main.o
 .ARM.attributes
                0x000000000000018a       0x34 ./Core/Src/spi.o
 .ARM.attributes
                0x00000000000001be       0x34 ./Core/Src/stm32f3xx_hal_msp.o
 .ARM.attributes
                0x00000000000001f2       0x34 ./Core/Src/stm32f3xx_it.o
 .ARM.attributes
                0x0000000000000226       0x34 ./Core/Src/sysmem.o
 .ARM.attributes
                0x000000000000025a       0x34 ./Core/Src/system_stm32f3xx.o
 .ARM.attributes
                0x000000000000028e       0x34 ./Core/Src/tim.o
 .ARM.attributes
                0x00000000000002c2       0x34 ./Core/Src/usb.o
 .ARM.attributes
                0x00000000000002f6       0x21 ./Core/Startup/startup_stm32f303vctx.o
 .ARM.attributes
                0x0000000000000317       0x34 ./Drivers/STM32F3xx_HAL_Driver/Src/stm32f3xx_hal.o
 .ARM.attributes
                0x000000000000034b       0x34 ./Drivers/STM32F3xx_HAL_Driver/Src/stm32f3xx_hal_cortex.o
 .ARM.attributes
                0x000000000000037f       0x34 ./Drivers/STM32F3xx_HAL_Driver/Src/stm32f3xx_hal_gpio.o
 .ARM.attributes
                0x00000000000003b3       0x34 ./Drivers/STM32F3xx_HAL_Driver/Src/stm32f3xx_hal_i2c.o
 .ARM.attributes
                0x00000000000003e7       0x34 ./Drivers/STM32F3xx_HAL_Driver/Src/stm32f3xx_hal_i2c_ex.o
 .ARM.attributes
                0x000000000000041b       0x34 ./Drivers/STM32F3xx_HAL_Driver/Src/stm32f3xx_hal_pcd.o
 .ARM.attributes
                0x000000000000044f       0x34 ./Drivers/STM32F3xx_HAL_Driver/Src/stm32f3xx_hal_rcc.o
 .ARM.attributes
                0x0000000000000483       0x34 ./Drivers/STM32F3xx_HAL_Driver/Src/stm32f3xx_hal_rcc_ex.o
 .ARM.attributes
                0x00000000000004b7       0x34 ./Drivers/STM32F3xx_HAL_Driver/Src/stm32f3xx_hal_spi.o
 .ARM.attributes
                0x00000000000004eb       0x34 ./Drivers/STM32F3xx_HAL_Driver/Src/stm32f3xx_hal_tim.o
 .ARM.attributes
                0x000000000000051f       0x34 ./Drivers/STM32F3xx_HAL_Driver/Src/stm32f3xx_hal_tim_ex.o
 .ARM.attributes
                0x0000000000000553       0x34 ./Drivers/STM32F3xx_HAL_Driver/Src/stm32f3xx_ll_usb.o
 .ARM.attributes
                0x0000000000000587       0x34 c:/st/stm32cubeide_1.11.0/stm32cubeide/plugins/com.st.stm32cube.ide.mcu.externaltools.gnu-tools-for-stm32.10.3-2021.10.win32_1.0.100.202210260954/tools/bin/../lib/gcc/arm-none-eabi/10.3.1/../../../../arm-none-eabi/lib/thumb/v7e-m+fp/hard\libc_nano.a(lib_a-ctype_.o)
 .ARM.attributes
                0x00000000000005bb       0x34 c:/st/stm32cubeide_1.11.0/stm32cubeide/plugins/com.st.stm32cube.ide.mcu.externaltools.gnu-tools-for-stm32.10.3-2021.10.win32_1.0.100.202210260954/tools/bin/../lib/gcc/arm-none-eabi/10.3.1/../../../../arm-none-eabi/lib/thumb/v7e-m+fp/hard\libc_nano.a(lib_a-errno.o)
 .ARM.attributes
                0x00000000000005ef       0x34 c:/st/stm32cubeide_1.11.0/stm32cubeide/plugins/com.st.stm32cube.ide.mcu.externaltools.gnu-tools-for-stm32.10.3-2021.10.win32_1.0.100.202210260954/tools/bin/../lib/gcc/arm-none-eabi/10.3.1/../../../../arm-none-eabi/lib/thumb/v7e-m+fp/hard\libc_nano.a(lib_a-impure.o)
 .ARM.attributes
                0x0000000000000623       0x34 c:/st/stm32cubeide_1.11.0/stm32cubeide/plugins/com.st.stm32cube.ide.mcu.externaltools.gnu-tools-for-stm32.10.3-2021.10.win32_1.0.100.202210260954/tools/bin/../lib/gcc/arm-none-eabi/10.3.1/../../../../arm-none-eabi/lib/thumb/v7e-m+fp/hard\libc_nano.a(lib_a-init.o)
 .ARM.attributes
                0x0000000000000657       0x34 c:/st/stm32cubeide_1.11.0/stm32cubeide/plugins/com.st.stm32cube.ide.mcu.externaltools.gnu-tools-for-stm32.10.3-2021.10.win32_1.0.100.202210260954/tools/bin/../lib/gcc/arm-none-eabi/10.3.1/../../../../arm-none-eabi/lib/thumb/v7e-m+fp/hard\libc_nano.a(lib_a-memset.o)
 .ARM.attributes
                0x000000000000068b       0x34 c:/st/stm32cubeide_1.11.0/stm32cubeide/plugins/com.st.stm32cube.ide.mcu.externaltools.gnu-tools-for-stm32.10.3-2021.10.win32_1.0.100.202210260954/tools/bin/../lib/gcc/arm-none-eabi/10.3.1/../../../../arm-none-eabi/lib/thumb/v7e-m+fp/hard\libc_nano.a(lib_a-vsnprintf.o)
 .ARM.attributes
                0x00000000000006bf       0x34 c:/st/stm32cubeide_1.11.0/stm32cubeide/plugins/com.st.stm32cube.ide.mcu.externaltools.gnu-tools-for-stm32.10.3-2021.10.win32_1.0.100.202210260954/tools/bin/../lib/gcc/arm-none-eabi/10.3.1/../../../../arm-none-eabi/lib/thumb/v7e-m+fp/hard\libc_nano.a(lib_a-nano-svfprintf.o)
 .ARM.attributes
                0x00000000000006f3       0x34 c:/st/stm32cubeide_1.11.0/stm32cubeide/plugins/com.st.stm32cube.ide.mcu.externaltools.gnu-tools-for-stm32.10.3-2021.10.win32_1.0.100.202210260954/tools/bin/../lib/gcc/arm-none-eabi/10.3.1/../../../../arm-none-eabi/lib/thumb/v7e-m+fp/hard\libc_nano.a(lib_a-nano-vfprintf_i.o)
 .ARM.attributes
                0x0000000000000727       0x1c c:/st/stm32cubeide_1.11.0/stm32cubeide/plugins/com.st.stm32cube.ide.mcu.externaltools.gnu-tools-for-stm32.10.3-2021.10.win32_1.0.100.202210260954/tools/bin/../lib/gcc/arm-none-eabi/10.3.1/../../../../arm-none-eabi/lib/thumb/v7e-m+fp/hard\libc_nano.a(lib_a-memchr.o)
 .ARM.attributes
                0x0000000000000743       0x34 c:/st/stm32cubeide_1.11.0/stm32cubeide/plugins/com.st.stm32cube.ide.mcu.externaltools.gnu-tools-for-stm32.10.3-2021.10.win32_1.0.100.202210260954/tools/bin/../lib/gcc/arm-none-eabi/10.3.1/../../../../arm-none-eabi/lib/thumb/v7e-m+fp/hard\libc_nano.a(lib_a-memcpy-stub.o)
 .ARM.attributes
                0x0000000000000777       0x34 c:/st/stm32cubeide_1.11.0/stm32cubeide/plugins/com.st.stm32cube.ide.mcu.externaltools.gnu-tools-for-stm32.10.3-2021.10.win32_1.0.100.202210260954/tools/bin/../lib/gcc/arm-none-eabi/10.3.1/../../../../arm-none-eabi/lib/thumb/v7e-m+fp/hard\libc_nano.a(lib_a-memmove.o)
 .ARM.attributes
                0x00000000000007ab       0x34 c:/st/stm32cubeide_1.11.0/stm32cubeide/plugins/com.st.stm32cube.ide.mcu.externaltools.gnu-tools-for-stm32.10.3-2021.10.win32_1.0.100.202210260954/tools/bin/../lib/gcc/arm-none-eabi/10.3.1/../../../../arm-none-eabi/lib/thumb/v7e-m+fp/hard\libc_nano.a(lib_a-nano-freer.o)
 .ARM.attributes
                0x00000000000007df       0x34 c:/st/stm32cubeide_1.11.0/stm32cubeide/plugins/com.st.stm32cube.ide.mcu.externaltools.gnu-tools-for-stm32.10.3-2021.10.win32_1.0.100.202210260954/tools/bin/../lib/gcc/arm-none-eabi/10.3.1/../../../../arm-none-eabi/lib/thumb/v7e-m+fp/hard\libc_nano.a(lib_a-nano-mallocr.o)
 .ARM.attributes
                0x0000000000000813       0x34 c:/st/stm32cubeide_1.11.0/stm32cubeide/plugins/com.st.stm32cube.ide.mcu.externaltools.gnu-tools-for-stm32.10.3-2021.10.win32_1.0.100.202210260954/tools/bin/../lib/gcc/arm-none-eabi/10.3.1/../../../../arm-none-eabi/lib/thumb/v7e-m+fp/hard\libc_nano.a(lib_a-nano-reallocr.o)
 .ARM.attributes
                0x0000000000000847       0x34 c:/st/stm32cubeide_1.11.0/stm32cubeide/plugins/com.st.stm32cube.ide.mcu.externaltools.gnu-tools-for-stm32.10.3-2021.10.win32_1.0.100.202210260954/tools/bin/../lib/gcc/arm-none-eabi/10.3.1/../../../../arm-none-eabi/lib/thumb/v7e-m+fp/hard\libc_nano.a(lib_a-sbrkr.o)
 .ARM.attributes
                0x000000000000087b       0x34 c:/st/stm32cubeide_1.11.0/stm32cubeide/plugins/com.st.stm32cube.ide.mcu.externaltools.gnu-tools-for-stm32.10.3-2021.10.win32_1.0.100.202210260954/tools/bin/../lib/gcc/arm-none-eabi/10.3.1/../../../../arm-none-eabi/lib/thumb/v7e-m+fp/hard\libc_nano.a(lib_a-mlock.o)
 .ARM.attributes
                0x00000000000008af       0x34 c:/st/stm32cubeide_1.11.0/stm32cubeide/plugins/com.st.stm32cube.ide.mcu.externaltools.gnu-tools-for-stm32.10.3-2021.10.win32_1.0.100.202210260954/tools/bin/../lib/gcc/arm-none-eabi/10.3.1/../../../../arm-none-eabi/lib/thumb/v7e-m+fp/hard\libc_nano.a(lib_a-nano-msizer.o)
 .ARM.attributes
                0x00000000000008e3       0x34 c:/st/stm32cubeide_1.11.0/stm32cubeide/plugins/com.st.stm32cube.ide.mcu.externaltools.gnu-tools-for-stm32.10.3-2021.10.win32_1.0.100.202210260954/tools/bin/../lib/gcc/arm-none-eabi/10.3.1/../../../../arm-none-eabi/lib/thumb/v7e-m+fp/hard\libc_nano.a(lib_a-reent.o)
 .ARM.attributes
                0x0000000000000917       0x34 c:/st/stm32cubeide_1.11.0/stm32cubeide/plugins/com.st.stm32cube.ide.mcu.externaltools.gnu-tools-for-stm32.10.3-2021.10.win32_1.0.100.202210260954/tools/bin/../lib/gcc/arm-none-eabi/10.3.1/../../../../arm-none-eabi/lib/thumb/v7e-m+fp/hard\libc_nano.a(lib_a-lock.o)
 .ARM.attributes
                0x000000000000094b       0x1e c:/st/stm32cubeide_1.11.0/stm32cubeide/plugins/com.st.stm32cube.ide.mcu.externaltools.gnu-tools-for-stm32.10.3-2021.10.win32_1.0.100.202210260954/tools/bin/../lib/gcc/arm-none-eabi/10.3.1/thumb/v7e-m+fp/hard/crtn.o
OUTPUT(APPSC.elf elf32-littlearm)
LOAD linker stubs
LOAD c:/st/stm32cubeide_1.11.0/stm32cubeide/plugins/com.st.stm32cube.ide.mcu.externaltools.gnu-tools-for-stm32.10.3-2021.10.win32_1.0.100.202210260954/tools/bin/../lib/gcc/arm-none-eabi/10.3.1/../../../../arm-none-eabi/lib/thumb/v7e-m+fp/hard\libc.a
LOAD c:/st/stm32cubeide_1.11.0/stm32cubeide/plugins/com.st.stm32cube.ide.mcu.externaltools.gnu-tools-for-stm32.10.3-2021.10.win32_1.0.100.202210260954/tools/bin/../lib/gcc/arm-none-eabi/10.3.1/../../../../arm-none-eabi/lib/thumb/v7e-m+fp/hard\libm.a
LOAD c:/st/stm32cubeide_1.11.0/stm32cubeide/plugins/com.st.stm32cube.ide.mcu.externaltools.gnu-tools-for-stm32.10.3-2021.10.win32_1.0.100.202210260954/tools/bin/../lib/gcc/arm-none-eabi/10.3.1/thumb/v7e-m+fp/hard\libgcc.a

.debug_info     0x0000000000000000    0x1649d
 .debug_info    0x0000000000000000      0x5ca ./Core/Src/gpio.o
 .debug_info    0x00000000000005ca      0x935 ./Core/Src/i2c.o
 .debug_info    0x0000000000000eff     0x15df ./Core/Src/lcd5110.o
 .debug_info    0x00000000000024de      0xa9e ./Core/Src/lcd5110_hal.o
 .debug_info    0x0000000000002f7c      0xcec ./Core/Src/lcd5110_ll.o
 .debug_info    0x0000000000003c68     0x1266 ./Core/Src/main.o
 .debug_info    0x0000000000004ece      0x95a ./Core/Src/spi.o
 .debug_info    0x0000000000005828      0x1bd ./Core/Src/stm32f3xx_hal_msp.o
 .debug_info    0x00000000000059e5      0x7bc ./Core/Src/stm32f3xx_it.o
 .debug_info    0x00000000000061a1      0x171 ./Core/Src/sysmem.o
 .debug_info    0x0000000000006312      0x416 ./Core/Src/system_stm32f3xx.o
 .debug_info    0x0000000000006728      0xb13 ./Core/Src/tim.o
 .debug_info    0x000000000000723b      0x8b8 ./Core/Src/usb.o
 .debug_info    0x0000000000007af3       0x22 ./Core/Startup/startup_stm32f303vctx.o
 .debug_info    0x0000000000007b15      0x807 ./Drivers/STM32F3xx_HAL_Driver/Src/stm32f3xx_hal.o
 .debug_info    0x000000000000831c      0xd85 ./Drivers/STM32F3xx_HAL_Driver/Src/stm32f3xx_hal_cortex.o
 .debug_info    0x00000000000090a1      0x68a ./Drivers/STM32F3xx_HAL_Driver/Src/stm32f3xx_hal_gpio.o
 .debug_info    0x000000000000972b     0x214e ./Drivers/STM32F3xx_HAL_Driver/Src/stm32f3xx_hal_i2c.o
 .debug_info    0x000000000000b879      0x891 ./Drivers/STM32F3xx_HAL_Driver/Src/stm32f3xx_hal_i2c_ex.o
 .debug_info    0x000000000000c10a     0x170c ./Drivers/STM32F3xx_HAL_Driver/Src/stm32f3xx_hal_pcd.o
 .debug_info    0x000000000000d816     0x1586 ./Drivers/STM32F3xx_HAL_Driver/Src/stm32f3xx_hal_rcc.o
 .debug_info    0x000000000000ed9c      0x61d ./Drivers/STM32F3xx_HAL_Driver/Src/stm32f3xx_hal_rcc_ex.o
 .debug_info    0x000000000000f3b9     0x178c ./Drivers/STM32F3xx_HAL_Driver/Src/stm32f3xx_hal_spi.o
 .debug_info    0x0000000000010b45     0x2ca3 ./Drivers/STM32F3xx_HAL_Driver/Src/stm32f3xx_hal_tim.o
 .debug_info    0x00000000000137e8     0x1679 ./Drivers/STM32F3xx_HAL_Driver/Src/stm32f3xx_hal_tim_ex.o
 .debug_info    0x0000000000014e61     0x163c ./Drivers/STM32F3xx_HAL_Driver/Src/stm32f3xx_ll_usb.o

.debug_abbrev   0x0000000000000000     0x33de
 .debug_abbrev  0x0000000000000000      0x14f ./Core/Src/gpio.o
 .debug_abbrev  0x000000000000014f      0x202 ./Core/Src/i2c.o
 .debug_abbrev  0x0000000000000351      0x361 ./Core/Src/lcd5110.o
 .debug_abbrev  0x00000000000006b2      0x1d3 ./Core/Src/lcd5110_hal.o
 .debug_abbrev  0x0000000000000885      0x256 ./Core/Src/lcd5110_ll.o
 .debug_abbrev  0x0000000000000adb      0x2e2 ./Core/Src/main.o
 .debug_abbrev  0x0000000000000dbd      0x1e0 ./Core/Src/spi.o
 .debug_abbrev  0x0000000000000f9d       0xde ./Core/Src/stm32f3xx_hal_msp.o
 .debug_abbrev  0x000000000000107b      0x19e ./Core/Src/stm32f3xx_it.o
 .debug_abbrev  0x0000000000001219       0xbb ./Core/Src/sysmem.o
 .debug_abbrev  0x00000000000012d4      0x116 ./Core/Src/system_stm32f3xx.o
 .debug_abbrev  0x00000000000013ea      0x1e0 ./Core/Src/tim.o
 .debug_abbrev  0x00000000000015ca      0x1e6 ./Core/Src/usb.o
 .debug_abbrev  0x00000000000017b0       0x12 ./Core/Startup/startup_stm32f303vctx.o
 .debug_abbrev  0x00000000000017c2      0x20e ./Drivers/STM32F3xx_HAL_Driver/Src/stm32f3xx_hal.o
 .debug_abbrev  0x00000000000019d0      0x316 ./Drivers/STM32F3xx_HAL_Driver/Src/stm32f3xx_hal_cortex.o
 .debug_abbrev  0x0000000000001ce6      0x1bb ./Drivers/STM32F3xx_HAL_Driver/Src/stm32f3xx_hal_gpio.o
 .debug_abbrev  0x0000000000001ea1      0x243 ./Drivers/STM32F3xx_HAL_Driver/Src/stm32f3xx_hal_i2c.o
 .debug_abbrev  0x00000000000020e4      0x1b0 ./Drivers/STM32F3xx_HAL_Driver/Src/stm32f3xx_hal_i2c_ex.o
 .debug_abbrev  0x0000000000002294      0x2c0 ./Drivers/STM32F3xx_HAL_Driver/Src/stm32f3xx_hal_pcd.o
 .debug_abbrev  0x0000000000002554      0x30c ./Drivers/STM32F3xx_HAL_Driver/Src/stm32f3xx_hal_rcc.o
 .debug_abbrev  0x0000000000002860      0x239 ./Drivers/STM32F3xx_HAL_Driver/Src/stm32f3xx_hal_rcc_ex.o
 .debug_abbrev  0x0000000000002a99      0x254 ./Drivers/STM32F3xx_HAL_Driver/Src/stm32f3xx_hal_spi.o
 .debug_abbrev  0x0000000000002ced      0x25d ./Drivers/STM32F3xx_HAL_Driver/Src/stm32f3xx_hal_tim.o
 .debug_abbrev  0x0000000000002f4a      0x265 ./Drivers/STM32F3xx_HAL_Driver/Src/stm32f3xx_hal_tim_ex.o
 .debug_abbrev  0x00000000000031af      0x22f ./Drivers/STM32F3xx_HAL_Driver/Src/stm32f3xx_ll_usb.o

.debug_aranges  0x0000000000000000     0x13a0
 .debug_aranges
                0x0000000000000000       0x20 ./Core/Src/gpio.o
 .debug_aranges
                0x0000000000000020       0x30 ./Core/Src/i2c.o
 .debug_aranges
                0x0000000000000050      0x120 ./Core/Src/lcd5110.o
 .debug_aranges
                0x0000000000000170       0x60 ./Core/Src/lcd5110_hal.o
 .debug_aranges
                0x00000000000001d0       0xc0 ./Core/Src/lcd5110_ll.o
 .debug_aranges
                0x0000000000000290       0x58 ./Core/Src/main.o
 .debug_aranges
                0x00000000000002e8       0x38 ./Core/Src/spi.o
 .debug_aranges
                0x0000000000000320       0x20 ./Core/Src/stm32f3xx_hal_msp.o
 .debug_aranges
                0x0000000000000340       0x90 ./Core/Src/stm32f3xx_it.o
 .debug_aranges
                0x00000000000003d0       0x20 ./Core/Src/sysmem.o
 .debug_aranges
                0x00000000000003f0       0x28 ./Core/Src/system_stm32f3xx.o
 .debug_aranges
                0x0000000000000418       0x30 ./Core/Src/tim.o
 .debug_aranges
                0x0000000000000448       0x30 ./Core/Src/usb.o
 .debug_aranges
                0x0000000000000478       0x28 ./Core/Startup/startup_stm32f303vctx.o
 .debug_aranges
                0x00000000000004a0       0xe0 ./Drivers/STM32F3xx_HAL_Driver/Src/stm32f3xx_hal.o
 .debug_aranges
                0x0000000000000580      0x118 ./Drivers/STM32F3xx_HAL_Driver/Src/stm32f3xx_hal_cortex.o
 .debug_aranges
                0x0000000000000698       0x58 ./Drivers/STM32F3xx_HAL_Driver/Src/stm32f3xx_hal_gpio.o
 .debug_aranges
                0x00000000000006f0      0x290 ./Drivers/STM32F3xx_HAL_Driver/Src/stm32f3xx_hal_i2c.o
 .debug_aranges
                0x0000000000000980       0x48 ./Drivers/STM32F3xx_HAL_Driver/Src/stm32f3xx_hal_i2c_ex.o
 .debug_aranges
                0x00000000000009c8      0x138 ./Drivers/STM32F3xx_HAL_Driver/Src/stm32f3xx_hal_pcd.o
 .debug_aranges
                0x0000000000000b00       0x88 ./Drivers/STM32F3xx_HAL_Driver/Src/stm32f3xx_hal_rcc.o
 .debug_aranges
                0x0000000000000b88       0x38 ./Drivers/STM32F3xx_HAL_Driver/Src/stm32f3xx_hal_rcc_ex.o
 .debug_aranges
                0x0000000000000bc0      0x1d8 ./Drivers/STM32F3xx_HAL_Driver/Src/stm32f3xx_hal_spi.o
 .debug_aranges
                0x0000000000000d98      0x3e0 ./Drivers/STM32F3xx_HAL_Driver/Src/stm32f3xx_hal_tim.o
 .debug_aranges
                0x0000000000001178      0x178 ./Drivers/STM32F3xx_HAL_Driver/Src/stm32f3xx_hal_tim_ex.o
 .debug_aranges
                0x00000000000012f0       0xb0 ./Drivers/STM32F3xx_HAL_Driver/Src/stm32f3xx_ll_usb.o

.debug_ranges   0x0000000000000000     0x1208
 .debug_ranges  0x0000000000000000       0x10 ./Core/Src/gpio.o
 .debug_ranges  0x0000000000000010       0x20 ./Core/Src/i2c.o
 .debug_ranges  0x0000000000000030      0x110 ./Core/Src/lcd5110.o
 .debug_ranges  0x0000000000000140       0x50 ./Core/Src/lcd5110_hal.o
 .debug_ranges  0x0000000000000190       0xb0 ./Core/Src/lcd5110_ll.o
 .debug_ranges  0x0000000000000240       0x48 ./Core/Src/main.o
 .debug_ranges  0x0000000000000288       0x28 ./Core/Src/spi.o
 .debug_ranges  0x00000000000002b0       0x10 ./Core/Src/stm32f3xx_hal_msp.o
 .debug_ranges  0x00000000000002c0       0x80 ./Core/Src/stm32f3xx_it.o
 .debug_ranges  0x0000000000000340       0x10 ./Core/Src/sysmem.o
 .debug_ranges  0x0000000000000350       0x18 ./Core/Src/system_stm32f3xx.o
 .debug_ranges  0x0000000000000368       0x20 ./Core/Src/tim.o
 .debug_ranges  0x0000000000000388       0x20 ./Core/Src/usb.o
 .debug_ranges  0x00000000000003a8       0x20 ./Core/Startup/startup_stm32f303vctx.o
 .debug_ranges  0x00000000000003c8       0xd0 ./Drivers/STM32F3xx_HAL_Driver/Src/stm32f3xx_hal.o
 .debug_ranges  0x0000000000000498      0x108 ./Drivers/STM32F3xx_HAL_Driver/Src/stm32f3xx_hal_cortex.o
 .debug_ranges  0x00000000000005a0       0x48 ./Drivers/STM32F3xx_HAL_Driver/Src/stm32f3xx_hal_gpio.o
 .debug_ranges  0x00000000000005e8      0x280 ./Drivers/STM32F3xx_HAL_Driver/Src/stm32f3xx_hal_i2c.o
 .debug_ranges  0x0000000000000868       0x38 ./Drivers/STM32F3xx_HAL_Driver/Src/stm32f3xx_hal_i2c_ex.o
 .debug_ranges  0x00000000000008a0      0x128 ./Drivers/STM32F3xx_HAL_Driver/Src/stm32f3xx_hal_pcd.o
 .debug_ranges  0x00000000000009c8       0x78 ./Drivers/STM32F3xx_HAL_Driver/Src/stm32f3xx_hal_rcc.o
 .debug_ranges  0x0000000000000a40       0x28 ./Drivers/STM32F3xx_HAL_Driver/Src/stm32f3xx_hal_rcc_ex.o
 .debug_ranges  0x0000000000000a68      0x1c8 ./Drivers/STM32F3xx_HAL_Driver/Src/stm32f3xx_hal_spi.o
 .debug_ranges  0x0000000000000c30      0x3d0 ./Drivers/STM32F3xx_HAL_Driver/Src/stm32f3xx_hal_tim.o
 .debug_ranges  0x0000000000001000      0x168 ./Drivers/STM32F3xx_HAL_Driver/Src/stm32f3xx_hal_tim_ex.o
 .debug_ranges  0x0000000000001168       0xa0 ./Drivers/STM32F3xx_HAL_Driver/Src/stm32f3xx_ll_usb.o

.debug_macro    0x0000000000000000    0x20319
 .debug_macro   0x0000000000000000      0x215 ./Core/Src/gpio.o
 .debug_macro   0x0000000000000215      0xa78 ./Core/Src/gpio.o
 .debug_macro   0x0000000000000c8d      0x15d ./Core/Src/gpio.o
 .debug_macro   0x0000000000000dea       0x2e ./Core/Src/gpio.o
 .debug_macro   0x0000000000000e18       0x28 ./Core/Src/gpio.o
 .debug_macro   0x0000000000000e40       0x22 ./Core/Src/gpio.o
 .debug_macro   0x0000000000000e62       0x8e ./Core/Src/gpio.o
 .debug_macro   0x0000000000000ef0       0x51 ./Core/Src/gpio.o
 .debug_macro   0x0000000000000f41      0x103 ./Core/Src/gpio.o
 .debug_macro   0x0000000000001044       0x6a ./Core/Src/gpio.o
 .debug_macro   0x00000000000010ae      0x1df ./Core/Src/gpio.o
 .debug_macro   0x000000000000128d       0x1c ./Core/Src/gpio.o
 .debug_macro   0x00000000000012a9       0x22 ./Core/Src/gpio.o
 .debug_macro   0x00000000000012cb       0xd9 ./Core/Src/gpio.o
 .debug_macro   0x00000000000013a4     0x102d ./Core/Src/gpio.o
 .debug_macro   0x00000000000023d1      0x11f ./Core/Src/gpio.o
 .debug_macro   0x00000000000024f0    0x12a3a ./Core/Src/gpio.o
 .debug_macro   0x0000000000014f2a       0x6d ./Core/Src/gpio.o
 .debug_macro   0x0000000000014f97     0x3540 ./Core/Src/gpio.o
 .debug_macro   0x00000000000184d7      0x174 ./Core/Src/gpio.o
 .debug_macro   0x000000000001864b       0x55 ./Core/Src/gpio.o
 .debug_macro   0x00000000000186a0      0x962 ./Core/Src/gpio.o
 .debug_macro   0x0000000000019002      0x5fe ./Core/Src/gpio.o
 .debug_macro   0x0000000000019600      0x1b6 ./Core/Src/gpio.o
 .debug_macro   0x00000000000197b6      0x1fb ./Core/Src/gpio.o
 .debug_macro   0x00000000000199b1      0x1dc ./Core/Src/gpio.o
 .debug_macro   0x0000000000019b8d      0x1bc ./Core/Src/gpio.o
 .debug_macro   0x0000000000019d49       0x30 ./Core/Src/gpio.o
 .debug_macro   0x0000000000019d79       0x3c ./Core/Src/gpio.o
 .debug_macro   0x0000000000019db5      0x236 ./Core/Src/gpio.o
 .debug_macro   0x0000000000019feb       0xc5 ./Core/Src/gpio.o
 .debug_macro   0x000000000001a0b0      0x21d ./Core/Src/gpio.o
 .debug_macro   0x000000000001a2cd      0x22c ./Core/Src/gpio.o
 .debug_macro   0x000000000001a4f9       0x5b ./Core/Src/gpio.o
 .debug_macro   0x000000000001a554       0xa5 ./Core/Src/gpio.o
 .debug_macro   0x000000000001a5f9       0x65 ./Core/Src/gpio.o
 .debug_macro   0x000000000001a65e      0x249 ./Core/Src/gpio.o
 .debug_macro   0x000000000001a8a7       0x81 ./Core/Src/gpio.o
 .debug_macro   0x000000000001a928       0xd3 ./Core/Src/gpio.o
 .debug_macro   0x000000000001a9fb      0x2fe ./Core/Src/gpio.o
 .debug_macro   0x000000000001acf9      0xa3d ./Core/Src/gpio.o
 .debug_macro   0x000000000001b736       0x89 ./Core/Src/gpio.o
 .debug_macro   0x000000000001b7bf      0x275 ./Core/Src/gpio.o
 .debug_macro   0x000000000001ba34      0x1b1 ./Core/Src/gpio.o
 .debug_macro   0x000000000001bbe5      0x215 ./Core/Src/i2c.o
 .debug_macro   0x000000000001bdfa      0x410 ./Core/Src/lcd5110.o
 .debug_macro   0x000000000001c20a       0x22 ./Core/Src/lcd5110.o
 .debug_macro   0x000000000001c22c       0x28 ./Core/Src/lcd5110.o
 .debug_macro   0x000000000001c254       0x52 ./Core/Src/lcd5110.o
 .debug_macro   0x000000000001c2a6      0x341 ./Core/Src/lcd5110.o
 .debug_macro   0x000000000001c5e7       0x7c ./Core/Src/lcd5110.o
 .debug_macro   0x000000000001c663       0x17 ./Core/Src/lcd5110.o
 .debug_macro   0x000000000001c67a      0x118 ./Core/Src/lcd5110.o
 .debug_macro   0x000000000001c792       0x1e ./Core/Src/lcd5110.o
 .debug_macro   0x000000000001c7b0       0x3c ./Core/Src/lcd5110.o
 .debug_macro   0x000000000001c7ec       0x34 ./Core/Src/lcd5110.o
 .debug_macro   0x000000000001c820       0x16 ./Core/Src/lcd5110.o
 .debug_macro   0x000000000001c836       0x43 ./Core/Src/lcd5110.o
 .debug_macro   0x000000000001c879       0x34 ./Core/Src/lcd5110.o
 .debug_macro   0x000000000001c8ad       0x10 ./Core/Src/lcd5110.o
 .debug_macro   0x000000000001c8bd       0x58 ./Core/Src/lcd5110.o
 .debug_macro   0x000000000001c915       0x71 ./Core/Src/lcd5110.o
 .debug_macro   0x000000000001c986       0x1c ./Core/Src/lcd5110.o
 .debug_macro   0x000000000001c9a2      0x12a ./Core/Src/lcd5110.o
 .debug_macro   0x000000000001cacc      0x19b ./Core/Src/lcd5110.o
 .debug_macro   0x000000000001cc67      0x119 ./Core/Src/lcd5110.o
 .debug_macro   0x000000000001cd80       0x58 ./Core/Src/lcd5110.o
 .debug_macro   0x000000000001cdd8       0x1c ./Core/Src/lcd5110.o
 .debug_macro   0x000000000001cdf4       0x35 ./Core/Src/lcd5110.o
 .debug_macro   0x000000000001ce29       0x10 ./Core/Src/lcd5110.o
 .debug_macro   0x000000000001ce39       0x1c ./Core/Src/lcd5110.o
 .debug_macro   0x000000000001ce55       0x52 ./Core/Src/lcd5110.o
 .debug_macro   0x000000000001cea7       0x22 ./Core/Src/lcd5110.o
 .debug_macro   0x000000000001cec9       0x10 ./Core/Src/lcd5110.o
 .debug_macro   0x000000000001ced9       0x52 ./Core/Src/lcd5110.o
 .debug_macro   0x000000000001cf2b       0xd5 ./Core/Src/lcd5110.o
 .debug_macro   0x000000000001d000       0x1c ./Core/Src/lcd5110.o
 .debug_macro   0x000000000001d01c       0x3d ./Core/Src/lcd5110.o
 .debug_macro   0x000000000001d059       0x16 ./Core/Src/lcd5110.o
 .debug_macro   0x000000000001d06f      0x145 ./Core/Src/lcd5110.o
 .debug_macro   0x000000000001d1b4      0x241 ./Core/Src/lcd5110_hal.o
 .debug_macro   0x000000000001d3f5      0x3fb ./Core/Src/lcd5110_ll.o
 .debug_macro   0x000000000001d7f0       0x16 ./Core/Src/lcd5110_ll.o
 .debug_macro   0x000000000001d806       0x10 ./Core/Src/lcd5110_ll.o
 .debug_macro   0x000000000001d816      0x275 ./Core/Src/main.o
 .debug_macro   0x000000000001da8b      0x215 ./Core/Src/spi.o
 .debug_macro   0x000000000001dca0      0x20b ./Core/Src/stm32f3xx_hal_msp.o
 .debug_macro   0x000000000001deab      0x215 ./Core/Src/stm32f3xx_it.o
 .debug_macro   0x000000000001e0c0       0xff ./Core/Src/sysmem.o
 .debug_macro   0x000000000001e1bf      0x23b ./Core/Src/sysmem.o
 .debug_macro   0x000000000001e3fa      0x1fc ./Core/Src/system_stm32f3xx.o
 .debug_macro   0x000000000001e5f6      0x215 ./Core/Src/tim.o
 .debug_macro   0x000000000001e80b      0x215 ./Core/Src/usb.o
 .debug_macro   0x000000000001ea20      0x220 ./Drivers/STM32F3xx_HAL_Driver/Src/stm32f3xx_hal.o
 .debug_macro   0x000000000001ec40      0x1fc ./Drivers/STM32F3xx_HAL_Driver/Src/stm32f3xx_hal_cortex.o
 .debug_macro   0x000000000001ee3c      0x203 ./Drivers/STM32F3xx_HAL_Driver/Src/stm32f3xx_hal_gpio.o
 .debug_macro   0x000000000001f03f      0x2c1 ./Drivers/STM32F3xx_HAL_Driver/Src/stm32f3xx_hal_i2c.o
 .debug_macro   0x000000000001f300      0x1fc ./Drivers/STM32F3xx_HAL_Driver/Src/stm32f3xx_hal_i2c_ex.o
 .debug_macro   0x000000000001f4fc      0x208 ./Drivers/STM32F3xx_HAL_Driver/Src/stm32f3xx_hal_pcd.o
 .debug_macro   0x000000000001f704      0x220 ./Drivers/STM32F3xx_HAL_Driver/Src/stm32f3xx_hal_rcc.o
 .debug_macro   0x000000000001f924      0x1fc ./Drivers/STM32F3xx_HAL_Driver/Src/stm32f3xx_hal_rcc_ex.o
 .debug_macro   0x000000000001fb20      0x204 ./Drivers/STM32F3xx_HAL_Driver/Src/stm32f3xx_hal_spi.o
 .debug_macro   0x000000000001fd24      0x1fd ./Drivers/STM32F3xx_HAL_Driver/Src/stm32f3xx_hal_tim.o
 .debug_macro   0x000000000001ff21      0x1fc ./Drivers/STM32F3xx_HAL_Driver/Src/stm32f3xx_hal_tim_ex.o
 .debug_macro   0x000000000002011d      0x1fc ./Drivers/STM32F3xx_HAL_Driver/Src/stm32f3xx_ll_usb.o

.debug_line     0x0000000000000000    0x18da4
 .debug_line    0x0000000000000000      0x775 ./Core/Src/gpio.o
 .debug_line    0x0000000000000775      0x7b0 ./Core/Src/i2c.o
 .debug_line    0x0000000000000f25     0x117b ./Core/Src/lcd5110.o
 .debug_line    0x00000000000020a0      0x9c3 ./Core/Src/lcd5110_hal.o
 .debug_line    0x0000000000002a63      0xbc5 ./Core/Src/lcd5110_ll.o
 .debug_line    0x0000000000003628      0x9ee ./Core/Src/main.o
 .debug_line    0x0000000000004016      0x83a ./Core/Src/spi.o
 .debug_line    0x0000000000004850      0x734 ./Core/Src/stm32f3xx_hal_msp.o
 .debug_line    0x0000000000004f84      0x886 ./Core/Src/stm32f3xx_it.o
 .debug_line    0x000000000000580a      0x4f4 ./Core/Src/sysmem.o
 .debug_line    0x0000000000005cfe      0x7aa ./Core/Src/system_stm32f3xx.o
 .debug_line    0x00000000000064a8      0x7ae ./Core/Src/tim.o
 .debug_line    0x0000000000006c56      0x793 ./Core/Src/usb.o
 .debug_line    0x00000000000073e9       0x88 ./Core/Startup/startup_stm32f303vctx.o
 .debug_line    0x0000000000007471      0x9df ./Drivers/STM32F3xx_HAL_Driver/Src/stm32f3xx_hal.o
 .debug_line    0x0000000000007e50      0xca4 ./Drivers/STM32F3xx_HAL_Driver/Src/stm32f3xx_hal_cortex.o
 .debug_line    0x0000000000008af4      0xb40 ./Drivers/STM32F3xx_HAL_Driver/Src/stm32f3xx_hal_gpio.o
 .debug_line    0x0000000000009634     0x32ee ./Drivers/STM32F3xx_HAL_Driver/Src/stm32f3xx_hal_i2c.o
 .debug_line    0x000000000000c922      0x951 ./Drivers/STM32F3xx_HAL_Driver/Src/stm32f3xx_hal_i2c_ex.o
 .debug_line    0x000000000000d273     0x1310 ./Drivers/STM32F3xx_HAL_Driver/Src/stm32f3xx_hal_pcd.o
 .debug_line    0x000000000000e583     0x13bc ./Drivers/STM32F3xx_HAL_Driver/Src/stm32f3xx_hal_rcc.o
 .debug_line    0x000000000000f93f      0xd49 ./Drivers/STM32F3xx_HAL_Driver/Src/stm32f3xx_hal_rcc_ex.o
 .debug_line    0x0000000000010688     0x1f9c ./Drivers/STM32F3xx_HAL_Driver/Src/stm32f3xx_hal_spi.o
 .debug_line    0x0000000000012624     0x3d2d ./Drivers/STM32F3xx_HAL_Driver/Src/stm32f3xx_hal_tim.o
 .debug_line    0x0000000000016351     0x1ac0 ./Drivers/STM32F3xx_HAL_Driver/Src/stm32f3xx_hal_tim_ex.o
 .debug_line    0x0000000000017e11      0xf93 ./Drivers/STM32F3xx_HAL_Driver/Src/stm32f3xx_ll_usb.o

.debug_str      0x0000000000000000    0xbb041
 .debug_str     0x0000000000000000    0xb0279 ./Core/Src/gpio.o
                                      0xb0a48 (size before relaxing)
 .debug_str     0x00000000000b0279      0x49f ./Core/Src/i2c.o
                                      0xb0af5 (size before relaxing)
 .debug_str     0x00000000000b0718     0x5971 ./Core/Src/lcd5110.o
                                      0xb6183 (size before relaxing)
 .debug_str     0x00000000000b6089       0x8c ./Core/Src/lcd5110_hal.o
                                      0xb0afa (size before relaxing)
 .debug_str     0x00000000000b6115      0x495 ./Core/Src/lcd5110_ll.o
                                      0xb4cc5 (size before relaxing)
 .debug_str     0x00000000000b65aa      0x6d6 ./Core/Src/main.o
                                      0xb139e (size before relaxing)
 .debug_str     0x00000000000b6c80       0x51 ./Core/Src/spi.o
                                      0xb0a29 (size before relaxing)
 .debug_str     0x00000000000b6cd1       0x49 ./Core/Src/stm32f3xx_hal_msp.o
                                      0xb0536 (size before relaxing)
 .debug_str     0x00000000000b6d1a      0x11d ./Core/Src/stm32f3xx_it.o
                                      0xb0b24 (size before relaxing)
 .debug_str     0x00000000000b6e37      0x4da ./Core/Src/sysmem.o
                                       0x5db0 (size before relaxing)
 .debug_str     0x00000000000b7311       0xe9 ./Core/Src/system_stm32f3xx.o
                                      0xaff4b (size before relaxing)
 .debug_str     0x00000000000b73fa      0x165 ./Core/Src/tim.o
                                      0xb101c (size before relaxing)
 .debug_str     0x00000000000b755f      0x348 ./Core/Src/usb.o
                                      0xb09b0 (size before relaxing)
 .debug_str     0x00000000000b78a7       0x36 ./Core/Startup/startup_stm32f303vctx.o
                                         0x72 (size before relaxing)
 .debug_str     0x00000000000b78dd      0x37a ./Drivers/STM32F3xx_HAL_Driver/Src/stm32f3xx_hal.o
                                      0xb0789 (size before relaxing)
 .debug_str     0x00000000000b7c57      0x327 ./Drivers/STM32F3xx_HAL_Driver/Src/stm32f3xx_hal_cortex.o
                                      0xb07db (size before relaxing)
 .debug_str     0x00000000000b7f7e       0xe1 ./Drivers/STM32F3xx_HAL_Driver/Src/stm32f3xx_hal_gpio.o
                                      0xb00b8 (size before relaxing)
 .debug_str     0x00000000000b805f      0xddc ./Drivers/STM32F3xx_HAL_Driver/Src/stm32f3xx_hal_i2c.o
                                      0xb11b4 (size before relaxing)
 .debug_str     0x00000000000b8e3b       0xb8 ./Drivers/STM32F3xx_HAL_Driver/Src/stm32f3xx_hal_i2c_ex.o
                                      0xb0456 (size before relaxing)
 .debug_str     0x00000000000b8ef3      0x4dd ./Drivers/STM32F3xx_HAL_Driver/Src/stm32f3xx_hal_pcd.o
                                      0xb074d (size before relaxing)
 .debug_str     0x00000000000b93d0      0x2c6 ./Drivers/STM32F3xx_HAL_Driver/Src/stm32f3xx_hal_rcc.o
                                      0xb03eb (size before relaxing)
 .debug_str     0x00000000000b9696       0xbe ./Drivers/STM32F3xx_HAL_Driver/Src/stm32f3xx_hal_rcc_ex.o
                                      0xb01af (size before relaxing)
 .debug_str     0x00000000000b9754      0x56f ./Drivers/STM32F3xx_HAL_Driver/Src/stm32f3xx_hal_spi.o
                                      0xb0871 (size before relaxing)
 .debug_str     0x00000000000b9cc3      0xdd0 ./Drivers/STM32F3xx_HAL_Driver/Src/stm32f3xx_hal_tim.o
                                      0xb1372 (size before relaxing)
 .debug_str     0x00000000000baa93      0x4dc ./Drivers/STM32F3xx_HAL_Driver/Src/stm32f3xx_hal_tim_ex.o
                                      0xb0bc8 (size before relaxing)
 .debug_str     0x00000000000baf6f       0xd2 ./Drivers/STM32F3xx_HAL_Driver/Src/stm32f3xx_ll_usb.o
                                      0xb02b1 (size before relaxing)

.comment        0x0000000000000000       0x50
 .comment       0x0000000000000000       0x50 ./Core/Src/gpio.o
                                         0x51 (size before relaxing)
 .comment       0x0000000000000050       0x51 ./Core/Src/i2c.o
 .comment       0x0000000000000050       0x51 ./Core/Src/lcd5110.o
 .comment       0x0000000000000050       0x51 ./Core/Src/lcd5110_hal.o
 .comment       0x0000000000000050       0x51 ./Core/Src/lcd5110_ll.o
 .comment       0x0000000000000050       0x51 ./Core/Src/main.o
 .comment       0x0000000000000050       0x51 ./Core/Src/spi.o
 .comment       0x0000000000000050       0x51 ./Core/Src/stm32f3xx_hal_msp.o
 .comment       0x0000000000000050       0x51 ./Core/Src/stm32f3xx_it.o
 .comment       0x0000000000000050       0x51 ./Core/Src/sysmem.o
 .comment       0x0000000000000050       0x51 ./Core/Src/system_stm32f3xx.o
 .comment       0x0000000000000050       0x51 ./Core/Src/tim.o
 .comment       0x0000000000000050       0x51 ./Core/Src/usb.o
 .comment       0x0000000000000050       0x51 ./Drivers/STM32F3xx_HAL_Driver/Src/stm32f3xx_hal.o
 .comment       0x0000000000000050       0x51 ./Drivers/STM32F3xx_HAL_Driver/Src/stm32f3xx_hal_cortex.o
 .comment       0x0000000000000050       0x51 ./Drivers/STM32F3xx_HAL_Driver/Src/stm32f3xx_hal_gpio.o
 .comment       0x0000000000000050       0x51 ./Drivers/STM32F3xx_HAL_Driver/Src/stm32f3xx_hal_i2c.o
 .comment       0x0000000000000050       0x51 ./Drivers/STM32F3xx_HAL_Driver/Src/stm32f3xx_hal_i2c_ex.o
 .comment       0x0000000000000050       0x51 ./Drivers/STM32F3xx_HAL_Driver/Src/stm32f3xx_hal_pcd.o
 .comment       0x0000000000000050       0x51 ./Drivers/STM32F3xx_HAL_Driver/Src/stm32f3xx_hal_rcc.o
 .comment       0x0000000000000050       0x51 ./Drivers/STM32F3xx_HAL_Driver/Src/stm32f3xx_hal_rcc_ex.o
 .comment       0x0000000000000050       0x51 ./Drivers/STM32F3xx_HAL_Driver/Src/stm32f3xx_hal_spi.o
 .comment       0x0000000000000050       0x51 ./Drivers/STM32F3xx_HAL_Driver/Src/stm32f3xx_hal_tim.o
 .comment       0x0000000000000050       0x51 ./Drivers/STM32F3xx_HAL_Driver/Src/stm32f3xx_hal_tim_ex.o
 .comment       0x0000000000000050       0x51 ./Drivers/STM32F3xx_HAL_Driver/Src/stm32f3xx_ll_usb.o

.debug_frame    0x0000000000000000     0x55c8
 .debug_frame   0x0000000000000000       0x34 ./Core/Src/gpio.o
 .debug_frame   0x0000000000000034       0x74 ./Core/Src/i2c.o
 .debug_frame   0x00000000000000a8      0x508 ./Core/Src/lcd5110.o
 .debug_frame   0x00000000000005b0      0x160 ./Core/Src/lcd5110_hal.o
 .debug_frame   0x0000000000000710      0x308 ./Core/Src/lcd5110_ll.o
 .debug_frame   0x0000000000000a18      0x130 ./Core/Src/main.o
 .debug_frame   0x0000000000000b48       0x90 ./Core/Src/spi.o
 .debug_frame   0x0000000000000bd8       0x34 ./Core/Src/stm32f3xx_hal_msp.o
 .debug_frame   0x0000000000000c0c      0x1ac ./Core/Src/stm32f3xx_it.o
 .debug_frame   0x0000000000000db8       0x34 ./Core/Src/sysmem.o
 .debug_frame   0x0000000000000dec       0x58 ./Core/Src/system_stm32f3xx.o
 .debug_frame   0x0000000000000e44       0x7c ./Core/Src/tim.o
 .debug_frame   0x0000000000000ec0       0x74 ./Core/Src/usb.o
 .debug_frame   0x0000000000000f34      0x334 ./Drivers/STM32F3xx_HAL_Driver/Src/stm32f3xx_hal.o
 .debug_frame   0x0000000000001268      0x498 ./Drivers/STM32F3xx_HAL_Driver/Src/stm32f3xx_hal_cortex.o
 .debug_frame   0x0000000000001700      0x14c ./Drivers/STM32F3xx_HAL_Driver/Src/stm32f3xx_hal_gpio.o
 .debug_frame   0x000000000000184c      0xbe8 ./Drivers/STM32F3xx_HAL_Driver/Src/stm32f3xx_hal_i2c.o
 .debug_frame   0x0000000000002434      0x100 ./Drivers/STM32F3xx_HAL_Driver/Src/stm32f3xx_hal_i2c_ex.o
 .debug_frame   0x0000000000002534      0x578 ./Drivers/STM32F3xx_HAL_Driver/Src/stm32f3xx_hal_pcd.o
 .debug_frame   0x0000000000002aac      0x214 ./Drivers/STM32F3xx_HAL_Driver/Src/stm32f3xx_hal_rcc.o
 .debug_frame   0x0000000000002cc0       0xb4 ./Drivers/STM32F3xx_HAL_Driver/Src/stm32f3xx_hal_rcc_ex.o
 .debug_frame   0x0000000000002d74      0x860 ./Drivers/STM32F3xx_HAL_Driver/Src/stm32f3xx_hal_spi.o
 .debug_frame   0x00000000000035d4     0x121c ./Drivers/STM32F3xx_HAL_Driver/Src/stm32f3xx_hal_tim.o
 .debug_frame   0x00000000000047f0      0x688 ./Drivers/STM32F3xx_HAL_Driver/Src/stm32f3xx_hal_tim_ex.o
 .debug_frame   0x0000000000004e78      0x310 ./Drivers/STM32F3xx_HAL_Driver/Src/stm32f3xx_ll_usb.o
 .debug_frame   0x0000000000005188       0x20 c:/st/stm32cubeide_1.11.0/stm32cubeide/plugins/com.st.stm32cube.ide.mcu.externaltools.gnu-tools-for-stm32.10.3-2021.10.win32_1.0.100.202210260954/tools/bin/../lib/gcc/arm-none-eabi/10.3.1/../../../../arm-none-eabi/lib/thumb/v7e-m+fp/hard\libc_nano.a(lib_a-errno.o)
 .debug_frame   0x00000000000051a8       0x2c c:/st/stm32cubeide_1.11.0/stm32cubeide/plugins/com.st.stm32cube.ide.mcu.externaltools.gnu-tools-for-stm32.10.3-2021.10.win32_1.0.100.202210260954/tools/bin/../lib/gcc/arm-none-eabi/10.3.1/../../../../arm-none-eabi/lib/thumb/v7e-m+fp/hard\libc_nano.a(lib_a-init.o)
 .debug_frame   0x00000000000051d4       0x20 c:/st/stm32cubeide_1.11.0/stm32cubeide/plugins/com.st.stm32cube.ide.mcu.externaltools.gnu-tools-for-stm32.10.3-2021.10.win32_1.0.100.202210260954/tools/bin/../lib/gcc/arm-none-eabi/10.3.1/../../../../arm-none-eabi/lib/thumb/v7e-m+fp/hard\libc_nano.a(lib_a-memset.o)
 .debug_frame   0x00000000000051f4       0x4c c:/st/stm32cubeide_1.11.0/stm32cubeide/plugins/com.st.stm32cube.ide.mcu.externaltools.gnu-tools-for-stm32.10.3-2021.10.win32_1.0.100.202210260954/tools/bin/../lib/gcc/arm-none-eabi/10.3.1/../../../../arm-none-eabi/lib/thumb/v7e-m+fp/hard\libc_nano.a(lib_a-vsnprintf.o)
 .debug_frame   0x0000000000005240       0x90 c:/st/stm32cubeide_1.11.0/stm32cubeide/plugins/com.st.stm32cube.ide.mcu.externaltools.gnu-tools-for-stm32.10.3-2021.10.win32_1.0.100.202210260954/tools/bin/../lib/gcc/arm-none-eabi/10.3.1/../../../../arm-none-eabi/lib/thumb/v7e-m+fp/hard\libc_nano.a(lib_a-nano-svfprintf.o)
 .debug_frame   0x00000000000052d0       0x60 c:/st/stm32cubeide_1.11.0/stm32cubeide/plugins/com.st.stm32cube.ide.mcu.externaltools.gnu-tools-for-stm32.10.3-2021.10.win32_1.0.100.202210260954/tools/bin/../lib/gcc/arm-none-eabi/10.3.1/../../../../arm-none-eabi/lib/thumb/v7e-m+fp/hard\libc_nano.a(lib_a-nano-vfprintf_i.o)
 .debug_frame   0x0000000000005330       0x28 c:/st/stm32cubeide_1.11.0/stm32cubeide/plugins/com.st.stm32cube.ide.mcu.externaltools.gnu-tools-for-stm32.10.3-2021.10.win32_1.0.100.202210260954/tools/bin/../lib/gcc/arm-none-eabi/10.3.1/../../../../arm-none-eabi/lib/thumb/v7e-m+fp/hard\libc_nano.a(lib_a-memcpy-stub.o)
 .debug_frame   0x0000000000005358       0x28 c:/st/stm32cubeide_1.11.0/stm32cubeide/plugins/com.st.stm32cube.ide.mcu.externaltools.gnu-tools-for-stm32.10.3-2021.10.win32_1.0.100.202210260954/tools/bin/../lib/gcc/arm-none-eabi/10.3.1/../../../../arm-none-eabi/lib/thumb/v7e-m+fp/hard\libc_nano.a(lib_a-memmove.o)
 .debug_frame   0x0000000000005380       0x38 c:/st/stm32cubeide_1.11.0/stm32cubeide/plugins/com.st.stm32cube.ide.mcu.externaltools.gnu-tools-for-stm32.10.3-2021.10.win32_1.0.100.202210260954/tools/bin/../lib/gcc/arm-none-eabi/10.3.1/../../../../arm-none-eabi/lib/thumb/v7e-m+fp/hard\libc_nano.a(lib_a-nano-freer.o)
 .debug_frame   0x00000000000053b8       0x4c c:/st/stm32cubeide_1.11.0/stm32cubeide/plugins/com.st.stm32cube.ide.mcu.externaltools.gnu-tools-for-stm32.10.3-2021.10.win32_1.0.100.202210260954/tools/bin/../lib/gcc/arm-none-eabi/10.3.1/../../../../arm-none-eabi/lib/thumb/v7e-m+fp/hard\libc_nano.a(lib_a-nano-mallocr.o)