../Middlewares/Third_Party/EdgeImpulse_POC-APPSC_MachineLearning/edgeimpulse/edge-impulse-sdk/dsp/dct/../numpy_types.h:117:5:ei::ei_matrix::~ei_matrix()	8	static
../Middlewares/Third_Party/EdgeImpulse_POC-APPSC_MachineLearning/edgeimpulse/edge-impulse-sdk/dsp/dct/../numpy_types.h:492:32:void std::__throw_bad_function_call()	0	static
../Middlewares/Third_Party/EdgeImpulse_POC-APPSC_MachineLearning/edgeimpulse/edge-impulse-sdk/dsp/dct/../numpy_types.h:493:32:void std::__throw_length_error(const char*)	0	static
../Middlewares/Third_Party/EdgeImpulse_POC-APPSC_MachineLearning/edgeimpulse/edge-impulse-sdk/dsp/dct/../numpy.hpp:1284:16:static int ei::numpy::rfft(const float*, size_t, ei::fft_complex_t*, size_t, size_t)	96	static
../Middlewares/Third_Party/EdgeImpulse_POC-APPSC_MachineLearning/edgeimpulse/edge-impulse-sdk/dsp/dct/fast-dct-fft.cpp:31:5:int ei::dct::transform(float*, size_t)	80	static
